#
# There is insufficient memory for the Java Runtime Environment to continue.
# Native memory allocation (malloc) failed to allocate 946576 bytes. Error detail: Chunk::new
# Possible reasons:
#   The system is out of physical RAM or swap space
#   This process is running with CompressedOops enabled, and the Java Heap may be blocking the growth of the native heap
# Possible solutions:
#   Reduce memory load on the system
#   Increase physical memory or swap space
#   Check if swap backing store is full
#   Decrease Java heap size (-Xmx/-Xms)
#   Decrease number of Java threads
#   Decrease Java thread stack sizes (-Xss)
#   Set larger code cache with -XX:ReservedCodeCacheSize=
#   JVM is running with Unscaled Compressed Oops mode in which the Java heap is
#     placed in the first 4GB address space. The Java Heap base address is the
#     maximum limit for the native heap growth. Please use -XX:HeapBaseMinAddress
#     to set the Java Heap base and to place the Java Heap above 4GB virtual address.
# This output file may be truncated or incomplete.
#
#  Out of Memory Error (arena.cpp:168), pid=11504, tid=20908
#
# JRE version: OpenJDK Runtime Environment Microsoft-12574459 (21.0.9+10) (build 21.0.9+10-LTS)
# Java VM: OpenJDK 64-Bit Server VM Microsoft-12574459 (21.0.9+10-LTS, mixed mode, sharing, tiered, compressed oops, compressed class ptrs, g1 gc, windows-amd64)
# No core dump will be written. Minidumps are not enabled by default on client versions of Windows
#

---------------  S U M M A R Y ------------

Command Line: -Dorg.gradle.internal.worker.tmpdir=C:\Users\akaza\IdeaProjects\my_diet\build\tmp\test\work -Xmx512m -Dfile.encoding=UTF-8 -Duser.country=RU -Duser.language=ru -Duser.variant -ea worker.org.gradle.process.internal.worker.GradleWorkerMain 'Gradle Test Executor 5'

Host: AMD Ryzen 7 5800H with Radeon Graphics         , 16 cores, 15G,  Windows 10 , 64 bit Build 19041 (10.0.19041.5915)
Time: Tue Jul  7 22:45:56 2026 elapsed time: 0.873223 seconds (0d 0h 0m 0s)

---------------  T H R E A D  ---------------

Current thread (0x0000022517811f90):  JavaThread "C2 CompilerThread2" daemon [_thread_in_native, id=20908, stack(0x000000de6a800000,0x000000de6a900000) (1024K)]


Current CompileTask:
C2:873 2061       4       java.lang.invoke.MethodType::methodType (69 bytes)

Stack: [0x000000de6a800000,0x000000de6a900000]
Native frames: (J=compiled Java code, j=interpreted, Vv=VM code, C=native code)
V  [jvm.dll+0x6df259]  (no source info available)
V  [jvm.dll+0x8bfe4b]  (no source info available)
V  [jvm.dll+0x8c23da]  (no source info available)
V  [jvm.dll+0x8c2ab3]  (no source info available)
V  [jvm.dll+0x28a416]  (no source info available)
V  [jvm.dll+0xc903d]  (no source info available)
V  [jvm.dll+0xc958c]  (no source info available)
V  [jvm.dll+0x30149e]  (no source info available)
V  [jvm.dll+0x608da7]  (no source info available)
V  [jvm.dll+0x25b3d7]  (no source info available)
V  [jvm.dll+0x253adc]  (no source info available)
V  [jvm.dll+0x2515b1]  (no source info available)
V  [jvm.dll+0x1d18cf]  (no source info available)
V  [jvm.dll+0x26138a]  (no source info available)
V  [jvm.dll+0x25f6f5]  (no source info available)
V  [jvm.dll+0x401aad]  (no source info available)
V  [jvm.dll+0x869f7d]  (no source info available)
V  [jvm.dll+0x6e080d]  (no source info available)
C  [ucrtbase.dll+0x21bb2]  (no source info available)
C  [KERNEL32.DLL+0x17374]  (no source info available)
C  [ntdll.dll+0x4cc91]  (no source info available)


---------------  P R O C E S S  ---------------

Threads class SMR info:
_java_thread_list=0x000002255dac79e0, length=19, elements={
0x0000022576b164c0, 0x0000022517661090, 0x0000022517663e60, 0x0000022517666ac0,
0x0000022517669ba0, 0x000002251766c600, 0x000002251766d050, 0x000002251767b330,
0x000002251767bdc0, 0x00000225177ebfd0, 0x00000225177f8ee0, 0x0000022517807100,
0x000002251780f110, 0x00000225178293a0, 0x0000022517811f90, 0x000002255d6e15a0,
0x000002255d795930, 0x000002255d785520, 0x000002255da5c570
}

Java Threads: ( => current thread )
  0x0000022576b164c0 JavaThread "Test worker"                       [_thread_in_Java, id=19224, stack(0x000000de69300000,0x000000de69400000) (1024K)]
  0x0000022517661090 JavaThread "Reference Handler"          daemon [_thread_blocked, id=22720, stack(0x000000de69b00000,0x000000de69c00000) (1024K)]
  0x0000022517663e60 JavaThread "Finalizer"                  daemon [_thread_blocked, id=18648, stack(0x000000de69c00000,0x000000de69d00000) (1024K)]
  0x0000022517666ac0 JavaThread "Signal Dispatcher"          daemon [_thread_blocked, id=14716, stack(0x000000de69d00000,0x000000de69e00000) (1024K)]
  0x0000022517669ba0 JavaThread "Attach Listener"            daemon [_thread_blocked, id=9676, stack(0x000000de69e00000,0x000000de69f00000) (1024K)]
  0x000002251766c600 JavaThread "Service Thread"             daemon [_thread_blocked, id=18448, stack(0x000000de69f00000,0x000000de6a000000) (1024K)]
  0x000002251766d050 JavaThread "Monitor Deflation Thread"   daemon [_thread_blocked, id=21140, stack(0x000000de6a000000,0x000000de6a100000) (1024K)]
  0x000002251767b330 JavaThread "C2 CompilerThread0"         daemon [_thread_in_native, id=19168, stack(0x000000de6a100000,0x000000de6a200000) (1024K)]
  0x000002251767bdc0 JavaThread "C1 CompilerThread0"         daemon [_thread_blocked, id=27168, stack(0x000000de6a200000,0x000000de6a300000) (1024K)]
  0x00000225177ebfd0 JavaThread "C1 CompilerThread1"         daemon [_thread_blocked, id=6892, stack(0x000000de6a300000,0x000000de6a400000) (1024K)]
  0x00000225177f8ee0 JavaThread "C1 CompilerThread2"         daemon [_thread_blocked, id=18732, stack(0x000000de6a400000,0x000000de6a500000) (1024K)]
  0x0000022517807100 JavaThread "Notification Thread"        daemon [_thread_blocked, id=16368, stack(0x000000de6a500000,0x000000de6a600000) (1024K)]
  0x000002251780f110 JavaThread "Common-Cleaner"             daemon [_thread_blocked, id=1936, stack(0x000000de6a600000,0x000000de6a700000) (1024K)]
  0x00000225178293a0 JavaThread "C2 CompilerThread1"         daemon [_thread_in_native, id=9088, stack(0x000000de6a700000,0x000000de6a800000) (1024K)]
=>0x0000022517811f90 JavaThread "C2 CompilerThread2"         daemon [_thread_in_native, id=20908, stack(0x000000de6a800000,0x000000de6a900000) (1024K)]
  0x000002255d6e15a0 JavaThread "C1 CompilerThread3"         daemon [_thread_blocked, id=26464, stack(0x000000de6a900000,0x000000de6aa00000) (1024K)]
  0x000002255d795930 JavaThread "/127.0.0.1:60657 to /127.0.0.1:60656 workers"        [_thread_blocked, id=2656, stack(0x000000de6ab00000,0x000000de6ac00000) (1024K)]
  0x000002255d785520 JavaThread "/127.0.0.1:60657 to /127.0.0.1:60656 workers Thread 2"        [_thread_blocked, id=14688, stack(0x000000de6ac00000,0x000000de6ad00000) (1024K)]
  0x000002255da5c570 JavaThread "/127.0.0.1:60657 to /127.0.0.1:60656 workers Thread 3"        [_thread_in_native, id=17204, stack(0x000000de6ad00000,0x000000de6ae00000) (1024K)]
Total: 19

Other Threads:
  0x000002257d1176b0 VMThread "VM Thread"                           [id=25852, stack(0x000000de69a00000,0x000000de69b00000) (1024K)]
  0x000002257d102c70 WatcherThread "VM Periodic Task Thread"        [id=7724, stack(0x000000de69900000,0x000000de69a00000) (1024K)]
  0x0000022576d84e90 WorkerThread "GC Thread#0"                     [id=18200, stack(0x000000de69400000,0x000000de69500000) (1024K)]
  0x000002257d118c70 WorkerThread "GC Thread#1"                     [id=15236, stack(0x000000de6ae00000,0x000000de6af00000) (1024K)]
  0x000002257d117a50 WorkerThread "GC Thread#2"                     [id=9888, stack(0x000000de6af00000,0x000000de6b000000) (1024K)]
  0x000002257d118530 WorkerThread "GC Thread#3"                     [id=27444, stack(0x000000de6b000000,0x000000de6b100000) (1024K)]
  0x000002257d117df0 WorkerThread "GC Thread#4"                     [id=1496, stack(0x000000de6b100000,0x000000de6b200000) (1024K)]
  0x000002257d1188d0 WorkerThread "GC Thread#5"                     [id=31124, stack(0x000000de6b200000,0x000000de6b300000) (1024K)]
  0x000002257d119010 WorkerThread "GC Thread#6"                     [id=19172, stack(0x000000de6b300000,0x000000de6b400000) (1024K)]
  0x000002255db65c50 WorkerThread "GC Thread#7"                     [id=31108, stack(0x000000de6b400000,0x000000de6b500000) (1024K)]
  0x000002255db687d0 WorkerThread "GC Thread#8"                     [id=15848, stack(0x000000de6b500000,0x000000de6b600000) (1024K)]
  0x000002255db675b0 WorkerThread "GC Thread#9"                     [id=27380, stack(0x000000de6b600000,0x000000de6b700000) (1024K)]
  0x000002255db67cf0 WorkerThread "GC Thread#10"                    [id=27800, stack(0x000000de6b700000,0x000000de6b800000) (1024K)]
  0x000002255db66390 WorkerThread "GC Thread#11"                    [id=26588, stack(0x000000de6b800000,0x000000de6b900000) (1024K)]
  0x000002255db692b0 WorkerThread "GC Thread#12"                    [id=18600, stack(0x000000de6b900000,0x000000de6ba00000) (1024K)]
  0x0000022576d8c440 ConcurrentGCThread "G1 Main Marker"            [id=5720, stack(0x000000de69500000,0x000000de69600000) (1024K)]
  0x0000022576d8d6e0 WorkerThread "G1 Conc#0"                       [id=17668, stack(0x000000de69600000,0x000000de69700000) (1024K)]
  0x000002257cfd29f0 ConcurrentGCThread "G1 Refine#0"               [id=5140, stack(0x000000de69700000,0x000000de69800000) (1024K)]
  0x000002257cfd3210 ConcurrentGCThread "G1 Service"                [id=30144, stack(0x000000de69800000,0x000000de69900000) (1024K)]
Total: 19

Threads with active compile tasks:
C2 CompilerThread0  881 2100   !   4       java.util.concurrent.ConcurrentHashMap::putVal (432 bytes)
C2 CompilerThread1  881 2060       4       java.lang.invoke.MethodType::makeImpl (109 bytes)
C2 CompilerThread2  881 2061       4       java.lang.invoke.MethodType::methodType (69 bytes)
Total: 3

VM state: not at safepoint (normal execution)

VM Mutex/Monitor currently owned by a thread: None

Heap address: 0x00000000e0000000, size: 512 MB, Compressed Oops mode: 32-bit

CDS archive(s) mapped at: [0x0000022518000000-0x0000022518c80000-0x0000022518c80000), size 13107200, SharedBaseAddress: 0x0000022518000000, ArchiveRelocationMode: 1.
Compressed class space mapped at: 0x0000022519000000-0x0000022559000000, reserved size: 1073741824
Narrow klass base: 0x0000022518000000, Narrow klass shift: 0, Narrow klass range: 0x100000000

GC Precious Log:
 CardTable entry size: 512
 Card Set container configuration: InlinePtr #cards 5 size 8 Array Of Cards #cards 12 size 40 Howl #buckets 4 coarsen threshold 1843 Howl Bitmap #cards 512 size 80 coarsen threshold 460 Card regions per heap region 1 cards per card region 2048
 CPUs: 16 total, 16 available
 Memory: 15775M
 Large Page Support: Disabled
 NUMA Support: Disabled
 Compressed Oops: Enabled (32-bit)
 Heap Region Size: 1M
 Heap Min Capacity: 8M
 Heap Initial Capacity: 248M
 Heap Max Capacity: 512M
 Pre-touch: Disabled
 Parallel Workers: 13
 Concurrent Workers: 3
 Concurrent Refinement Workers: 13
 Periodic GC: Disabled

Heap:
 garbage-first heap   total 253952K, used 13274K [0x00000000e0000000, 0x0000000100000000)
  region size 1024K, 4 young (4096K), 2 survivors (2048K)
 Metaspace       used 12269K, committed 12608K, reserved 1114112K
  class space    used 1629K, committed 1792K, reserved 1048576K

Heap Regions: E=young(eden), S=young(survivor), O=old, HS=humongous(starts), HC=humongous(continues), CS=collection set, F=free, TAMS=top-at-mark-start, PB=parsable bottom
|   0|0x00000000e0000000, 0x00000000e0100000, 0x00000000e0100000|100%|HS|  |TAMS 0x00000000e0000000| PB 0x00000000e0000000| Complete 
|   1|0x00000000e0100000, 0x00000000e0200000, 0x00000000e0200000|100%|HS|  |TAMS 0x00000000e0100000| PB 0x00000000e0100000| Complete 
|   2|0x00000000e0200000, 0x00000000e0300000, 0x00000000e0300000|100%| O|  |TAMS 0x00000000e0200000| PB 0x00000000e0200000| Untracked 
|   3|0x00000000e0300000, 0x00000000e0400000, 0x00000000e0400000|100%| O|  |TAMS 0x00000000e0300000| PB 0x00000000e0300000| Untracked 
|   4|0x00000000e0400000, 0x00000000e0500000, 0x00000000e0500000|100%| O|  |TAMS 0x00000000e0400000| PB 0x00000000e0400000| Untracked 
|   5|0x00000000e0500000, 0x00000000e0600000, 0x00000000e0600000|100%| O|  |TAMS 0x00000000e0500000| PB 0x00000000e0500000| Untracked 
|   6|0x00000000e0600000, 0x00000000e0700000, 0x00000000e0700000|100%| O|  |TAMS 0x00000000e0600000| PB 0x00000000e0600000| Untracked 
|   7|0x00000000e0700000, 0x00000000e0800000, 0x00000000e0800000|100%| O|  |TAMS 0x00000000e0700000| PB 0x00000000e0700000| Untracked 
|   8|0x00000000e0800000, 0x00000000e0900000, 0x00000000e0900000|100%| O|  |TAMS 0x00000000e0800000| PB 0x00000000e0800000| Untracked 
|   9|0x00000000e0900000, 0x00000000e09f6ac0, 0x00000000e0a00000| 96%| O|  |TAMS 0x00000000e0900000| PB 0x00000000e0900000| Untracked 
|  10|0x00000000e0a00000, 0x00000000e0a00000, 0x00000000e0b00000|  0%| F|  |TAMS 0x00000000e0a00000| PB 0x00000000e0a00000| Untracked 
|  11|0x00000000e0b00000, 0x00000000e0b00000, 0x00000000e0c00000|  0%| F|  |TAMS 0x00000000e0b00000| PB 0x00000000e0b00000| Untracked 
|  12|0x00000000e0c00000, 0x00000000e0c00000, 0x00000000e0d00000|  0%| F|  |TAMS 0x00000000e0c00000| PB 0x00000000e0c00000| Untracked 
|  13|0x00000000e0d00000, 0x00000000e0d00000, 0x00000000e0e00000|  0%| F|  |TAMS 0x00000000e0d00000| PB 0x00000000e0d00000| Untracked 
|  14|0x00000000e0e00000, 0x00000000e0e00000, 0x00000000e0f00000|  0%| F|  |TAMS 0x00000000e0e00000| PB 0x00000000e0e00000| Untracked 
|  15|0x00000000e0f00000, 0x00000000e0f00000, 0x00000000e1000000|  0%| F|  |TAMS 0x00000000e0f00000| PB 0x00000000e0f00000| Untracked 
|  16|0x00000000e1000000, 0x00000000e1000000, 0x00000000e1100000|  0%| F|  |TAMS 0x00000000e1000000| PB 0x00000000e1000000| Untracked 
|  17|0x00000000e1100000, 0x00000000e1100000, 0x00000000e1200000|  0%| F|  |TAMS 0x00000000e1100000| PB 0x00000000e1100000| Untracked 
|  18|0x00000000e1200000, 0x00000000e1200000, 0x00000000e1300000|  0%| F|  |TAMS 0x00000000e1200000| PB 0x00000000e1200000| Untracked 
|  19|0x00000000e1300000, 0x00000000e1300000, 0x00000000e1400000|  0%| F|  |TAMS 0x00000000e1300000| PB 0x00000000e1300000| Untracked 
|  20|0x00000000e1400000, 0x00000000e1400000, 0x00000000e1500000|  0%| F|  |TAMS 0x00000000e1400000| PB 0x00000000e1400000| Untracked 
|  21|0x00000000e1500000, 0x00000000e1500000, 0x00000000e1600000|  0%| F|  |TAMS 0x00000000e1500000| PB 0x00000000e1500000| Untracked 
|  22|0x00000000e1600000, 0x00000000e1600000, 0x00000000e1700000|  0%| F|  |TAMS 0x00000000e1600000| PB 0x00000000e1600000| Untracked 
|  23|0x00000000e1700000, 0x00000000e1700000, 0x00000000e1800000|  0%| F|  |TAMS 0x00000000e1700000| PB 0x00000000e1700000| Untracked 
|  24|0x00000000e1800000, 0x00000000e1800000, 0x00000000e1900000|  0%| F|  |TAMS 0x00000000e1800000| PB 0x00000000e1800000| Untracked 
|  25|0x00000000e1900000, 0x00000000e1900000, 0x00000000e1a00000|  0%| F|  |TAMS 0x00000000e1900000| PB 0x00000000e1900000| Untracked 
|  26|0x00000000e1a00000, 0x00000000e1a00000, 0x00000000e1b00000|  0%| F|  |TAMS 0x00000000e1a00000| PB 0x00000000e1a00000| Untracked 
|  27|0x00000000e1b00000, 0x00000000e1b00000, 0x00000000e1c00000|  0%| F|  |TAMS 0x00000000e1b00000| PB 0x00000000e1b00000| Untracked 
|  28|0x00000000e1c00000, 0x00000000e1c00000, 0x00000000e1d00000|  0%| F|  |TAMS 0x00000000e1c00000| PB 0x00000000e1c00000| Untracked 
|  29|0x00000000e1d00000, 0x00000000e1d00000, 0x00000000e1e00000|  0%| F|  |TAMS 0x00000000e1d00000| PB 0x00000000e1d00000| Untracked 
|  30|0x00000000e1e00000, 0x00000000e1e00000, 0x00000000e1f00000|  0%| F|  |TAMS 0x00000000e1e00000| PB 0x00000000e1e00000| Untracked 
|  31|0x00000000e1f00000, 0x00000000e1f00000, 0x00000000e2000000|  0%| F|  |TAMS 0x00000000e1f00000| PB 0x00000000e1f00000| Untracked 
|  32|0x00000000e2000000, 0x00000000e2000000, 0x00000000e2100000|  0%| F|  |TAMS 0x00000000e2000000| PB 0x00000000e2000000| Untracked 
|  33|0x00000000e2100000, 0x00000000e2100000, 0x00000000e2200000|  0%| F|  |TAMS 0x00000000e2100000| PB 0x00000000e2100000| Untracked 
|  34|0x00000000e2200000, 0x00000000e2200000, 0x00000000e2300000|  0%| F|  |TAMS 0x00000000e2200000| PB 0x00000000e2200000| Untracked 
|  35|0x00000000e2300000, 0x00000000e2300000, 0x00000000e2400000|  0%| F|  |TAMS 0x00000000e2300000| PB 0x00000000e2300000| Untracked 
|  36|0x00000000e2400000, 0x00000000e2400000, 0x00000000e2500000|  0%| F|  |TAMS 0x00000000e2400000| PB 0x00000000e2400000| Untracked 
|  37|0x00000000e2500000, 0x00000000e2500000, 0x00000000e2600000|  0%| F|  |TAMS 0x00000000e2500000| PB 0x00000000e2500000| Untracked 
|  38|0x00000000e2600000, 0x00000000e2600000, 0x00000000e2700000|  0%| F|  |TAMS 0x00000000e2600000| PB 0x00000000e2600000| Untracked 
|  39|0x00000000e2700000, 0x00000000e2700000, 0x00000000e2800000|  0%| F|  |TAMS 0x00000000e2700000| PB 0x00000000e2700000| Untracked 
|  40|0x00000000e2800000, 0x00000000e2800000, 0x00000000e2900000|  0%| F|  |TAMS 0x00000000e2800000| PB 0x00000000e2800000| Untracked 
|  41|0x00000000e2900000, 0x00000000e2900000, 0x00000000e2a00000|  0%| F|  |TAMS 0x00000000e2900000| PB 0x00000000e2900000| Untracked 
|  42|0x00000000e2a00000, 0x00000000e2a00000, 0x00000000e2b00000|  0%| F|  |TAMS 0x00000000e2a00000| PB 0x00000000e2a00000| Untracked 
|  43|0x00000000e2b00000, 0x00000000e2b00000, 0x00000000e2c00000|  0%| F|  |TAMS 0x00000000e2b00000| PB 0x00000000e2b00000| Untracked 
|  44|0x00000000e2c00000, 0x00000000e2c00000, 0x00000000e2d00000|  0%| F|  |TAMS 0x00000000e2c00000| PB 0x00000000e2c00000| Untracked 
|  45|0x00000000e2d00000, 0x00000000e2d00000, 0x00000000e2e00000|  0%| F|  |TAMS 0x00000000e2d00000| PB 0x00000000e2d00000| Untracked 
|  46|0x00000000e2e00000, 0x00000000e2e00000, 0x00000000e2f00000|  0%| F|  |TAMS 0x00000000e2e00000| PB 0x00000000e2e00000| Untracked 
|  47|0x00000000e2f00000, 0x00000000e2f00000, 0x00000000e3000000|  0%| F|  |TAMS 0x00000000e2f00000| PB 0x00000000e2f00000| Untracked 
|  48|0x00000000e3000000, 0x00000000e3000000, 0x00000000e3100000|  0%| F|  |TAMS 0x00000000e3000000| PB 0x00000000e3000000| Untracked 
|  49|0x00000000e3100000, 0x00000000e3100000, 0x00000000e3200000|  0%| F|  |TAMS 0x00000000e3100000| PB 0x00000000e3100000| Untracked 
|  50|0x00000000e3200000, 0x00000000e3200000, 0x00000000e3300000|  0%| F|  |TAMS 0x00000000e3200000| PB 0x00000000e3200000| Untracked 
|  51|0x00000000e3300000, 0x00000000e3300000, 0x00000000e3400000|  0%| F|  |TAMS 0x00000000e3300000| PB 0x00000000e3300000| Untracked 
|  52|0x00000000e3400000, 0x00000000e3400000, 0x00000000e3500000|  0%| F|  |TAMS 0x00000000e3400000| PB 0x00000000e3400000| Untracked 
|  53|0x00000000e3500000, 0x00000000e3500000, 0x00000000e3600000|  0%| F|  |TAMS 0x00000000e3500000| PB 0x00000000e3500000| Untracked 
|  54|0x00000000e3600000, 0x00000000e3600000, 0x00000000e3700000|  0%| F|  |TAMS 0x00000000e3600000| PB 0x00000000e3600000| Untracked 
|  55|0x00000000e3700000, 0x00000000e3700000, 0x00000000e3800000|  0%| F|  |TAMS 0x00000000e3700000| PB 0x00000000e3700000| Untracked 
|  56|0x00000000e3800000, 0x00000000e3800000, 0x00000000e3900000|  0%| F|  |TAMS 0x00000000e3800000| PB 0x00000000e3800000| Untracked 
|  57|0x00000000e3900000, 0x00000000e3900000, 0x00000000e3a00000|  0%| F|  |TAMS 0x00000000e3900000| PB 0x00000000e3900000| Untracked 
|  58|0x00000000e3a00000, 0x00000000e3a00000, 0x00000000e3b00000|  0%| F|  |TAMS 0x00000000e3a00000| PB 0x00000000e3a00000| Untracked 
|  59|0x00000000e3b00000, 0x00000000e3b00000, 0x00000000e3c00000|  0%| F|  |TAMS 0x00000000e3b00000| PB 0x00000000e3b00000| Untracked 
|  60|0x00000000e3c00000, 0x00000000e3c00000, 0x00000000e3d00000|  0%| F|  |TAMS 0x00000000e3c00000| PB 0x00000000e3c00000| Untracked 
|  61|0x00000000e3d00000, 0x00000000e3d00000, 0x00000000e3e00000|  0%| F|  |TAMS 0x00000000e3d00000| PB 0x00000000e3d00000| Untracked 
|  62|0x00000000e3e00000, 0x00000000e3e00000, 0x00000000e3f00000|  0%| F|  |TAMS 0x00000000e3e00000| PB 0x00000000e3e00000| Untracked 
|  63|0x00000000e3f00000, 0x00000000e3f00000, 0x00000000e4000000|  0%| F|  |TAMS 0x00000000e3f00000| PB 0x00000000e3f00000| Untracked 
|  64|0x00000000e4000000, 0x00000000e4000000, 0x00000000e4100000|  0%| F|  |TAMS 0x00000000e4000000| PB 0x00000000e4000000| Untracked 
|  65|0x00000000e4100000, 0x00000000e4100000, 0x00000000e4200000|  0%| F|  |TAMS 0x00000000e4100000| PB 0x00000000e4100000| Untracked 
|  66|0x00000000e4200000, 0x00000000e4200000, 0x00000000e4300000|  0%| F|  |TAMS 0x00000000e4200000| PB 0x00000000e4200000| Untracked 
|  67|0x00000000e4300000, 0x00000000e4300000, 0x00000000e4400000|  0%| F|  |TAMS 0x00000000e4300000| PB 0x00000000e4300000| Untracked 
|  68|0x00000000e4400000, 0x00000000e4400000, 0x00000000e4500000|  0%| F|  |TAMS 0x00000000e4400000| PB 0x00000000e4400000| Untracked 
|  69|0x00000000e4500000, 0x00000000e4500000, 0x00000000e4600000|  0%| F|  |TAMS 0x00000000e4500000| PB 0x00000000e4500000| Untracked 
|  70|0x00000000e4600000, 0x00000000e4600000, 0x00000000e4700000|  0%| F|  |TAMS 0x00000000e4600000| PB 0x00000000e4600000| Untracked 
|  71|0x00000000e4700000, 0x00000000e4700000, 0x00000000e4800000|  0%| F|  |TAMS 0x00000000e4700000| PB 0x00000000e4700000| Untracked 
|  72|0x00000000e4800000, 0x00000000e4800000, 0x00000000e4900000|  0%| F|  |TAMS 0x00000000e4800000| PB 0x00000000e4800000| Untracked 
|  73|0x00000000e4900000, 0x00000000e4900000, 0x00000000e4a00000|  0%| F|  |TAMS 0x00000000e4900000| PB 0x00000000e4900000| Untracked 
|  74|0x00000000e4a00000, 0x00000000e4a00000, 0x00000000e4b00000|  0%| F|  |TAMS 0x00000000e4a00000| PB 0x00000000e4a00000| Untracked 
|  75|0x00000000e4b00000, 0x00000000e4b00000, 0x00000000e4c00000|  0%| F|  |TAMS 0x00000000e4b00000| PB 0x00000000e4b00000| Untracked 
|  76|0x00000000e4c00000, 0x00000000e4c00000, 0x00000000e4d00000|  0%| F|  |TAMS 0x00000000e4c00000| PB 0x00000000e4c00000| Untracked 
|  77|0x00000000e4d00000, 0x00000000e4d00000, 0x00000000e4e00000|  0%| F|  |TAMS 0x00000000e4d00000| PB 0x00000000e4d00000| Untracked 
|  78|0x00000000e4e00000, 0x00000000e4e00000, 0x00000000e4f00000|  0%| F|  |TAMS 0x00000000e4e00000| PB 0x00000000e4e00000| Untracked 
|  79|0x00000000e4f00000, 0x00000000e4f00000, 0x00000000e5000000|  0%| F|  |TAMS 0x00000000e4f00000| PB 0x00000000e4f00000| Untracked 
|  80|0x00000000e5000000, 0x00000000e5000000, 0x00000000e5100000|  0%| F|  |TAMS 0x00000000e5000000| PB 0x00000000e5000000| Untracked 
|  81|0x00000000e5100000, 0x00000000e5100000, 0x00000000e5200000|  0%| F|  |TAMS 0x00000000e5100000| PB 0x00000000e5100000| Untracked 
|  82|0x00000000e5200000, 0x00000000e5200000, 0x00000000e5300000|  0%| F|  |TAMS 0x00000000e5200000| PB 0x00000000e5200000| Untracked 
|  83|0x00000000e5300000, 0x00000000e5300000, 0x00000000e5400000|  0%| F|  |TAMS 0x00000000e5300000| PB 0x00000000e5300000| Untracked 
|  84|0x00000000e5400000, 0x00000000e5400000, 0x00000000e5500000|  0%| F|  |TAMS 0x00000000e5400000| PB 0x00000000e5400000| Untracked 
|  85|0x00000000e5500000, 0x00000000e5500000, 0x00000000e5600000|  0%| F|  |TAMS 0x00000000e5500000| PB 0x00000000e5500000| Untracked 
|  86|0x00000000e5600000, 0x00000000e5600000, 0x00000000e5700000|  0%| F|  |TAMS 0x00000000e5600000| PB 0x00000000e5600000| Untracked 
|  87|0x00000000e5700000, 0x00000000e5700000, 0x00000000e5800000|  0%| F|  |TAMS 0x00000000e5700000| PB 0x00000000e5700000| Untracked 
|  88|0x00000000e5800000, 0x00000000e5800000, 0x00000000e5900000|  0%| F|  |TAMS 0x00000000e5800000| PB 0x00000000e5800000| Untracked 
|  89|0x00000000e5900000, 0x00000000e5900000, 0x00000000e5a00000|  0%| F|  |TAMS 0x00000000e5900000| PB 0x00000000e5900000| Untracked 
|  90|0x00000000e5a00000, 0x00000000e5a00000, 0x00000000e5b00000|  0%| F|  |TAMS 0x00000000e5a00000| PB 0x00000000e5a00000| Untracked 
|  91|0x00000000e5b00000, 0x00000000e5b00000, 0x00000000e5c00000|  0%| F|  |TAMS 0x00000000e5b00000| PB 0x00000000e5b00000| Untracked 
|  92|0x00000000e5c00000, 0x00000000e5c00000, 0x00000000e5d00000|  0%| F|  |TAMS 0x00000000e5c00000| PB 0x00000000e5c00000| Untracked 
|  93|0x00000000e5d00000, 0x00000000e5d00000, 0x00000000e5e00000|  0%| F|  |TAMS 0x00000000e5d00000| PB 0x00000000e5d00000| Untracked 
|  94|0x00000000e5e00000, 0x00000000e5e00000, 0x00000000e5f00000|  0%| F|  |TAMS 0x00000000e5e00000| PB 0x00000000e5e00000| Untracked 
|  95|0x00000000e5f00000, 0x00000000e5f00000, 0x00000000e6000000|  0%| F|  |TAMS 0x00000000e5f00000| PB 0x00000000e5f00000| Untracked 
|  96|0x00000000e6000000, 0x00000000e6000000, 0x00000000e6100000|  0%| F|  |TAMS 0x00000000e6000000| PB 0x00000000e6000000| Untracked 
|  97|0x00000000e6100000, 0x00000000e6100000, 0x00000000e6200000|  0%| F|  |TAMS 0x00000000e6100000| PB 0x00000000e6100000| Untracked 
|  98|0x00000000e6200000, 0x00000000e6200000, 0x00000000e6300000|  0%| F|  |TAMS 0x00000000e6200000| PB 0x00000000e6200000| Untracked 
|  99|0x00000000e6300000, 0x00000000e6300000, 0x00000000e6400000|  0%| F|  |TAMS 0x00000000e6300000| PB 0x00000000e6300000| Untracked 
| 100|0x00000000e6400000, 0x00000000e6400000, 0x00000000e6500000|  0%| F|  |TAMS 0x00000000e6400000| PB 0x00000000e6400000| Untracked 
| 101|0x00000000e6500000, 0x00000000e6500000, 0x00000000e6600000|  0%| F|  |TAMS 0x00000000e6500000| PB 0x00000000e6500000| Untracked 
| 102|0x00000000e6600000, 0x00000000e6600000, 0x00000000e6700000|  0%| F|  |TAMS 0x00000000e6600000| PB 0x00000000e6600000| Untracked 
| 103|0x00000000e6700000, 0x00000000e6700000, 0x00000000e6800000|  0%| F|  |TAMS 0x00000000e6700000| PB 0x00000000e6700000| Untracked 
| 104|0x00000000e6800000, 0x00000000e6800000, 0x00000000e6900000|  0%| F|  |TAMS 0x00000000e6800000| PB 0x00000000e6800000| Untracked 
| 105|0x00000000e6900000, 0x00000000e6900000, 0x00000000e6a00000|  0%| F|  |TAMS 0x00000000e6900000| PB 0x00000000e6900000| Untracked 
| 106|0x00000000e6a00000, 0x00000000e6a00000, 0x00000000e6b00000|  0%| F|  |TAMS 0x00000000e6a00000| PB 0x00000000e6a00000| Untracked 
| 107|0x00000000e6b00000, 0x00000000e6b00000, 0x00000000e6c00000|  0%| F|  |TAMS 0x00000000e6b00000| PB 0x00000000e6b00000| Untracked 
| 108|0x00000000e6c00000, 0x00000000e6c00000, 0x00000000e6d00000|  0%| F|  |TAMS 0x00000000e6c00000| PB 0x00000000e6c00000| Untracked 
| 109|0x00000000e6d00000, 0x00000000e6d00000, 0x00000000e6e00000|  0%| F|  |TAMS 0x00000000e6d00000| PB 0x00000000e6d00000| Untracked 
| 110|0x00000000e6e00000, 0x00000000e6e00000, 0x00000000e6f00000|  0%| F|  |TAMS 0x00000000e6e00000| PB 0x00000000e6e00000| Untracked 
| 111|0x00000000e6f00000, 0x00000000e6f00000, 0x00000000e7000000|  0%| F|  |TAMS 0x00000000e6f00000| PB 0x00000000e6f00000| Untracked 
| 112|0x00000000e7000000, 0x00000000e7000000, 0x00000000e7100000|  0%| F|  |TAMS 0x00000000e7000000| PB 0x00000000e7000000| Untracked 
| 113|0x00000000e7100000, 0x00000000e7100000, 0x00000000e7200000|  0%| F|  |TAMS 0x00000000e7100000| PB 0x00000000e7100000| Untracked 
| 114|0x00000000e7200000, 0x00000000e7200000, 0x00000000e7300000|  0%| F|  |TAMS 0x00000000e7200000| PB 0x00000000e7200000| Untracked 
| 115|0x00000000e7300000, 0x00000000e7300000, 0x00000000e7400000|  0%| F|  |TAMS 0x00000000e7300000| PB 0x00000000e7300000| Untracked 
| 116|0x00000000e7400000, 0x00000000e7400000, 0x00000000e7500000|  0%| F|  |TAMS 0x00000000e7400000| PB 0x00000000e7400000| Untracked 
| 117|0x00000000e7500000, 0x00000000e7500000, 0x00000000e7600000|  0%| F|  |TAMS 0x00000000e7500000| PB 0x00000000e7500000| Untracked 
| 118|0x00000000e7600000, 0x00000000e7600000, 0x00000000e7700000|  0%| F|  |TAMS 0x00000000e7600000| PB 0x00000000e7600000| Untracked 
| 119|0x00000000e7700000, 0x00000000e7700000, 0x00000000e7800000|  0%| F|  |TAMS 0x00000000e7700000| PB 0x00000000e7700000| Untracked 
| 120|0x00000000e7800000, 0x00000000e7800000, 0x00000000e7900000|  0%| F|  |TAMS 0x00000000e7800000| PB 0x00000000e7800000| Untracked 
| 121|0x00000000e7900000, 0x00000000e7900000, 0x00000000e7a00000|  0%| F|  |TAMS 0x00000000e7900000| PB 0x00000000e7900000| Untracked 
| 122|0x00000000e7a00000, 0x00000000e7a00000, 0x00000000e7b00000|  0%| F|  |TAMS 0x00000000e7a00000| PB 0x00000000e7a00000| Untracked 
| 123|0x00000000e7b00000, 0x00000000e7b00000, 0x00000000e7c00000|  0%| F|  |TAMS 0x00000000e7b00000| PB 0x00000000e7b00000| Untracked 
| 124|0x00000000e7c00000, 0x00000000e7c00000, 0x00000000e7d00000|  0%| F|  |TAMS 0x00000000e7c00000| PB 0x00000000e7c00000| Untracked 
| 125|0x00000000e7d00000, 0x00000000e7d00000, 0x00000000e7e00000|  0%| F|  |TAMS 0x00000000e7d00000| PB 0x00000000e7d00000| Untracked 
| 126|0x00000000e7e00000, 0x00000000e7e00000, 0x00000000e7f00000|  0%| F|  |TAMS 0x00000000e7e00000| PB 0x00000000e7e00000| Untracked 
| 127|0x00000000e7f00000, 0x00000000e7f00000, 0x00000000e8000000|  0%| F|  |TAMS 0x00000000e7f00000| PB 0x00000000e7f00000| Untracked 
| 128|0x00000000e8000000, 0x00000000e8000000, 0x00000000e8100000|  0%| F|  |TAMS 0x00000000e8000000| PB 0x00000000e8000000| Untracked 
| 129|0x00000000e8100000, 0x00000000e8100000, 0x00000000e8200000|  0%| F|  |TAMS 0x00000000e8100000| PB 0x00000000e8100000| Untracked 
| 130|0x00000000e8200000, 0x00000000e8200000, 0x00000000e8300000|  0%| F|  |TAMS 0x00000000e8200000| PB 0x00000000e8200000| Untracked 
| 131|0x00000000e8300000, 0x00000000e8300000, 0x00000000e8400000|  0%| F|  |TAMS 0x00000000e8300000| PB 0x00000000e8300000| Untracked 
| 132|0x00000000e8400000, 0x00000000e8400000, 0x00000000e8500000|  0%| F|  |TAMS 0x00000000e8400000| PB 0x00000000e8400000| Untracked 
| 133|0x00000000e8500000, 0x00000000e8500000, 0x00000000e8600000|  0%| F|  |TAMS 0x00000000e8500000| PB 0x00000000e8500000| Untracked 
| 134|0x00000000e8600000, 0x00000000e8600000, 0x00000000e8700000|  0%| F|  |TAMS 0x00000000e8600000| PB 0x00000000e8600000| Untracked 
| 135|0x00000000e8700000, 0x00000000e8700000, 0x00000000e8800000|  0%| F|  |TAMS 0x00000000e8700000| PB 0x00000000e8700000| Untracked 
| 136|0x00000000e8800000, 0x00000000e8800000, 0x00000000e8900000|  0%| F|  |TAMS 0x00000000e8800000| PB 0x00000000e8800000| Untracked 
| 137|0x00000000e8900000, 0x00000000e8900000, 0x00000000e8a00000|  0%| F|  |TAMS 0x00000000e8900000| PB 0x00000000e8900000| Untracked 
| 138|0x00000000e8a00000, 0x00000000e8a00000, 0x00000000e8b00000|  0%| F|  |TAMS 0x00000000e8a00000| PB 0x00000000e8a00000| Untracked 
| 139|0x00000000e8b00000, 0x00000000e8b00000, 0x00000000e8c00000|  0%| F|  |TAMS 0x00000000e8b00000| PB 0x00000000e8b00000| Untracked 
| 140|0x00000000e8c00000, 0x00000000e8c00000, 0x00000000e8d00000|  0%| F|  |TAMS 0x00000000e8c00000| PB 0x00000000e8c00000| Untracked 
| 141|0x00000000e8d00000, 0x00000000e8d00000, 0x00000000e8e00000|  0%| F|  |TAMS 0x00000000e8d00000| PB 0x00000000e8d00000| Untracked 
| 142|0x00000000e8e00000, 0x00000000e8e00000, 0x00000000e8f00000|  0%| F|  |TAMS 0x00000000e8e00000| PB 0x00000000e8e00000| Untracked 
| 143|0x00000000e8f00000, 0x00000000e8f00000, 0x00000000e9000000|  0%| F|  |TAMS 0x00000000e8f00000| PB 0x00000000e8f00000| Untracked 
| 144|0x00000000e9000000, 0x00000000e9000000, 0x00000000e9100000|  0%| F|  |TAMS 0x00000000e9000000| PB 0x00000000e9000000| Untracked 
| 145|0x00000000e9100000, 0x00000000e9100000, 0x00000000e9200000|  0%| F|  |TAMS 0x00000000e9100000| PB 0x00000000e9100000| Untracked 
| 146|0x00000000e9200000, 0x00000000e9200000, 0x00000000e9300000|  0%| F|  |TAMS 0x00000000e9200000| PB 0x00000000e9200000| Untracked 
| 147|0x00000000e9300000, 0x00000000e9300000, 0x00000000e9400000|  0%| F|  |TAMS 0x00000000e9300000| PB 0x00000000e9300000| Untracked 
| 148|0x00000000e9400000, 0x00000000e9400000, 0x00000000e9500000|  0%| F|  |TAMS 0x00000000e9400000| PB 0x00000000e9400000| Untracked 
| 149|0x00000000e9500000, 0x00000000e9500000, 0x00000000e9600000|  0%| F|  |TAMS 0x00000000e9500000| PB 0x00000000e9500000| Untracked 
| 150|0x00000000e9600000, 0x00000000e9600000, 0x00000000e9700000|  0%| F|  |TAMS 0x00000000e9600000| PB 0x00000000e9600000| Untracked 
| 151|0x00000000e9700000, 0x00000000e9700000, 0x00000000e9800000|  0%| F|  |TAMS 0x00000000e9700000| PB 0x00000000e9700000| Untracked 
| 152|0x00000000e9800000, 0x00000000e9800000, 0x00000000e9900000|  0%| F|  |TAMS 0x00000000e9800000| PB 0x00000000e9800000| Untracked 
| 153|0x00000000e9900000, 0x00000000e9900000, 0x00000000e9a00000|  0%| F|  |TAMS 0x00000000e9900000| PB 0x00000000e9900000| Untracked 
| 154|0x00000000e9a00000, 0x00000000e9a00000, 0x00000000e9b00000|  0%| F|  |TAMS 0x00000000e9a00000| PB 0x00000000e9a00000| Untracked 
| 155|0x00000000e9b00000, 0x00000000e9b00000, 0x00000000e9c00000|  0%| F|  |TAMS 0x00000000e9b00000| PB 0x00000000e9b00000| Untracked 
| 156|0x00000000e9c00000, 0x00000000e9c00000, 0x00000000e9d00000|  0%| F|  |TAMS 0x00000000e9c00000| PB 0x00000000e9c00000| Untracked 
| 157|0x00000000e9d00000, 0x00000000e9d00000, 0x00000000e9e00000|  0%| F|  |TAMS 0x00000000e9d00000| PB 0x00000000e9d00000| Untracked 
| 158|0x00000000e9e00000, 0x00000000e9e00000, 0x00000000e9f00000|  0%| F|  |TAMS 0x00000000e9e00000| PB 0x00000000e9e00000| Untracked 
| 159|0x00000000e9f00000, 0x00000000e9f00000, 0x00000000ea000000|  0%| F|  |TAMS 0x00000000e9f00000| PB 0x00000000e9f00000| Untracked 
| 160|0x00000000ea000000, 0x00000000ea000000, 0x00000000ea100000|  0%| F|  |TAMS 0x00000000ea000000| PB 0x00000000ea000000| Untracked 
| 161|0x00000000ea100000, 0x00000000ea100000, 0x00000000ea200000|  0%| F|  |TAMS 0x00000000ea100000| PB 0x00000000ea100000| Untracked 
| 162|0x00000000ea200000, 0x00000000ea200000, 0x00000000ea300000|  0%| F|  |TAMS 0x00000000ea200000| PB 0x00000000ea200000| Untracked 
| 163|0x00000000ea300000, 0x00000000ea300000, 0x00000000ea400000|  0%| F|  |TAMS 0x00000000ea300000| PB 0x00000000ea300000| Untracked 
| 164|0x00000000ea400000, 0x00000000ea400000, 0x00000000ea500000|  0%| F|  |TAMS 0x00000000ea400000| PB 0x00000000ea400000| Untracked 
| 165|0x00000000ea500000, 0x00000000ea500000, 0x00000000ea600000|  0%| F|  |TAMS 0x00000000ea500000| PB 0x00000000ea500000| Untracked 
| 166|0x00000000ea600000, 0x00000000ea600000, 0x00000000ea700000|  0%| F|  |TAMS 0x00000000ea600000| PB 0x00000000ea600000| Untracked 
| 167|0x00000000ea700000, 0x00000000ea700000, 0x00000000ea800000|  0%| F|  |TAMS 0x00000000ea700000| PB 0x00000000ea700000| Untracked 
| 168|0x00000000ea800000, 0x00000000ea800000, 0x00000000ea900000|  0%| F|  |TAMS 0x00000000ea800000| PB 0x00000000ea800000| Untracked 
| 169|0x00000000ea900000, 0x00000000ea900000, 0x00000000eaa00000|  0%| F|  |TAMS 0x00000000ea900000| PB 0x00000000ea900000| Untracked 
| 170|0x00000000eaa00000, 0x00000000eaa00000, 0x00000000eab00000|  0%| F|  |TAMS 0x00000000eaa00000| PB 0x00000000eaa00000| Untracked 
| 171|0x00000000eab00000, 0x00000000eab00000, 0x00000000eac00000|  0%| F|  |TAMS 0x00000000eab00000| PB 0x00000000eab00000| Untracked 
| 172|0x00000000eac00000, 0x00000000eac00000, 0x00000000ead00000|  0%| F|  |TAMS 0x00000000eac00000| PB 0x00000000eac00000| Untracked 
| 173|0x00000000ead00000, 0x00000000ead00000, 0x00000000eae00000|  0%| F|  |TAMS 0x00000000ead00000| PB 0x00000000ead00000| Untracked 
| 174|0x00000000eae00000, 0x00000000eae00000, 0x00000000eaf00000|  0%| F|  |TAMS 0x00000000eae00000| PB 0x00000000eae00000| Untracked 
| 175|0x00000000eaf00000, 0x00000000eaf00000, 0x00000000eb000000|  0%| F|  |TAMS 0x00000000eaf00000| PB 0x00000000eaf00000| Untracked 
| 176|0x00000000eb000000, 0x00000000eb000000, 0x00000000eb100000|  0%| F|  |TAMS 0x00000000eb000000| PB 0x00000000eb000000| Untracked 
| 177|0x00000000eb100000, 0x00000000eb100000, 0x00000000eb200000|  0%| F|  |TAMS 0x00000000eb100000| PB 0x00000000eb100000| Untracked 
| 178|0x00000000eb200000, 0x00000000eb200000, 0x00000000eb300000|  0%| F|  |TAMS 0x00000000eb200000| PB 0x00000000eb200000| Untracked 
| 179|0x00000000eb300000, 0x00000000eb300000, 0x00000000eb400000|  0%| F|  |TAMS 0x00000000eb300000| PB 0x00000000eb300000| Untracked 
| 180|0x00000000eb400000, 0x00000000eb400000, 0x00000000eb500000|  0%| F|  |TAMS 0x00000000eb400000| PB 0x00000000eb400000| Untracked 
| 181|0x00000000eb500000, 0x00000000eb500000, 0x00000000eb600000|  0%| F|  |TAMS 0x00000000eb500000| PB 0x00000000eb500000| Untracked 
| 182|0x00000000eb600000, 0x00000000eb600000, 0x00000000eb700000|  0%| F|  |TAMS 0x00000000eb600000| PB 0x00000000eb600000| Untracked 
| 183|0x00000000eb700000, 0x00000000eb700000, 0x00000000eb800000|  0%| F|  |TAMS 0x00000000eb700000| PB 0x00000000eb700000| Untracked 
| 184|0x00000000eb800000, 0x00000000eb800000, 0x00000000eb900000|  0%| F|  |TAMS 0x00000000eb800000| PB 0x00000000eb800000| Untracked 
| 185|0x00000000eb900000, 0x00000000eb900000, 0x00000000eba00000|  0%| F|  |TAMS 0x00000000eb900000| PB 0x00000000eb900000| Untracked 
| 186|0x00000000eba00000, 0x00000000eba00000, 0x00000000ebb00000|  0%| F|  |TAMS 0x00000000eba00000| PB 0x00000000eba00000| Untracked 
| 187|0x00000000ebb00000, 0x00000000ebb00000, 0x00000000ebc00000|  0%| F|  |TAMS 0x00000000ebb00000| PB 0x00000000ebb00000| Untracked 
| 188|0x00000000ebc00000, 0x00000000ebc00000, 0x00000000ebd00000|  0%| F|  |TAMS 0x00000000ebc00000| PB 0x00000000ebc00000| Untracked 
| 189|0x00000000ebd00000, 0x00000000ebd00000, 0x00000000ebe00000|  0%| F|  |TAMS 0x00000000ebd00000| PB 0x00000000ebd00000| Untracked 
| 190|0x00000000ebe00000, 0x00000000ebe00000, 0x00000000ebf00000|  0%| F|  |TAMS 0x00000000ebe00000| PB 0x00000000ebe00000| Untracked 
| 191|0x00000000ebf00000, 0x00000000ebf00000, 0x00000000ec000000|  0%| F|  |TAMS 0x00000000ebf00000| PB 0x00000000ebf00000| Untracked 
| 192|0x00000000ec000000, 0x00000000ec000000, 0x00000000ec100000|  0%| F|  |TAMS 0x00000000ec000000| PB 0x00000000ec000000| Untracked 
| 193|0x00000000ec100000, 0x00000000ec100000, 0x00000000ec200000|  0%| F|  |TAMS 0x00000000ec100000| PB 0x00000000ec100000| Untracked 
| 194|0x00000000ec200000, 0x00000000ec200000, 0x00000000ec300000|  0%| F|  |TAMS 0x00000000ec200000| PB 0x00000000ec200000| Untracked 
| 195|0x00000000ec300000, 0x00000000ec300000, 0x00000000ec400000|  0%| F|  |TAMS 0x00000000ec300000| PB 0x00000000ec300000| Untracked 
| 196|0x00000000ec400000, 0x00000000ec400000, 0x00000000ec500000|  0%| F|  |TAMS 0x00000000ec400000| PB 0x00000000ec400000| Untracked 
| 197|0x00000000ec500000, 0x00000000ec500000, 0x00000000ec600000|  0%| F|  |TAMS 0x00000000ec500000| PB 0x00000000ec500000| Untracked 
| 198|0x00000000ec600000, 0x00000000ec600000, 0x00000000ec700000|  0%| F|  |TAMS 0x00000000ec600000| PB 0x00000000ec600000| Untracked 
| 199|0x00000000ec700000, 0x00000000ec700000, 0x00000000ec800000|  0%| F|  |TAMS 0x00000000ec700000| PB 0x00000000ec700000| Untracked 
| 200|0x00000000ec800000, 0x00000000ec800000, 0x00000000ec900000|  0%| F|  |TAMS 0x00000000ec800000| PB 0x00000000ec800000| Untracked 
| 201|0x00000000ec900000, 0x00000000ec900000, 0x00000000eca00000|  0%| F|  |TAMS 0x00000000ec900000| PB 0x00000000ec900000| Untracked 
| 202|0x00000000eca00000, 0x00000000eca00000, 0x00000000ecb00000|  0%| F|  |TAMS 0x00000000eca00000| PB 0x00000000eca00000| Untracked 
| 203|0x00000000ecb00000, 0x00000000ecb00000, 0x00000000ecc00000|  0%| F|  |TAMS 0x00000000ecb00000| PB 0x00000000ecb00000| Untracked 
| 204|0x00000000ecc00000, 0x00000000ecc00000, 0x00000000ecd00000|  0%| F|  |TAMS 0x00000000ecc00000| PB 0x00000000ecc00000| Untracked 
| 205|0x00000000ecd00000, 0x00000000ecd00000, 0x00000000ece00000|  0%| F|  |TAMS 0x00000000ecd00000| PB 0x00000000ecd00000| Untracked 
| 206|0x00000000ece00000, 0x00000000ece00000, 0x00000000ecf00000|  0%| F|  |TAMS 0x00000000ece00000| PB 0x00000000ece00000| Untracked 
| 207|0x00000000ecf00000, 0x00000000ecf00000, 0x00000000ed000000|  0%| F|  |TAMS 0x00000000ecf00000| PB 0x00000000ecf00000| Untracked 
| 208|0x00000000ed000000, 0x00000000ed000000, 0x00000000ed100000|  0%| F|  |TAMS 0x00000000ed000000| PB 0x00000000ed000000| Untracked 
| 209|0x00000000ed100000, 0x00000000ed100000, 0x00000000ed200000|  0%| F|  |TAMS 0x00000000ed100000| PB 0x00000000ed100000| Untracked 
| 210|0x00000000ed200000, 0x00000000ed200000, 0x00000000ed300000|  0%| F|  |TAMS 0x00000000ed200000| PB 0x00000000ed200000| Untracked 
| 211|0x00000000ed300000, 0x00000000ed300000, 0x00000000ed400000|  0%| F|  |TAMS 0x00000000ed300000| PB 0x00000000ed300000| Untracked 
| 212|0x00000000ed400000, 0x00000000ed400000, 0x00000000ed500000|  0%| F|  |TAMS 0x00000000ed400000| PB 0x00000000ed400000| Untracked 
| 213|0x00000000ed500000, 0x00000000ed500000, 0x00000000ed600000|  0%| F|  |TAMS 0x00000000ed500000| PB 0x00000000ed500000| Untracked 
| 214|0x00000000ed600000, 0x00000000ed600000, 0x00000000ed700000|  0%| F|  |TAMS 0x00000000ed600000| PB 0x00000000ed600000| Untracked 
| 215|0x00000000ed700000, 0x00000000ed700000, 0x00000000ed800000|  0%| F|  |TAMS 0x00000000ed700000| PB 0x00000000ed700000| Untracked 
| 216|0x00000000ed800000, 0x00000000ed800000, 0x00000000ed900000|  0%| F|  |TAMS 0x00000000ed800000| PB 0x00000000ed800000| Untracked 
| 217|0x00000000ed900000, 0x00000000ed900000, 0x00000000eda00000|  0%| F|  |TAMS 0x00000000ed900000| PB 0x00000000ed900000| Untracked 
| 218|0x00000000eda00000, 0x00000000eda00000, 0x00000000edb00000|  0%| F|  |TAMS 0x00000000eda00000| PB 0x00000000eda00000| Untracked 
| 219|0x00000000edb00000, 0x00000000edc00000, 0x00000000edc00000|100%| S|CS|TAMS 0x00000000edb00000| PB 0x00000000edb00000| Complete 
| 220|0x00000000edc00000, 0x00000000edd00000, 0x00000000edd00000|100%| S|CS|TAMS 0x00000000edc00000| PB 0x00000000edc00000| Complete 
| 221|0x00000000edd00000, 0x00000000edd00000, 0x00000000ede00000|  0%| F|  |TAMS 0x00000000edd00000| PB 0x00000000edd00000| Untracked 
| 222|0x00000000ede00000, 0x00000000ede00000, 0x00000000edf00000|  0%| F|  |TAMS 0x00000000ede00000| PB 0x00000000ede00000| Untracked 
| 223|0x00000000edf00000, 0x00000000edf00000, 0x00000000ee000000|  0%| F|  |TAMS 0x00000000edf00000| PB 0x00000000edf00000| Untracked 
| 224|0x00000000ee000000, 0x00000000ee000000, 0x00000000ee100000|  0%| F|  |TAMS 0x00000000ee000000| PB 0x00000000ee000000| Untracked 
| 225|0x00000000ee100000, 0x00000000ee100000, 0x00000000ee200000|  0%| F|  |TAMS 0x00000000ee100000| PB 0x00000000ee100000| Untracked 
| 226|0x00000000ee200000, 0x00000000ee200000, 0x00000000ee300000|  0%| F|  |TAMS 0x00000000ee200000| PB 0x00000000ee200000| Untracked 
| 227|0x00000000ee300000, 0x00000000ee300000, 0x00000000ee400000|  0%| F|  |TAMS 0x00000000ee300000| PB 0x00000000ee300000| Untracked 
| 228|0x00000000ee400000, 0x00000000ee400000, 0x00000000ee500000|  0%| F|  |TAMS 0x00000000ee400000| PB 0x00000000ee400000| Untracked 
| 229|0x00000000ee500000, 0x00000000ee500000, 0x00000000ee600000|  0%| F|  |TAMS 0x00000000ee500000| PB 0x00000000ee500000| Untracked 
| 230|0x00000000ee600000, 0x00000000ee600000, 0x00000000ee700000|  0%| F|  |TAMS 0x00000000ee600000| PB 0x00000000ee600000| Untracked 
| 231|0x00000000ee700000, 0x00000000ee700000, 0x00000000ee800000|  0%| F|  |TAMS 0x00000000ee700000| PB 0x00000000ee700000| Untracked 
| 232|0x00000000ee800000, 0x00000000ee800000, 0x00000000ee900000|  0%| F|  |TAMS 0x00000000ee800000| PB 0x00000000ee800000| Untracked 
| 233|0x00000000ee900000, 0x00000000ee900000, 0x00000000eea00000|  0%| F|  |TAMS 0x00000000ee900000| PB 0x00000000ee900000| Untracked 
| 234|0x00000000eea00000, 0x00000000eea00000, 0x00000000eeb00000|  0%| F|  |TAMS 0x00000000eea00000| PB 0x00000000eea00000| Untracked 
| 235|0x00000000eeb00000, 0x00000000eeb00000, 0x00000000eec00000|  0%| F|  |TAMS 0x00000000eeb00000| PB 0x00000000eeb00000| Untracked 
| 236|0x00000000eec00000, 0x00000000eec00000, 0x00000000eed00000|  0%| F|  |TAMS 0x00000000eec00000| PB 0x00000000eec00000| Untracked 
| 237|0x00000000eed00000, 0x00000000eed00000, 0x00000000eee00000|  0%| F|  |TAMS 0x00000000eed00000| PB 0x00000000eed00000| Untracked 
| 238|0x00000000eee00000, 0x00000000eee00000, 0x00000000eef00000|  0%| F|  |TAMS 0x00000000eee00000| PB 0x00000000eee00000| Untracked 
| 239|0x00000000eef00000, 0x00000000eef00000, 0x00000000ef000000|  0%| F|  |TAMS 0x00000000eef00000| PB 0x00000000eef00000| Untracked 
| 240|0x00000000ef000000, 0x00000000ef000000, 0x00000000ef100000|  0%| F|  |TAMS 0x00000000ef000000| PB 0x00000000ef000000| Untracked 
| 241|0x00000000ef100000, 0x00000000ef100000, 0x00000000ef200000|  0%| F|  |TAMS 0x00000000ef100000| PB 0x00000000ef100000| Untracked 
| 242|0x00000000ef200000, 0x00000000ef200000, 0x00000000ef300000|  0%| F|  |TAMS 0x00000000ef200000| PB 0x00000000ef200000| Untracked 
| 243|0x00000000ef300000, 0x00000000ef300000, 0x00000000ef400000|  0%| F|  |TAMS 0x00000000ef300000| PB 0x00000000ef300000| Untracked 
| 244|0x00000000ef400000, 0x00000000ef400000, 0x00000000ef500000|  0%| F|  |TAMS 0x00000000ef400000| PB 0x00000000ef400000| Untracked 
| 245|0x00000000ef500000, 0x00000000ef500000, 0x00000000ef600000|  0%| F|  |TAMS 0x00000000ef500000| PB 0x00000000ef500000| Untracked 
| 246|0x00000000ef600000, 0x00000000ef67b4c8, 0x00000000ef700000| 48%| E|  |TAMS 0x00000000ef600000| PB 0x00000000ef600000| Complete 
| 247|0x00000000ef700000, 0x00000000ef800000, 0x00000000ef800000|100%| E|CS|TAMS 0x00000000ef700000| PB 0x00000000ef700000| Complete 

Card table byte_map: [0x00000225797e0000,0x00000225798e0000] _byte_map_base: 0x00000225790e0000

Marking Bits: (CMBitMap*) 0x0000022576d85590
 Bits: [0x00000225798e0000, 0x000002257a0e0000)

Polling page: 0x00000225786e0000

Metaspace:

Usage:
  Non-class:     10.45 MB used.
      Class:      1.60 MB used.
       Both:     12.05 MB used.

Virtual space:
  Non-class space:       64.00 MB reserved,      10.62 MB ( 17%) committed,  1 nodes.
      Class space:        1.00 GB reserved,       1.75 MB ( <1%) committed,  1 nodes.
             Both:        1.06 GB reserved,      12.38 MB (  1%) committed. 

Chunk freelists:
   Non-Class:  4.77 MB
       Class:  14.26 MB
        Both:  19.03 MB

MaxMetaspaceSize: unlimited
CompressedClassSpaceSize: 1.00 GB
Initial GC threshold: 21.00 MB
Current GC threshold: 21.00 MB
CDS: on
 - commit_granule_bytes: 65536.
 - commit_granule_words: 8192.
 - virtual_space_node_default_size: 8388608.
 - enlarge_chunks_in_place: 1.
 - use_allocation_guard: 0.


Internal statistics:

num_allocs_failed_limit: 0.
num_arena_births: 294.
num_arena_deaths: 0.
num_vsnodes_births: 2.
num_vsnodes_deaths: 0.
num_space_committed: 198.
num_space_uncommitted: 0.
num_chunks_returned_to_freelist: 0.
num_chunks_taken_from_freelist: 758.
num_chunk_merges: 0.
num_chunk_splits: 434.
num_chunks_enlarged: 255.
num_inconsistent_stats: 0.

CodeHeap 'non-profiled nmethods': size=119168Kb used=790Kb max_used=790Kb free=118378Kb
 bounds [0x00000225101f0000, 0x0000022510460000, 0x0000022517650000]
CodeHeap 'profiled nmethods': size=119104Kb used=4201Kb max_used=4201Kb free=114902Kb
 bounds [0x0000022508650000, 0x0000022508a70000, 0x000002250faa0000]
CodeHeap 'non-nmethods': size=7488Kb used=3035Kb max_used=3066Kb free=4452Kb
 bounds [0x000002250faa0000, 0x000002250fdb0000, 0x00000225101f0000]
CodeCache: size=245760Kb, used=8026Kb, max_used=8057Kb, free=237732Kb
 total_blobs=2632, nmethods=2126, adapters=407, full_count=0
Compilation: enabled, stopped_count=0, restarted_count=0

Compilation events (20 events):
Event: 0.855 Thread 0x000002251767b330 nmethod 2091 0x00000225102b3a90 code [0x00000225102b3c40, 0x00000225102b3ea8]
Event: 0.855 Thread 0x000002251767b330 2070       4       java.lang.StringConcatHelper::newString (67 bytes)
Event: 0.855 Thread 0x000002251767b330 nmethod 2070 0x00000225102b4090 code [0x00000225102b4220, 0x00000225102b4330]
Event: 0.856 Thread 0x000002251767b330 2092       4       jdk.internal.loader.URLClassPath$JarLoader$2::getCodeSourceURL (8 bytes)
Event: 0.856 Thread 0x000002251767b330 nmethod 2092 0x00000225102b4410 code [0x00000225102b45a0, 0x00000225102b4648]
Event: 0.858 Thread 0x000002255d6e15a0 2094       1       ch.qos.logback.classic.Logger::getName (5 bytes)
Event: 0.858 Thread 0x000002255d6e15a0 nmethod 2094 0x00000225102b4710 code [0x00000225102b48a0, 0x00000225102b4968]
Event: 0.863 Thread 0x000002251767bdc0 2095       3       java.lang.ref.Reference::enqueueFromPending (19 bytes)
Event: 0.863 Thread 0x00000225177f8ee0 2096       3       java.lang.ref.ReferenceQueue::enqueue0 (98 bytes)
Event: 0.863 Thread 0x00000225177ebfd0 2097   !   3       java.lang.ref.NativeReferenceQueue::enqueue (20 bytes)
Event: 0.863 Thread 0x000002255d6e15a0 2098       3       java.lang.ref.NativeReferenceQueue::signal (8 bytes)
Event: 0.863 Thread 0x000002251767bdc0 nmethod 2095 0x0000022508a59d10 code [0x0000022508a59ec0, 0x0000022508a5a0d8]
Event: 0.863 Thread 0x000002255d6e15a0 nmethod 2098 0x0000022508a5a190 code [0x0000022508a5a340, 0x0000022508a5a480]
Event: 0.863 Thread 0x00000225177ebfd0 nmethod 2097 0x0000022508a5a590 code [0x0000022508a5a740, 0x0000022508a5a970]
Event: 0.864 Thread 0x00000225177f8ee0 nmethod 2096 0x0000022508a5aa90 code [0x0000022508a5ac80, 0x0000022508a5b290]
Event: 0.868 Thread 0x000002251767b330 2099       4       java.lang.String::indexOf (64 bytes)
Event: 0.869 Thread 0x000002251767b330 nmethod 2099 0x00000225102b4a10 code [0x00000225102b4ba0, 0x00000225102b4e00]
Event: 0.872 Thread 0x000002251767b330 2100   !   4       java.util.concurrent.ConcurrentHashMap::putVal (432 bytes)
Event: 0.872 Thread 0x00000225177f8ee0 2101       3       jdk.internal.module.Builder::newExports (11 bytes)
Event: 0.872 Thread 0x00000225177ebfd0 2102       3       java.lang.module.ModuleDescriptor$1::newExports (14 bytes)

GC Heap History (4 events):
Event: 0.495 GC heap before
{Heap before GC invocations=0 (full 0):
 garbage-first heap   total 253952K, used 25600K [0x00000000e0000000, 0x0000000100000000)
  region size 1024K, 23 young (23552K), 0 survivors (0K)
 Metaspace       used 6407K, committed 6592K, reserved 1114112K
  class space    used 796K, committed 896K, reserved 1048576K
}
Event: 0.499 GC heap after
{Heap after GC invocations=1 (full 0):
 garbage-first heap   total 253952K, used 10152K [0x00000000e0000000, 0x0000000100000000)
  region size 1024K, 3 young (3072K), 3 survivors (3072K)
 Metaspace       used 6407K, committed 6592K, reserved 1114112K
  class space    used 796K, committed 896K, reserved 1048576K
}
Event: 0.860 GC heap before
{Heap before GC invocations=1 (full 0):
 garbage-first heap   total 253952K, used 34728K [0x00000000e0000000, 0x0000000100000000)
  region size 1024K, 27 young (27648K), 3 survivors (3072K)
 Metaspace       used 11983K, committed 12352K, reserved 1114112K
  class space    used 1594K, committed 1792K, reserved 1048576K
}
Event: 0.863 GC heap after
{Heap after GC invocations=2 (full 0):
 garbage-first heap   total 253952K, used 12250K [0x00000000e0000000, 0x0000000100000000)
  region size 1024K, 2 young (2048K), 2 survivors (2048K)
 Metaspace       used 11983K, committed 12352K, reserved 1114112K
  class space    used 1594K, committed 1792K, reserved 1048576K
}

Dll operation events (9 events):
Event: 0.004 Loaded shared library C:\Users\akaza\.jdks\ms-21.0.9\bin\java.dll
Event: 0.028 Loaded shared library C:\Users\akaza\.jdks\ms-21.0.9\bin\jsvml.dll
Event: 0.094 Loaded shared library C:\Users\akaza\.jdks\ms-21.0.9\bin\net.dll
Event: 0.095 Loaded shared library C:\Users\akaza\.jdks\ms-21.0.9\bin\nio.dll
Event: 0.098 Loaded shared library C:\Users\akaza\.jdks\ms-21.0.9\bin\zip.dll
Event: 0.146 Loaded shared library C:\Users\akaza\.jdks\ms-21.0.9\bin\jimage.dll
Event: 0.359 Loaded shared library C:\Users\akaza\.jdks\ms-21.0.9\bin\extnet.dll
Event: 0.420 Loaded shared library C:\Users\akaza\.jdks\ms-21.0.9\bin\sunmscapi.dll
Event: 0.441 Loaded shared library C:\Users\akaza\.jdks\ms-21.0.9\bin\verify.dll

Deoptimization events (20 events):
Event: 0.797 Thread 0x0000022576b164c0 DEOPT PACKING pc=0x0000022510225348 sp=0x000000de693fc320
Event: 0.797 Thread 0x0000022576b164c0 DEOPT UNPACKING pc=0x000002250faf4422 sp=0x000000de693fc2b8 mode 2
Event: 0.800 Thread 0x0000022576b164c0 Uncommon trap: trap_request=0xffffffde fr.pc=0x0000022510225348 relative=0x00000000000001a8
Event: 0.800 Thread 0x0000022576b164c0 Uncommon trap: reason=class_check action=maybe_recompile pc=0x0000022510225348 method=java.lang.String.equals(Ljava/lang/Object;)Z @ 8 c2
Event: 0.800 Thread 0x0000022576b164c0 DEOPT PACKING pc=0x0000022510225348 sp=0x000000de693fc240
Event: 0.800 Thread 0x0000022576b164c0 DEOPT UNPACKING pc=0x000002250faf4422 sp=0x000000de693fc1d8 mode 2
Event: 0.800 Thread 0x0000022576b164c0 Uncommon trap: trap_request=0xffffffde fr.pc=0x0000022510225348 relative=0x00000000000001a8
Event: 0.800 Thread 0x0000022576b164c0 Uncommon trap: reason=class_check action=maybe_recompile pc=0x0000022510225348 method=java.lang.String.equals(Ljava/lang/Object;)Z @ 8 c2
Event: 0.800 Thread 0x0000022576b164c0 DEOPT PACKING pc=0x0000022510225348 sp=0x000000de693fc240
Event: 0.800 Thread 0x0000022576b164c0 DEOPT UNPACKING pc=0x000002250faf4422 sp=0x000000de693fc1d8 mode 2
Event: 0.815 Thread 0x0000022576b164c0 Uncommon trap: trap_request=0xffffff45 fr.pc=0x00000225102aa4b0 relative=0x00000000000003d0
Event: 0.815 Thread 0x0000022576b164c0 Uncommon trap: reason=unstable_if action=reinterpret pc=0x00000225102aa4b0 method=java.lang.Integer.getChars(II[B)I @ 25 c2
Event: 0.815 Thread 0x0000022576b164c0 DEOPT PACKING pc=0x00000225102aa4b0 sp=0x000000de693fbce0
Event: 0.815 Thread 0x0000022576b164c0 DEOPT UNPACKING pc=0x000002250faf4422 sp=0x000000de693fbc08 mode 2
Event: 0.853 Thread 0x0000022576b164c0 Uncommon trap: trap_request=0xffffffde fr.pc=0x00000225102afe10 relative=0x00000000000007f0
Event: 0.853 Thread 0x0000022576b164c0 Uncommon trap: reason=class_check action=maybe_recompile pc=0x00000225102afe10 method=java.util.HashMap.putVal(ILjava/lang/Object;Ljava/lang/Object;ZZ)Ljava/lang/Object; @ 203 c2
Event: 0.853 Thread 0x0000022576b164c0 DEOPT PACKING pc=0x00000225102afe10 sp=0x000000de693fc690
Event: 0.853 Thread 0x0000022576b164c0 DEOPT UNPACKING pc=0x000002250faf4422 sp=0x000000de693fc620 mode 2
Event: 0.865 Thread 0x0000022576b164c0 DEOPT PACKING pc=0x0000022508a173e1 sp=0x000000de693f83d0
Event: 0.865 Thread 0x0000022576b164c0 DEOPT UNPACKING pc=0x000002250faf4bc2 sp=0x000000de693f78e0 mode 0

Classes loaded (20 events):
Event: 0.815 Loading class java/time/ZonedDateTime$1
Event: 0.815 Loading class java/time/ZonedDateTime$1 done
Event: 0.816 Loading class java/nio/charset/CharacterCodingException
Event: 0.816 Loading class java/nio/charset/CharacterCodingException done
Event: 0.825 Loading class java/lang/FunctionalInterface
Event: 0.825 Loading class java/lang/FunctionalInterface done
Event: 0.826 Loading class java/lang/Deprecated
Event: 0.826 Loading class java/lang/Deprecated done
Event: 0.829 Loading class java/util/EventListener
Event: 0.829 Loading class java/util/EventListener done
Event: 0.843 Loading class java/util/Collections$ReverseComparator
Event: 0.843 Loading class java/util/Collections$ReverseComparator done
Event: 0.843 Loading class java/util/Collections$ReverseComparator2
Event: 0.843 Loading class java/util/Collections$ReverseComparator2 done
Event: 0.855 Loading class java/io/StringReader
Event: 0.855 Loading class java/io/StringReader done
Event: 0.872 Loading class java/nio/file/FileSystemNotFoundException
Event: 0.872 Loading class java/nio/file/FileSystemNotFoundException done
Event: 0.872 Loading class java/util/zip/ZipException
Event: 0.872 Loading class java/util/zip/ZipException done

Classes unloaded (0 events):
No events

Classes redefined (0 events):
No events

Internal exceptions (20 events):
Event: 0.605 Thread 0x0000022576b164c0 Exception <a 'java/lang/IncompatibleClassChangeError'{0x00000000ef04f718}: Found class java.lang.Object, but interface was expected> (0x00000000ef04f718) 
thrown [s\src\hotspot\share\interpreter\linkResolver.cpp, line 840]
Event: 0.612 Thread 0x0000022576b164c0 Exception <a 'java/lang/NoSuchMethodError'{0x00000000ef0ad7a0}: 'void java.lang.invoke.DirectMethodHandle$Holder.invokeSpecial(java.lang.Object, java.lang.Object, java.lang.Object, java.lang.Object, java.lang.Object)'> (0x00000000ef0ad7a0) 
thrown [s\src\hotspot\share\interpreter\linkResolver.cpp, line 773]
Event: 0.621 Thread 0x0000022576b164c0 Exception <a 'java/lang/NoSuchMethodError'{0x00000000eef27258}: 'void java.lang.invoke.DirectMethodHandle$Holder.invokeInterface(java.lang.Object, java.lang.Object, java.lang.Object, java.lang.Object)'> (0x00000000eef27258) 
thrown [s\src\hotspot\share\interpreter\linkResolver.cpp, line 773]
Event: 0.621 Thread 0x0000022576b164c0 Exception <a 'java/lang/IncompatibleClassChangeError'{0x00000000eef2ab70}: Found class java.lang.Object, but interface was expected> (0x00000000eef2ab70) 
thrown [s\src\hotspot\share\interpreter\linkResolver.cpp, line 840]
Event: 0.623 Thread 0x0000022576b164c0 Exception <a 'java/lang/NoSuchMethodError'{0x00000000eef47718}: 'void java.lang.invoke.DirectMethodHandle$Holder.invokeStatic(java.lang.Object, java.lang.Object, java.lang.Object, java.lang.Object)'> (0x00000000eef47718) 
thrown [s\src\hotspot\share\interpreter\linkResolver.cpp, line 773]
Event: 0.630 Thread 0x0000022576b164c0 Exception <a 'java/lang/NoSuchMethodError'{0x00000000eefc0ea0}: 'java.lang.Object java.lang.invoke.Invokers$Holder.invokeExact_MT(java.lang.Object, java.lang.Object, java.lang.Object, java.lang.Object, java.lang.Object, java.lang.Object)'> (0x00000000eefc0ea0) 
thrown [s\src\hotspot\share\interpreter\linkResolver.cpp, line 773]
Event: 0.631 Thread 0x0000022576b164c0 Exception <a 'java/lang/NoSuchMethodError'{0x00000000eefcefe8}: 'int java.lang.invoke.DirectMethodHandle$Holder.invokeStatic(java.lang.Object, java.lang.Object, java.lang.Object, java.lang.Object, java.lang.Object)'> (0x00000000eefcefe8) 
thrown [s\src\hotspot\share\interpreter\linkResolver.cpp, line 773]
Event: 0.636 Thread 0x0000022576b164c0 Exception <a 'java/lang/NoSuchMethodError'{0x00000000eee20de8}: 'void java.lang.invoke.DirectMethodHandle$Holder.invokeStaticInit(java.lang.Object)'> (0x00000000eee20de8) 
thrown [s\src\hotspot\share\interpreter\linkResolver.cpp, line 773]
Event: 0.647 Thread 0x0000022576b164c0 Exception <a 'java/lang/NoSuchMethodError'{0x00000000eeef7d28}: 'void java.lang.invoke.DirectMethodHandle$Holder.invokeStaticInit(java.lang.Object, java.lang.Object, java.lang.Object, java.lang.Object)'> (0x00000000eeef7d28) 
thrown [s\src\hotspot\share\interpreter\linkResolver.cpp, line 773]
Event: 0.652 Thread 0x0000022576b164c0 Exception <a 'java/lang/NoSuchMethodError'{0x00000000eed621f0}: 'int java.lang.invoke.DirectMethodHandle$Holder.invokeStaticInit(java.lang.Object, java.lang.Object)'> (0x00000000eed621f0) 
thrown [s\src\hotspot\share\interpreter\linkResolver.cpp, line 773]
Event: 0.726 Thread 0x0000022576b164c0 Exception <a 'java/lang/NoSuchMethodError'{0x00000000ee85cd50}: 'java.lang.Object java.lang.invoke.DirectMethodHandle$Holder.invokeSpecial(java.lang.Object, java.lang.Object, java.lang.Object, long, java.lang.Object)'> (0x00000000ee85cd50) 
thrown [s\src\hotspot\share\interpreter\linkResolver.cpp, line 773]
Event: 0.726 Thread 0x0000022576b164c0 Exception <a 'java/lang/NoSuchMethodError'{0x00000000ee860c20}: 'java.lang.Object java.lang.invoke.Invokers$Holder.linkToTargetMethod(java.lang.Object, long, java.lang.Object, java.lang.Object)'> (0x00000000ee860c20) 
thrown [s\src\hotspot\share\interpreter\linkResolver.cpp, line 773]
Event: 0.740 Thread 0x0000022576b164c0 Implicit null exception at 0x000002251025e6ed to 0x000002251025eef8
Event: 0.740 Thread 0x0000022576b164c0 Implicit null exception at 0x00000225102505bd to 0x0000022510250641
Event: 0.786 Thread 0x0000022576b164c0 Exception <a 'java/lang/NoSuchMethodError'{0x00000000ee450c20}: 'int java.lang.invoke.DirectMethodHandle$Holder.invokeStaticInit(java.lang.Object, java.lang.Object, java.lang.Object)'> (0x00000000ee450c20) 
thrown [s\src\hotspot\share\interpreter\linkResolver.cpp, line 773]
Event: 0.799 Thread 0x0000022576b164c0 Exception <a 'java/lang/NoSuchMethodError'{0x00000000ee354468}: 'int java.lang.invoke.DirectMethodHandle$Holder.invokeInterface(java.lang.Object, java.lang.Object)'> (0x00000000ee354468) 
thrown [s\src\hotspot\share\interpreter\linkResolver.cpp, line 773]
Event: 0.811 Thread 0x0000022576b164c0 Exception <a 'java/lang/NoSuchMethodError'{0x00000000ee232140}: 'void java.lang.invoke.DirectMethodHandle$Holder.invokeStatic(java.lang.Object, java.lang.Object)'> (0x00000000ee232140) 
thrown [s\src\hotspot\share\interpreter\linkResolver.cpp, line 773]
Event: 0.811 Thread 0x0000022576b164c0 Exception <a 'java/lang/NoSuchMethodError'{0x00000000ee235a48}: 'void java.lang.invoke.DirectMethodHandle$Holder.invokeStaticInit(java.lang.Object, java.lang.Object)'> (0x00000000ee235a48) 
thrown [s\src\hotspot\share\interpreter\linkResolver.cpp, line 773]
Event: 0.828 Thread 0x0000022576b164c0 Exception <a 'java/lang/NoSuchMethodError'{0x00000000ee11e148}: 'int java.lang.invoke.DirectMethodHandle$Holder.invokeVirtual(java.lang.Object, java.lang.Object, java.lang.Object)'> (0x00000000ee11e148) 
thrown [s\src\hotspot\share\interpreter\linkResolver.cpp, line 773]
Event: 0.859 Thread 0x0000022576b164c0 Exception <a 'java/lang/IncompatibleClassChangeError'{0x00000000eddf4198}: Found class java.lang.Object, but interface was expected> (0x00000000eddf4198) 
thrown [s\src\hotspot\share\interpreter\linkResolver.cpp, line 840]

ZGC Phase Switch (0 events):
No events

VM Operations (20 events):
Event: 0.411 Executing VM operation: ICBufferFull
Event: 0.411 Executing VM operation: ICBufferFull done
Event: 0.433 Executing VM operation: HandshakeAllThreads (Deoptimize)
Event: 0.433 Executing VM operation: HandshakeAllThreads (Deoptimize) done
Event: 0.459 Executing VM operation: HandshakeAllThreads (Deoptimize)
Event: 0.459 Executing VM operation: HandshakeAllThreads (Deoptimize) done
Event: 0.495 Executing VM operation: G1CollectForAllocation (G1 Evacuation Pause)
Event: 0.499 Executing VM operation: G1CollectForAllocation (G1 Evacuation Pause) done
Event: 0.502 Executing VM operation: HandshakeAllThreads (Deoptimize)
Event: 0.502 Executing VM operation: HandshakeAllThreads (Deoptimize) done
Event: 0.502 Executing VM operation: HandshakeAllThreads (Deoptimize)
Event: 0.502 Executing VM operation: HandshakeAllThreads (Deoptimize) done
Event: 0.553 Executing VM operation: HandshakeAllThreads (Deoptimize)
Event: 0.553 Executing VM operation: HandshakeAllThreads (Deoptimize) done
Event: 0.615 Executing VM operation: HandshakeAllThreads (Deoptimize)
Event: 0.616 Executing VM operation: HandshakeAllThreads (Deoptimize) done
Event: 0.824 Executing VM operation: ICBufferFull
Event: 0.824 Executing VM operation: ICBufferFull done
Event: 0.860 Executing VM operation: G1CollectForAllocation (G1 Evacuation Pause)
Event: 0.863 Executing VM operation: G1CollectForAllocation (G1 Evacuation Pause) done

Memory protections (0 events):
No events

Nmethod flushes (0 events):
No events

Events (19 events):
Event: 0.017 Thread 0x0000022576b164c0 Thread added: 0x0000022576b164c0
Event: 0.027 Thread 0x0000022576b164c0 Thread added: 0x0000022517661090
Event: 0.027 Thread 0x0000022576b164c0 Thread added: 0x0000022517663e60
Event: 0.027 Thread 0x0000022576b164c0 Thread added: 0x0000022517666ac0
Event: 0.027 Thread 0x0000022576b164c0 Thread added: 0x0000022517669ba0
Event: 0.027 Thread 0x0000022576b164c0 Thread added: 0x000002251766c600
Event: 0.027 Thread 0x0000022576b164c0 Thread added: 0x000002251766d050
Event: 0.027 Thread 0x0000022576b164c0 Thread added: 0x000002251767b330
Event: 0.027 Thread 0x0000022576b164c0 Thread added: 0x000002251767bdc0
Event: 0.089 Thread 0x000002251767bdc0 Thread added: 0x00000225177ebfd0
Event: 0.090 Thread 0x00000225177ebfd0 Thread added: 0x00000225177f8ee0
Event: 0.091 Thread 0x0000022576b164c0 Thread added: 0x0000022517807100
Event: 0.092 Thread 0x0000022576b164c0 Thread added: 0x000002251780f110
Event: 0.103 Thread 0x000002251767bdc0 Thread added: 0x00000225178293a0
Event: 0.103 Thread 0x000002251767bdc0 Thread added: 0x0000022517811f90
Event: 0.338 Thread 0x000002251767bdc0 Thread added: 0x000002255d6e15a0
Event: 0.397 Thread 0x0000022576b164c0 Thread added: 0x000002255d795930
Event: 0.445 Thread 0x0000022576b164c0 Thread added: 0x000002255d785520
Event: 0.445 Thread 0x0000022576b164c0 Thread added: 0x000002255da5c570


Dynamic libraries:
0x00007ff61dd80000 - 0x00007ff61dd8e000 	C:\Users\akaza\.jdks\ms-21.0.9\bin\java.exe
0x00007ffa41070000 - 0x00007ffa41268000 	C:\WINDOWS\SYSTEM32\ntdll.dll
0x00007ffa40120000 - 0x00007ffa401e2000 	C:\WINDOWS\System32\KERNEL32.DLL
0x00007ffa3e700000 - 0x00007ffa3e9f6000 	C:\WINDOWS\System32\KERNELBASE.dll
0x00007ffa3eda0000 - 0x00007ffa3eea0000 	C:\WINDOWS\System32\ucrtbase.dll
0x00007ffa1b950000 - 0x00007ffa1b968000 	C:\Users\akaza\.jdks\ms-21.0.9\bin\jli.dll
0x00007ffa1b930000 - 0x00007ffa1b94e000 	C:\Users\akaza\.jdks\ms-21.0.9\bin\VCRUNTIME140.dll
0x00007ffa40ac0000 - 0x00007ffa40c61000 	C:\WINDOWS\System32\USER32.dll
0x00007ffa3db80000 - 0x00007ffa3de1b000 	C:\WINDOWS\WinSxS\amd64_microsoft.windows.common-controls_6595b64144ccf1df_6.0.19041.6456_none_60b8a6cb71f64256\COMCTL32.dll
0x00007ffa3eef0000 - 0x00007ffa3ef12000 	C:\WINDOWS\System32\win32u.dll
0x00007ffa3f310000 - 0x00007ffa3f3ae000 	C:\WINDOWS\System32\msvcrt.dll
0x00007ffa3f970000 - 0x00007ffa3f99b000 	C:\WINDOWS\System32\GDI32.dll
0x00007ffa3ea00000 - 0x00007ffa3eb19000 	C:\WINDOWS\System32\gdi32full.dll
0x00007ffa3ed00000 - 0x00007ffa3ed9d000 	C:\WINDOWS\System32\msvcp_win.dll
0x00007ffa3f820000 - 0x00007ffa3f84f000 	C:\WINDOWS\System32\IMM32.DLL
0x00007ffa29c30000 - 0x00007ffa29c3c000 	C:\Users\akaza\.jdks\ms-21.0.9\bin\vcruntime140_1.dll
0x00007ffa0cc40000 - 0x00007ffa0ccc9000 	C:\Users\akaza\.jdks\ms-21.0.9\bin\msvcp140.dll
0x00007ff9ce6a0000 - 0x00007ff9cf44d000 	C:\Users\akaza\.jdks\ms-21.0.9\bin\server\jvm.dll
0x00007ffa3f850000 - 0x00007ffa3f901000 	C:\WINDOWS\System32\ADVAPI32.dll
0x00007ffa40d30000 - 0x00007ffa40dcf000 	C:\WINDOWS\System32\sechost.dll
0x00007ffa40de0000 - 0x00007ffa40f00000 	C:\WINDOWS\System32\RPCRT4.dll
0x00007ffa3e6d0000 - 0x00007ffa3e6f7000 	C:\WINDOWS\System32\bcrypt.dll
0x00007ffa40f00000 - 0x00007ffa40f6b000 	C:\WINDOWS\System32\WS2_32.dll
0x00007ffa3e2c0000 - 0x00007ffa3e30b000 	C:\WINDOWS\SYSTEM32\POWRPROF.dll
0x00007ffa3c370000 - 0x00007ffa3c37a000 	C:\WINDOWS\SYSTEM32\VERSION.dll
0x00007ffa317f0000 - 0x00007ffa31817000 	C:\WINDOWS\SYSTEM32\WINMM.dll
0x00007ffa3dfd0000 - 0x00007ffa3dfe2000 	C:\WINDOWS\SYSTEM32\UMPDC.dll
0x00007ffa3b690000 - 0x00007ffa3b6a2000 	C:\WINDOWS\SYSTEM32\kernel.appcore.dll
0x00007ffa27a90000 - 0x00007ffa27a9a000 	C:\Users\akaza\.jdks\ms-21.0.9\bin\jimage.dll
0x00007ffa3e0b0000 - 0x00007ffa3e2b1000 	C:\WINDOWS\SYSTEM32\DBGHELP.DLL
0x00007ffa3dff0000 - 0x00007ffa3e024000 	C:\WINDOWS\SYSTEM32\dbgcore.DLL
0x00007ffa3efd0000 - 0x00007ffa3f052000 	C:\WINDOWS\System32\bcryptPrimitives.dll
0x00007ffa0fbc0000 - 0x00007ffa0fbe1000 	C:\Users\akaza\.jdks\ms-21.0.9\bin\java.dll
0x00007ffa3f9a0000 - 0x00007ffa40110000 	C:\WINDOWS\System32\SHELL32.dll
0x00007ffa3b8b0000 - 0x00007ffa3c055000 	C:\WINDOWS\SYSTEM32\windows.storage.dll
0x00007ffa40550000 - 0x00007ffa408a4000 	C:\WINDOWS\System32\combase.dll
0x00007ffa3d920000 - 0x00007ffa3d94b000 	C:\WINDOWS\SYSTEM32\Wldp.dll
0x00007ffa402a0000 - 0x00007ffa4036d000 	C:\WINDOWS\System32\OLEAUT32.dll
0x00007ffa404a0000 - 0x00007ffa4054d000 	C:\WINDOWS\System32\SHCORE.dll
0x00007ffa40cd0000 - 0x00007ffa40d2b000 	C:\WINDOWS\System32\shlwapi.dll
0x00007ffa3e600000 - 0x00007ffa3e624000 	C:\WINDOWS\SYSTEM32\profapi.dll
0x00007ffa0cb60000 - 0x00007ffa0cc36000 	C:\Users\akaza\.jdks\ms-21.0.9\bin\jsvml.dll
0x00007ffa0f270000 - 0x00007ffa0f281000 	C:\Users\akaza\.jdks\ms-21.0.9\bin\net.dll
0x00007ffa3a1b0000 - 0x00007ffa3a2ba000 	C:\WINDOWS\SYSTEM32\WINHTTP.dll
0x00007ffa3d730000 - 0x00007ffa3d79a000 	C:\WINDOWS\system32\mswsock.dll
0x00007ffa0d260000 - 0x00007ffa0d276000 	C:\Users\akaza\.jdks\ms-21.0.9\bin\nio.dll
0x00007ffa0fba0000 - 0x00007ffa0fbb8000 	C:\Users\akaza\.jdks\ms-21.0.9\bin\zip.dll
0x00007ffa37210000 - 0x00007ffa37219000 	C:\Users\akaza\.jdks\ms-21.0.9\bin\extnet.dll
0x00007ffa37190000 - 0x00007ffa3719e000 	C:\Users\akaza\.jdks\ms-21.0.9\bin\sunmscapi.dll
0x00007ffa3eb20000 - 0x00007ffa3ec7d000 	C:\WINDOWS\System32\CRYPT32.dll
0x00007ffa3da40000 - 0x00007ffa3da67000 	C:\WINDOWS\SYSTEM32\ncrypt.dll
0x00007ffa3da00000 - 0x00007ffa3da3b000 	C:\WINDOWS\SYSTEM32\NTASN1.dll
0x00007ffa2bcf0000 - 0x00007ffa2bcf7000 	C:\WINDOWS\system32\wshunix.dll
0x00007ffa3e440000 - 0x00007ffa3e458000 	C:\WINDOWS\SYSTEM32\CRYPTSP.dll
0x00007ffa3d080000 - 0x00007ffa3d0b8000 	C:\WINDOWS\system32\rsaenh.dll
0x00007ffa3e580000 - 0x00007ffa3e5ae000 	C:\WINDOWS\SYSTEM32\USERENV.dll
0x00007ffa3d970000 - 0x00007ffa3d97c000 	C:\WINDOWS\SYSTEM32\CRYPTBASE.dll
0x00007ffa3d410000 - 0x00007ffa3d44b000 	C:\WINDOWS\SYSTEM32\IPHLPAPI.DLL
0x00007ffa40dd0000 - 0x00007ffa40dd8000 	C:\WINDOWS\System32\NSI.dll
0x00007ffa268a0000 - 0x00007ffa268b0000 	C:\Users\akaza\.jdks\ms-21.0.9\bin\verify.dll

JVMTI agents: none

dbghelp: loaded successfully - version: 4.0.5 - missing functions: none
symbol engine: initialized successfully - sym options: 0x614 - pdb path: .;C:\Users\akaza\.jdks\ms-21.0.9\bin;C:\WINDOWS\SYSTEM32;C:\WINDOWS\WinSxS\amd64_microsoft.windows.common-controls_6595b64144ccf1df_6.0.19041.6456_none_60b8a6cb71f64256;C:\Users\akaza\.jdks\ms-21.0.9\bin\server

VM Arguments:
jvm_args: -Dorg.gradle.internal.worker.tmpdir=C:\Users\akaza\IdeaProjects\my_diet\build\tmp\test\work -Xmx512m -Dfile.encoding=UTF-8 -Duser.country=RU -Duser.language=ru -Duser.variant -ea 
java_command: worker.org.gradle.process.internal.worker.GradleWorkerMain 'Gradle Test Executor 5'
java_class_path (initial): C:\\Users\\akaza\\.gradle\\caches\\9.0.0\\workerMain\\gradle-worker.jar;C:\\Users\\akaza\\IdeaProjects\\my_diet\\build\\classes\\java\\test;C:\\Users\\akaza\\IdeaProjects\\my_diet\\build\\classes\\java\\main;C:\\Users\\akaza\\IdeaProjects\\my_diet\\build\\resources\\main;C:\\Users\\akaza\\.gradle\\caches\\modules-2\\files-2.1\\org.springframework.boot\\spring-boot-starter-data-jpa\\3.5.0\\1f1b632678d5516b5866a82b282541b18f6bf84c\\spring-boot-starter-data-jpa-3.5.0.jar;C:\\Users\\akaza\\.gradle\\caches\\modules-2\\files-2.1\\org.springframework.boot\\spring-boot-starter-web\\3.5.0\\29c6198f7e5cd7c4b9a27045d93879e161d6cdd0\\spring-boot-starter-web-3.5.0.jar;C:\\Users\\akaza\\.gradle\\caches\\modules-2\\files-2.1\\org.springdoc\\springdoc-openapi-starter-webmvc-ui\\2.7.0\\4426174e7fa7428a1c5f2edbd352c89e3e6b9794\\springdoc-openapi-starter-webmvc-ui-2.7.0.jar;C:\\Users\\akaza\\.gradle\\caches\\modules-2\\files-2.1\\com.google.guava\\guava\\33.3.1-jre\\852f8b363da0111e819460021ca693cacca3e8db\\guava-33.3.1-jre.jar;C:\\Users\\akaza\\.gradle\\caches\\modules-2\\files-2.1\\com.h2database\\h2\\2.3.232\\4fcc05d966ccdb2812ae8b9a718f69226c0cf4e2\\h2-2.3.232.jar;C:\\Users\\akaza\\.gradle\\caches\\modules-2\\files-2.1\\org.springframework.boot\\spring-boot-starter-test\\3.5.0\\d973979fde1282d9368d086deb7d82997079d61b\\spring-boot-starter-test-3.5.0.jar;C:\\Users\\akaza\\.gradle\\caches\\modules-2\\files-2.1\\org.mockito\\mockito-junit-jupiter\\5.17.0\\4399e19e3fb5b55230027583323e4c883d5da07d\\mockito-junit-jupiter-5.17.0.jar;C:\\Users\\akaza\\.gradle\\caches\\modules-2\\files-2.1\\org.mockito\\mockito-core\\5.17.0\\f5fe5a2f94eb65f4f83ca0607bfe13ec0d9c6f3b\\mockito-core-5.17.0.jar;C:\\Users\\akaza\\.gradle\\caches\\modules-2\\files-2.1\\org.springframework.boot\\spring-boot-starter-jdbc\\3.5.0\\5e0188ba4c52ec7ba36b1618ff7f9738bffa1eb\\spring-boot-starter-jdbc-3.5.0.jar;C:\\Users\\akaza\\.gradle\\caches\\modules-2\\files-2.1\\org.springframework.boot\\spring-boot-starter-json\\3.5.0\\af98a526ea3f68c179a6c6199bb1dbe864f43b93\\spring-boot-starter-json-3.5.0.jar;C:\\Users\\akaza\\.gradle\\caches\\modules-2\\files-2.1\\org.springframework.boot\\spring-boot-starter\\3.5.0\\f8b02201e89d294514420a586624aa7338d61f4f\\spring-boot-starter-3.5.0.jar;C:\\Users\\akaza\\.gradle\\caches\\modules-2\\files-2.1\\org.hibernate.orm\\hibernate-core\\6.6.15.Final\\9ff5f41fc240a56d7076193094602c62a5294ea5\\hibernate-core-6.6.15.Final.jar;C:\\Users\\akaza\\.gradle\\caches\\modules-2\\files-2.1\\org.springframework.data\\spring-data-jpa\\3.5.0\\177be0a4199ea3300ee63008bbe91c8c7e639610\\spring-data-jpa-3.5.0.jar;C:\\Users\\akaza\\.gradle\\caches\\modules-2\\files-2.1\\org.springframework\\spring-aspects\\6.2.7\\52461ec85ce1dc6e80fdca92c85bab9faebc0509\\spring-aspects-6.2.7.jar;C:\\Users\\akaza\\.gradle\\caches\\modules-2\\files-2.1\\org.springframework.boot\\spring-boot-starter-tomcat\\3.5.0\\2e22a33e6f9444a7248581a23541fea5c1f6c216\\spring-boot-starter-tomcat-3.5.0.jar;C:\\Users\\akaza\\.gradle\\caches\\modules-2\\files-2.1\\org.springdoc\\springdoc-openapi-starter-webmvc-api\\2.7.0\\37d5234d1fd470918775569ebe240e18c367340f\\springdoc-openapi-starter-webmvc-api-2.7.0.jar;C:\\Users\\akaza\\.gradle\\caches\\modules-2\\files-2.1\\org.springframework\\spring-webmvc\\6.2.7\\a1954b3a51f585c6b8582831661fec981d2571e\\spring-webmvc-6.2.7.jar;C:\\Users\\akaza\\.gradle\\caches\\modules-2\\files-2.1\\org.springframework\\spring-web\\6.2.7\\1bd08eba2f2fd69eef49473e42fe124a20e7f844\\spring-web-6.2.7.jar;C:\\Users\\akaza\\.gradle\\caches\\modules-2\\files-2.1\\org.webjars\\swagger-ui\\5.18.2\\368118833fc82beedbc17783972c836aa22e0872\\swagger-ui-5.18.2.jar;C:\\Users\\akaza\\.gradle\\caches\\modules-2\\files-2.1\\org.webjars\\webjars-locator-lite\\1.1.0\\4aaeaa0cdaabb6c72a98894f0faf41037a907115\\webjars-locator-lite-1.1.0.jar;C:\\Users\\akaza\\.gradle\\caches\\modules-2\\files-2.1\\com.google.guava\\failureaccess\\1.0.2\\c4a06a64e650562f30b7bf9aaec1bfed43aca12b\\failureaccess-1.0.2.jar;C:\\Users\\akaza\\.gradle\\caches\\modules-2\\files-2.1\\com.google.guava\\listenablefuture\\9999.0-empty-to-avoid-conflict-with-guava\\b421526c5f297295adef1c886e5246c39d4ac629\\listenablefuture-9999.0-empty-to-avoid-conflict-with-guava.jar;C:\\Users\\akaza\\.gradle\\caches\\modules-2\\files-2.1\\com.google.code.findbugs\\jsr305\\3.0.2\\25ea2e8b0c338a877313bd4672d3fe056ea78f0d\\jsr305-3.0.2.jar;C:\\Users\\akaza\\.gradle\\caches\\modules-2\\files-2.1\\org.checkerframework\\checker-qual\\3.43.0\\9425eee39e56b116d2b998b7c2cebcbd11a3c98b\\checker-qual-3.43.0.jar;C:\\Users\\akaza\\.gradle\\caches\\modules-2\\files-2.1\\com.google.errorprone\\error_prone_annotations\\2.28.0\\59fc00087ce372de42e394d2c789295dff2d19f0\\error_prone_annotations-2.28.0.jar;C:\\Users\\akaza\\.gradle\\caches\\modules-2\\files-2.1\\com.google.j2objc\\j2objc-annotations\\3.0.0\\7399e65dd7e9ff3404f4535b2f017093bdb134c7\\j2objc-annotations-3.0.0.jar;C:\\Users\\akaza\\.gradle\\caches\\modules-2\\files-2.1\\org.springframework.boot\\spring-boot-test-autoconfigure\\3.5.0\\7316f805ca7db725b54e3d3902ca0b6ebafc50bc\\spring-boot-test-autoconfigure-3.5.0.jar;C:\\Users\\akaza\\.gradle\\caches\\modules-2\\files-2.1\\org.springframework.boot\\spring-boot-test\\3.5.0\\1c5c19ae32d1c4b8532dcab8a8e92094ef864bda\\spring-boot-test-3.5.0.jar;C:\\Users\\akaza\\.gradle\\caches\\modules-2\\files-2.1\\com.jayway.jsonpath\\json-path\\2.9.0\\37fe2217f577b0b68b18e62c4d17a8858ecf9b69\\json-path-2.9.0.jar;C:\\Users\\akaza\\.gradle\\caches\\modules-2\\files-2.1\\org.glassfish.jaxb\\jaxb-runtime\\4.0.5\\ca84c2a7169b5293e232b9d00d1e4e36d4c3914a\\jaxb-runtime-4.0.5.jar;C:\\Users\\akaza\\.gradle\\caches\\modules-2\\files-2.1\\org.glassfish.jaxb\\jaxb-core\\4.0.5\\7b4b11ea5542eea4ad55e1080b23be436795b3\\jaxb-core-4.0.5.jar;C:\\Users\\akaza\\.gradle\\caches\\modules-2\\files-2.1\\org.springdoc\\springdoc-openapi-starter-common\\2.7.0\\bba119cebeab38aa8ba9a506d76bd611407348c1\\springdoc-openapi-starter-common-2.7.0.jar;C:\\Users\\akaza\\.gradle\\caches\\modules-2\\files-2.1\\io.swagger.core.v3\\swagger-core-jakarta\\2.2.25\\83eceb1d4af30f9131b0e0c607b83b2c921c2525\\swagger-core-jakarta-2.2.25.jar;C:\\Users\\akaza\\.gradle\\caches\\modules-2\\files-2.1\\jakarta.xml.bind\\jakarta.xml.bind-api\\4.0.2\\6cd5a999b834b63238005b7144136379dc36cad2\\jakarta.xml.bind-api-4.0.2.jar;C:\\Users\\akaza\\.gradle\\caches\\modules-2\\files-2.1\\net.minidev\\json-smart\\2.5.2\\95d166b18f95907be0f46cdb9e1c0695eed03387\\json-smart-2.5.2.jar;C:\\Users\\akaza\\.gradle\\caches\\modules-2\\files-2.1\\org.assertj\\assertj-core\\3.27.3\\31f5d58a202bd5df4993fb10fa2cffd610c20d6f\\assertj-core-3.27.3.jar;C:\\Users\\akaza\\.gradle\\caches\\modules-2\\files-2.1\\org.awaitility\\awaitility\\4.3.0\\f0c0bc1e404e500bab3f498b922eaedeae1c0207\\awaitility-4.3.0.jar;C:\\Users\\akaza\\.gradle\\caches\\modules-2\\files-2.1\\org.hamcrest\\hamcrest\\3.0\\8fd9b78a8e6a6510a078a9e30e9e86a6035cfaf7\\hamcrest-3.0.jar;C:\\Users\\akaza\\.gradle\\caches\\modules-2\\files-2.1\\org.junit.platform\\junit-platform-launcher\\1.12.2\\79d49ad13017c67a8bf76e10ba5ac8937d811772\\junit-platform-launcher-1.12.2.jar;C:\\Users\\akaza\\.gradle\\caches\\modules-2\\files-2.1\\org.junit.jupiter\\junit-jupiter-params\\5.12.2\\ff1434a66d1fb84c2c709cde2e2d56d5c8f4fad3\\junit-jupiter-params-5.12.2.jar;C:\\Users\\akaza\\.gradle\\caches\\modules-2\\files-2.1\\org.junit.jupiter\\junit-jupiter-engine\\5.12.2\\b8df7575b8cd3a94dbe27b481d1cd52c57864559\\junit-jupiter-engine-5.12.2.jar;C:\\Users\\akaza\\.gradle\\caches\\modules-2\\files-2.1\\org.junit.jupiter\\junit-jupiter-api\\5.12.2\\6de3a3256c5d90f4a439edcb6c2e8dc5180907b0\\junit-jupiter-api-5.12.2.jar;C:\\Users\\akaza\\.gradle\\caches\\modules-2\\files-2.1\\org.junit.platform\\junit-platform-engine\\1.12.2\\8519ece93f91b8115705d36be2c36d49808935cd\\junit-platform-engine-1.12.2.jar;C:\\Users\\akaza\\.gradle\\caches\\modules-2\\files-2.1\\org.junit.platform\\junit-platform-commons\\1.12.2\\b89e88a89ee009937374a4c96912e007b34c8e35\\junit-platform-commons-1.12.2.jar;C:\\Users\\akaza\\.gradle\\caches\\modules-2\\files-2.1\\org.junit.jupiter\\junit-jupiter\\5.12.2\\64d3ec64ae06517bc14b7faaaec7c996b0d05bea\\junit-jupiter-5.12.2.jar;C:\\Users\\akaza\\.gradle\\caches\\modules-2\\files-2.1\\org.skyscreamer\\jsonassert\\1.5.3\\aaa43e0823d2a0e106e8754d6a9c4ab24e05e9bc\\jsonassert-1.5.3.jar;C:\\Users\\akaza\\.gradle\\caches\\modules-2\\files-2.1\\org.springframework\\spring-test\\6.2.7\\77af0b9d6b218d149f77e63ff5ec6349b5d8abdd\\spring-test-6.2.7.jar;C:\\Users\\akaza\\.gradle\\caches\\modules-2\\files-2.1\\org.springframework.boot\\spring-boot-autoconfigure\\3.5.0\\a7f8ba40022dd75f20ac0eafe117437a1a7f3935\\spring-boot-autoconfigure-3.5.0.jar;C:\\Users\\akaza\\.gradle\\caches\\modules-2\\files-2.1\\org.springframework.boot\\spring-boot\\3.5.0\\ec86afc460265a0219bfafe187acb6c596ac2de1\\spring-boot-3.5.0.jar;C:\\Users\\akaza\\.gradle\\caches\\modules-2\\files-2.1\\org.springframework\\spring-orm\\6.2.7\\a8966e1cf3591397b2b1381742877d55367f0b21\\spring-orm-6.2.7.jar;C:\\Users\\akaza\\.gradle\\caches\\modules-2\\files-2.1\\org.springframework\\spring-jdbc\\6.2.7\\9c2a6ac46e3af69b226401678591b6fe0350a617\\spring-jdbc-6.2.7.jar;C:\\Users\\akaza\\.gradle\\caches\\modules-2\\files-2.1\\org.springframework.data\\spring-data-commons\\3.5.0\\cae371875e7267078e1d9047db769dc598156812\\spring-data-commons-3.5.0.jar;C:\\Users\\akaza\\.gradle\\caches\\modules-2\\files-2.1\\org.springframework\\spring-context\\6.2.7\\e0f3850bba7ff52016429e8d2fa39b5107f1fde6\\spring-context-6.2.7.jar;C:\\Users\\akaza\\.gradle\\caches\\modules-2\\files-2.1\\org.springframework\\spring-aop\\6.2.7\\3df3ee9217cb62e65382718351e56f1eeb76e74c\\spring-aop-6.2.7.jar;C:\\Users\\akaza\\.gradle\\caches\\modules-2\\files-2.1\\org.springframework\\spring-tx\\6.2.7\\6cf5d200c297fa8cc0b4cf39c1a20b310d2c3d52\\spring-tx-6.2.7.jar;C:\\Users\\akaza\\.gradle\\caches\\modules-2\\files-2.1\\org.springframework\\spring-beans\\6.2.7\\64119950b73943f67196705e43acddd7bf714c45\\spring-beans-6.2.7.jar;C:\\Users\\akaza\\.gradle\\caches\\modules-2\\files-2.1\\org.springframework\\spring-expression\\6.2.7\\fa525916c85df246fcb70c771d039523dd6f12d9\\spring-expression-6.2.7.jar;C:\\Users\\akaza\\.gradle\\caches\\modules-2\\files-2.1\\org.springframework\\spring-core\\6.2.7\\525a228b8b4323568b7aa9e49c1e1df27838adf1\\spring-core-6.2.7.jar;C:\\Users\\akaza\\.gradle\\caches\\modules-2\\files-2.1\\org.xmlunit\\xmlunit-core\\2.10.1\\292f3b22389f67bd7ab541783561672e71603eaf\\xmlunit-core-2.10.1.jar;C:\\Users\\akaza\\.gradle\\caches\\modules-2\\files-2.1\\net.bytebuddy\\byte-buddy\\1.17.5\\88450f120903b7e72470462cdbd2b75a3842223c\\byte-buddy-1.17.5.jar;C:\\Users\\akaza\\.gradle\\caches\\modules-2\\files-2.1\\net.bytebuddy\\byte-buddy-agent\\1.17.5\\58f9507f5f28d1d3e7adfb4ec2fe37c29d332c9b\\byte-buddy-agent-1.17.5.jar;C:\\Users\\akaza\\.gradle\\caches\\modules-2\\files-2.1\\org.objenesis\\objenesis\\3.3\\1049c09f1de4331e8193e579448d0916d75b7631\\objenesis-3.3.jar;C:\\Users\\akaza\\.gradle\\caches\\modules-2\\files-2.1\\org.springframework.boot\\spring-boot-starter-logging\\3.5.0\\7db0461d8895f00a9841bf5558501fe90e7eba4c\\spring-boot-starter-logging-3.5.0.jar;C:\\Users\\akaza\\.gradle\\caches\\modules-2\\files-2.1\\jakarta.annotation\\jakarta.annotation-api\\2.1.1\\48b9bda22b091b1f48b13af03fe36db3be6e1ae3\\jakarta.annotation-api-2.1.1.jar;C:\\Users\\akaza\\.gradle\\caches\\modules-2\\files-2.1\\com.fasterxml.jackson.datatype\\jackson-datatype-jdk8\\2.19.0\\69312135ff6d6646203b9681fa48505f369210a6\\jackson-datatype-jdk8-2.19.0.jar;C:\\Users\\akaza\\.gradle\\caches\\modules-2\\files-2.1\\com.fasterxml.jackson.datatype\\jackson-datatype-jsr310\\2.19.0\\4c98a2fa8b35b5ffe102438f747f7b526619fde7\\jackson-datatype-jsr310-2.19.0.jar;C:\\Users\\akaza\\.gradle\\caches\\modules-2\\files-2.1\\com.fasterxml.jackson.module\\jackson-module-parameter-names\\2.19.0\\4963234952362539ca73c85b6a423c851f04f1d\\jackson-module-parameter-names-2.19.0.jar;C:\\Users\\akaza\\.gradle\\caches\\modules-2\\files-2.1\\com.fasterxml.jackson.core\\jackson-databind\\2.19.0\\b3f7506f6414fb04760561eec11a0880165c2a4a\\jackson-databind-2.19.0.jar;C:\\Users\\akaza\\.gradle\\caches\\modules-2\\files-2.1\\io.swagger.core.v3\\swagger-models-jakarta\\2.2.25\\abfe0fce84b0d8d8371f52405816a30cdba64493\\swagger-models-jakarta-2.2.25.jar;C:\\Users\\akaza\\.gradle\\caches\\modules-2\\files-2.1\\com.fasterxml.jackson.core\\jackson-annotations\\2.19.0\\fd1e7c56de1e5b658563c8c66d5074cceb4e3a0b\\jackson-annotations-2.19.0.jar;C:\\Users\\akaza\\.gradle\\caches\\modules-2\\files-2.1\\com.fasterxml.jackson.core\\jackson-core\\2.19.0\\a90640e59ea42632a8e331ff1d6b706cf306050a\\jackson-core-2.19.0.jar;C:\\Users\\akaza\\.gradle\\caches\\modules-2\\files-2.1\\com.fasterxml.jackson.dataformat\\jackson-dataformat-yaml\\2.19.0\\2d735ab4ecebf5c2bf248d4036fd4ba6d73d0cc1\\jackson-dataformat-yaml-2.19.0.jar;C:\\Users\\akaza\\.gradle\\caches\\modules-2\\files-2.1\\org.yaml\\snakeyaml\\2.4\\e0666b825b796f85521f02360e77f4c92c5a7a07\\snakeyaml-2.4.jar;C:\\Users\\akaza\\.gradle\\caches\\modules-2\\files-2.1\\com.zaxxer\\HikariCP\\6.3.0\\bebd113244c9d9926c6b792f28110ed6380cacc2\\HikariCP-6.3.0.jar;C:\\Users\\akaza\\.gradle\\caches\\modules-2\\files-2.1\\jakarta.persistence\\jakarta.persistence-api\\3.1.0\\66901fa1c373c6aff65c13791cc11da72060a8d6\\jakarta.persistence-api-3.1.0.jar;C:\\Users\\akaza\\.gradle\\caches\\modules-2\\files-2.1\\jakarta.transaction\\jakarta.transaction-api\\2.0.1\\51a520e3fae406abb84e2e1148e6746ce3f80a1a\\jakarta.transaction-api-2.0.1.jar;C:\\Users\\akaza\\.gradle\\caches\\modules-2\\files-2.1\\org.jboss.logging\\jboss-logging\\3.6.1.Final\\886afbb445b4016a37c8960a7aef6ebd769ce7e5\\jboss-logging-3.6.1.Final.jar;C:\\Users\\akaza\\.gradle\\caches\\modules-2\\files-2.1\\org.hibernate.common\\hibernate-commons-annotations\\7.0.3.Final\\e183c4be8bb41d12e9f19b374e00c34a0a85f439\\hibernate-commons-annotations-7.0.3.Final.jar;C:\\Users\\akaza\\.gradle\\caches\\modules-2\\files-2.1\\io.smallrye\\jandex\\3.2.0\\f17ad860f62a08487b9edabde608f8ac55c62fa7\\jandex-3.2.0.jar;C:\\Users\\akaza\\.gradle\\caches\\modules-2\\files-2.1\\com.fasterxml\\classmate\\1.7.0\\e98374da1f2143ac8e6e0a95036994bb19137a3\\classmate-1.7.0.jar;C:\\Users\\akaza\\.gradle\\caches\\modules-2\\files-2.1\\jakarta.inject\\jakarta.inject-api\\2.0.1\\4c28afe1991a941d7702fe1362c365f0a8641d1e\\jakarta.inject-api-2.0.1.jar;C:\\Users\\akaza\\.gradle\\caches\\modules-2\\files-2.1\\org.antlr\\antlr4-runtime\\4.13.0\\5a02e48521624faaf5ff4d99afc88b01686af655\\antlr4-runtime-4.13.0.jar;C:\\Users\\akaza\\.gradle\\caches\\modules-2\\files-2.1\\ch.qos.logback\\logback-classic\\1.5.18\\fc371f3fc97a639de2d67947cffb7518ec5e3d40\\logback-classic-1.5.18.jar;C:\\Users\\akaza\\.gradle\\caches\\modules-2\\files-2.1\\org.apache.logging.log4j\\log4j-to-slf4j\\2.24.3\\da1143e2a2531ee1c2d90baa98eb50a28a39d5a7\\log4j-to-slf4j-2.24.3.jar;C:\\Users\\akaza\\.gradle\\caches\\modules-2\\files-2.1\\org.slf4j\\jul-to-slf4j\\2.0.17\\524cb6ccc2b68a57604750e1ab8b13b5a786a6aa\\jul-to-slf4j-2.0.17.jar;C:\\Users\\akaza\\.gradle\\caches\\modules-2\\files-2.1\\org.slf4j\\slf4j-api\\2.0.17\\d9e58ac9c7779ba3bf8142aff6c830617a7fe60f\\slf4j-api-2.0.17.jar;C:\\Users\\akaza\\.gradle\\caches\\modules-2\\files-2.1\\org.aspectj\\aspectjweaver\\1.9.24\\9b5aeb0cea9f958b9c57fb80e62996e95a3e9379\\aspectjweaver-1.9.24.jar;C:\\Users\\akaza\\.gradle\\caches\\modules-2\\files-2.1\\org.apache.tomcat.embed\\tomcat-embed-websocket\\10.1.41\\d696393d5949252ed8d561184df118b3ca5efd07\\tomcat-embed-websocket-10.1.41.jar;C:\\Users\\akaza\\.gradle\\caches\\modules-2\\files-2.1\\org.apache.tomcat.embed\\tomcat-embed-core\\10.1.41\\bcf9c79a4508fd36c93babc83823c09b3aa2d510\\tomcat-embed-core-10.1.41.jar;C:\\Users\\akaza\\.gradle\\caches\\modules-2\\files-2.1\\org.apache.tomcat.embed\\tomcat-embed-el\\10.1.41\\5ca28d87f558ce31b9952dc9592f46633dc5d7a3\\tomcat-embed-el-10.1.41.jar;C:\\Users\\akaza\\.gradle\\caches\\modules-2\\files-2.1\\io.micrometer\\micrometer-observation\\1.15.0\\1bcd42cb00aead4d441038fa86b0e6b41922e254\\micrometer-observation-1.15.0.jar;C:\\Users\\akaza\\.gradle\\caches\\modules-2\\files-2.1\\org.jspecify\\jspecify\\1.0.0\\7425a601c1c7ec76645a78d22b8c6a627edee507\\jspecify-1.0.0.jar;C:\\Users\\akaza\\.gradle\\caches\\modules-2\\files-2.1\\org.eclipse.angus\\angus-activation\\2.0.2\\41f1e0ddd157c856926ed149ab837d110955a9fc\\angus-activation-2.0.2.jar;C:\\Users\\akaza\\.gradle\\caches\\modules-2\\files-2.1\\jakarta.activation\\jakarta.activation-api\\2.1.3\\fa165bd70cda600368eee31555222776a46b881f\\jakarta.activation-api-2.1.3.jar;C:\\Users\\akaza\\.gradle\\caches\\modules-2\\files-2.1\\net.minidev\\accessors-smart\\2.5.2\\ce16fd235cfee48e67eda33e684423bba09f7d07\\accessors-smart-2.5.2.jar;C:\\Users\\akaza\\.gradle\\caches\\modules-2\\files-2.1\\com.vaadin.external.google\\android-json\\0.0.20131108.vaadin1\\fa26d351fe62a6a17f5cda1287c1c6110dec413f\\android-json-0.0.20131108.vaadin1.jar;C:\\Users\\akaza\\.gradle\\caches\\modules-2\\files-2.1\\org.springframework\\spring-jcl\\6.2.7\\16b5f3446a6fcf097f4910c935086d08db657653\\spring-jcl-6.2.7.jar;C:\\Users\\akaza\\.gradle\\caches\\modules-2\\files-2.1\\io.micrometer\\micrometer-commons\\1.15.0\\a796f0418b2e0fe42988a1ca6e240d8b3fb5e954\\micrometer-commons-1.15.0.jar;C:\\Users\\akaza\\.gradle\\caches\\modules-2\\files-2.1\\org.ow2.asm\\asm\\9.7.1\\f0ed132a49244b042cd0e15702ab9f2ce3cc8436\\asm-9.7.1.jar;C:\\Users\\akaza\\.gradle\\caches\\modules-2\\files-2.1\\org.opentest4j\\opentest4j\\1.3.0\\152ea56b3a72f655d4fd677fc0ef2596c3dd5e6e\\opentest4j-1.3.0.jar;C:\\Users\\akaza\\.gradle\\caches\\modules-2\\files-2.1\\ch.qos.logback\\logback-core\\1.5.18\\6c0375624f6f36b4e089e2488ba21334a11ef13f\\logback-core-1.5.18.jar;C:\\Users\\akaza\\.gradle\\caches\\modules-2\\files-2.1\\org.apache.logging.log4j\\log4j-api\\2.24.3\\b02c125db8b6d295adf72ae6e71af5d83bce2370\\log4j-api-2.24.3.jar;C:\\Users\\akaza\\.gradle\\caches\\modules-2\\files-2.1\\org.glassfish.jaxb\\txw2\\4.0.5\\f36a4ef12120a9bb06d766d6a0e54b144fd7ed98\\txw2-4.0.5.jar;C:\\Users\\akaza\\.gradle\\caches\\modules-2\\files-2.1\\com.sun.istack\\istack-commons-runtime\\4.1.2\\18ec117c85f3ba0ac65409136afa8e42bc74e739\\istack-commons-runtime-4.1.2.jar;C:\\Users\\akaza\\.gradle\\caches\\modules-2\\files-2.1\\org.apache.commons\\commons-lang3\\3.17.0\\b17d2136f0460dcc0d2016ceefca8723bdf4ee70\\commons-lang3-3.17.0.jar;C:\\Users\\akaza\\.gradle\\caches\\modules-2\\files-2.1\\io.swagger.core.v3\\swagger-annotations-jakarta\\2.2.25\\6d8682e3c878769b2658397dacbd2474602487dc\\swagger-annotations-jakarta-2.2.25.jar;C:\\Users\\akaza\\.gradle\\caches\\modules-2\\files-2.1\\jakarta.validation\\jakarta.validation-api\\3.0.2\\92b6631659ba35ca09e44874d3eb936edfeee532\\jakarta.validation-api-3.0.2.jar
Launcher Type: SUN_STANDARD

[Global flags]
     intx CICompilerCount                          = 12                                        {product} {ergonomic}
     uint ConcGCThreads                            = 3                                         {product} {ergonomic}
     uint G1ConcRefinementThreads                  = 13                                        {product} {ergonomic}
   size_t G1HeapRegionSize                         = 1048576                                   {product} {ergonomic}
    uintx GCDrainStackTargetSize                   = 64                                        {product} {ergonomic}
   size_t InitialHeapSize                          = 260046848                                 {product} {ergonomic}
   size_t MarkStackSize                            = 4194304                                   {product} {ergonomic}
   size_t MaxHeapSize                              = 536870912                                 {product} {command line}
   size_t MaxNewSize                               = 321912832                                 {product} {ergonomic}
   size_t MinHeapDeltaBytes                        = 1048576                                   {product} {ergonomic}
   size_t MinHeapSize                              = 8388608                                   {product} {ergonomic}
    uintx NonNMethodCodeHeapSize                   = 7602480                                {pd product} {ergonomic}
    uintx NonProfiledCodeHeapSize                  = 122027880                              {pd product} {ergonomic}
    uintx ProfiledCodeHeapSize                     = 122027880                              {pd product} {ergonomic}
    uintx ReservedCodeCacheSize                    = 251658240                              {pd product} {ergonomic}
     bool SegmentedCodeCache                       = true                                      {product} {ergonomic}
   size_t SoftMaxHeapSize                          = 536870912                              {manageable} {ergonomic}
     bool UseCompressedOops                        = true                           {product lp64_product} {ergonomic}
     bool UseG1GC                                  = true                                      {product} {ergonomic}
     bool UseLargePagesIndividualAllocation        = false                                  {pd product} {ergonomic}

Logging:
Log output configuration:
 #0: stdout all=warning uptime,level,tags foldmultilines=false
 #1: stderr all=off uptime,level,tags foldmultilines=false

Release file:
IMPLEMENTOR="Microsoft" 
IMPLEMENTOR_VERSION="Microsoft-12574459" 
JAVA_RUNTIME_VERSION="21.0.9+10-LTS" 
JAVA_VERSION="21.0.9" 
JAVA_VERSION_DATE="2025-10-21" 
LIBC="default" 
MODULES="java.base java.compiler java.datatransfer java.xml java.prefs java.desktop java.instrument java.logging java.management java.security.sasl java.naming java.rmi java.management.rmi java.net.http java.scripting java.security.jgss java.transaction.xa java.sql java.sql.rowset java.xml.crypto java.se java.smartcardio jdk.accessibility jdk.internal.jvmstat jdk.attach jdk.charsets jdk.internal.opt jdk.zipfs jdk.compiler jdk.crypto.ec jdk.crypto.cryptoki jdk.crypto.mscapi jdk.dynalink jdk.internal.ed jdk.editpad jdk.hotspot.agent jdk.httpserver jdk.incubator.vector jdk.internal.le jdk.internal.vm.ci jdk.internal.vm.compiler jdk.internal.vm.compiler.management jdk.jartool jdk.javadoc jdk.jcmd jdk.management jdk.management.agent jdk.jconsole jdk.jdeps jdk.jdwp.agent jdk.jdi jdk.jfr jdk.jlink jdk.jpackage jdk.jshell jdk.jsobject jdk.jstatd jdk.localedata jdk.management.jfr jdk.naming.dns jdk.naming.rmi jdk.net jdk.nio.mapmode jdk.random jdk.sctp jdk.security.auth jdk.security.jgss jdk.unsupported jdk.unsupported.desktop jdk.xml.dom" 
OS_ARCH="x86_64" 
OS_NAME="Windows" 
SOURCE=".:git:e0bc49609000" 

Environment Variables:
JAVA_HOME=C:\Program Files\Java\jdk-25
PATH=C:\Program Files\Common Files\Oracle\Java\javapath;C:\WINDOWS\system32;C:\WINDOWS;C:\WINDOWS\System32\Wbem;C:\WINDOWS\System32\WindowsPowerShell\v1.0\;C:\WINDOWS\System32\OpenSSH\;C:\Program Files (x86)\dotnet\;C:\Program Files (x86)\NVIDIA Corporation\PhysX\Common;C:\Program Files\Git\cmd;C:\Program Files (x86)\Common Files\Acronis\SnapAPI\;C:\Program Files\NVIDIA Corporation\NVIDIA App\NvDLISR;C:\Program Files\Cloudflare\Cloudflare WARP\;C:\Program Files\Docker\Docker\resources\bin;D:\Programs\Minikube;C:\Users\akaza\AppData\Local\Microsoft\WindowsApps;C:\Program Files\JetBrains\IntelliJ IDEA Community Edition 2022.3.1\bin;;C:\Program Files\Java\jdk-25\bin;C:\Program Files\Microsoft VS Code\bin;C:\Program Files\JetBrains\PyCharm Community Edition 2022.3.2\bin;;C:\Program Files\JetBrains\IntelliJ IDEA 2022.2\bin;;C:\Program Files\Gradle\gradle-9.2.1\bin;D:\Programs\apache-maven-3.9.14\bin;
USERNAME=akaza
OS=Windows_NT
PROCESSOR_IDENTIFIER=AMD64 Family 25 Model 80 Stepping 0, AuthenticAMD
TMP=C:\Users\akaza\AppData\Local\Temp
TEMP=C:\Users\akaza\AppData\Local\Temp




Periodic native trim disabled

---------------  S Y S T E M  ---------------

OS:
 Windows 10 , 64 bit Build 19041 (10.0.19041.5915)
OS uptime: 7 days 5:14 hours
Hyper-V role detected

CPU: total 16 (initial active 16) (16 cores per cpu, 2 threads per core) family 25 model 80 stepping 0 microcode 0x0, cx8, cmov, fxsr, ht, mmx, 3dnowpref, sse, sse2, sse3, ssse3, sse4a, sse4.1, sse4.2, popcnt, lzcnt, tsc, tscinvbit, avx, avx2, aes, erms, clmul, bmi1, bmi2, adx, sha, fma, vzeroupper, clflush, clflushopt, hv, rdtscp, rdpid, fsrm, f16c, cet_ss
Processor Information for the first 16 processors :
  Max Mhz: 3201, Current Mhz: 3201, Mhz Limit: 3201

Memory: 4k page, system-wide physical 15775M (3391M free)
TotalPageFile size 41382M (AvailPageFile size 4M)
current process WorkingSet (physical memory assigned to process): 126M, peak: 126M
current process commit charge ("private bytes"): 391M, peak: 392M

vm_info: OpenJDK 64-Bit Server VM (21.0.9+10-LTS) for windows-amd64 JRE (21.0.9+10-LTS), built on 2025-10-13T22:04:36Z by "MicrosoftCorporation" with unknown MS VC++:1944

END.
