#
# There is insufficient memory for the Java Runtime Environment to continue.
# Native memory allocation (malloc) failed to allocate 915936 bytes. Error detail: Chunk::new
# Possible reasons:
#   The system is out of physical RAM or swap space
#   This process is running with CompressedOops enabled, and the Java Heap may be blocking the growth of the native heap
# Possible solutions:
#   Reduce memory load on the system
#   Increase physical memory or swap space
#   Check if swap backing store is full
#   Decrease Java heap size (-Xmx/-Xms)
#   Decrease number of Java threads
#   Decrease Java thread stack sizes (-Xss)
#   Set larger code cache with -XX:ReservedCodeCacheSize=
#   JVM is running with Unscaled Compressed Oops mode in which the Java heap is
#     placed in the first 4GB address space. The Java Heap base address is the
#     maximum limit for the native heap growth. Please use -XX:HeapBaseMinAddress
#     to set the Java Heap base and to place the Java Heap above 4GB virtual address.
# This output file may be truncated or incomplete.
#
#  Out of Memory Error (arena.cpp:168), pid=4932, tid=19612
#
# JRE version: OpenJDK Runtime Environment Microsoft-12574459 (21.0.9+10) (build 21.0.9+10-LTS)
# Java VM: OpenJDK 64-Bit Server VM Microsoft-12574459 (21.0.9+10-LTS, mixed mode, sharing, tiered, compressed oops, compressed class ptrs, g1 gc, windows-amd64)
# No core dump will be written. Minidumps are not enabled by default on client versions of Windows
#

---------------  S U M M A R Y ------------

Command Line: --add-opens=java.base/java.lang=ALL-UNNAMED --add-opens=java.base/java.lang.invoke=ALL-UNNAMED --add-opens=java.base/java.util=ALL-UNNAMED --add-opens=java.prefs/java.util.prefs=ALL-UNNAMED --add-exports=jdk.compiler/com.sun.tools.javac.api=ALL-UNNAMED --add-exports=jdk.compiler/com.sun.tools.javac.util=ALL-UNNAMED --add-opens=java.base/java.util=ALL-UNNAMED --add-opens=java.prefs/java.util.prefs=ALL-UNNAMED --add-opens=java.base/java.nio.charset=ALL-UNNAMED --add-opens=java.base/java.net=ALL-UNNAMED --add-opens=java.base/java.util.concurrent=ALL-UNNAMED --add-opens=java.base/java.util.concurrent.atomic=ALL-UNNAMED --add-opens=java.xml/javax.xml.namespace=ALL-UNNAMED -XX:MaxMetaspaceSize=384m -XX:+HeapDumpOnOutOfMemoryError -Xms256m -Xmx512m -Dfile.encoding=UTF-8 -Duser.country=RU -Duser.language=ru -Duser.variant -javaagent:C:\Users\akaza\.gradle\wrapper\dists\gradle-9.0.0-all\bslsdt4hlv6gkyka2jcuzrejl\gradle-9.0.0\lib\agents\gradle-instrumentation-agent-9.0.0.jar org.gradle.launcher.daemon.bootstrap.GradleDaemon 9.0.0

Host: AMD Ryzen 7 5800H with Radeon Graphics         , 16 cores, 15G,  Windows 10 , 64 bit Build 19041 (10.0.19041.5915)
Time: Thu Aug  6 22:46:21 2026 elapsed time: 1.788177 seconds (0d 0h 0m 1s)

---------------  T H R E A D  ---------------

Current thread (0x000002843500ec90):  JavaThread "C2 CompilerThread0" daemon [_thread_in_native, id=19612, stack(0x000000bb1d300000,0x000000bb1d400000) (1024K)]


Current CompileTask:
C2:1788 2827   !   4       java.lang.ClassLoader::loadClass (121 bytes)

Stack: [0x000000bb1d300000,0x000000bb1d400000]
Native frames: (J=compiled Java code, j=interpreted, Vv=VM code, C=native code)
V  [jvm.dll+0x6df259]  (no source info available)
V  [jvm.dll+0x8bfe4b]  (no source info available)
V  [jvm.dll+0x8c23da]  (no source info available)
V  [jvm.dll+0x8c2ab3]  (no source info available)
V  [jvm.dll+0x28a416]  (no source info available)
V  [jvm.dll+0xc903d]  (no source info available)
V  [jvm.dll+0xc958c]  (no source info available)
V  [jvm.dll+0x30149e]  (no source info available)
V  [jvm.dll+0x608da7]  (no source info available)
V  [jvm.dll+0x25b3d7]  (no source info available)
V  [jvm.dll+0x25b7ad]  (no source info available)
V  [jvm.dll+0x2540a9]  (no source info available)
V  [jvm.dll+0x2515b1]  (no source info available)
V  [jvm.dll+0x1d18cf]  (no source info available)
V  [jvm.dll+0x26138a]  (no source info available)
V  [jvm.dll+0x25f6f5]  (no source info available)
V  [jvm.dll+0x401aad]  (no source info available)
V  [jvm.dll+0x869f7d]  (no source info available)
V  [jvm.dll+0x6e080d]  (no source info available)
C  [ucrtbase.dll+0x21bb2]  (no source info available)
C  [KERNEL32.DLL+0x17374]  (no source info available)
C  [ntdll.dll+0x4cc91]  (no source info available)


---------------  P R O C E S S  ---------------

Threads class SMR info:
_java_thread_list=0x0000028437233e80, length=30, elements={
0x000002847ff32480, 0x000002841bfe4240, 0x000002841bfe4e90, 0x000002841bfe79f0,
0x000002841bfea450, 0x0000028435008090, 0x000002843500b920, 0x000002843500ec90,
0x000002843500f380, 0x0000028435012330, 0x000002843500a570, 0x000002843500b290,
0x000002843500fa50, 0x0000028435011590, 0x0000028435012a00, 0x0000028435010120,
0x0000028435010ec0, 0x000002843500bfb0, 0x0000028435009ee0, 0x0000028435008b30,
0x0000028435009850, 0x00000284370125a0, 0x000002843700dd70, 0x000002843700d6e0,
0x000002843700e400, 0x000002843700f120, 0x000002843700ea90, 0x000002843700f7b0,
0x000002843700fe40, 0x00000284370104d0
}

Java Threads: ( => current thread )
  0x000002847ff32480 JavaThread "main"                              [_thread_blocked, id=32636, stack(0x000000bb1c500000,0x000000bb1c600000) (1024K)]
  0x000002841bfe4240 JavaThread "Reference Handler"          daemon [_thread_blocked, id=35900, stack(0x000000bb1cd00000,0x000000bb1ce00000) (1024K)]
  0x000002841bfe4e90 JavaThread "Finalizer"                  daemon [_thread_blocked, id=36916, stack(0x000000bb1ce00000,0x000000bb1cf00000) (1024K)]
  0x000002841bfe79f0 JavaThread "Signal Dispatcher"          daemon [_thread_blocked, id=33296, stack(0x000000bb1cf00000,0x000000bb1d000000) (1024K)]
  0x000002841bfea450 JavaThread "Attach Listener"            daemon [_thread_blocked, id=20856, stack(0x000000bb1d000000,0x000000bb1d100000) (1024K)]
  0x0000028435008090 JavaThread "Service Thread"             daemon [_thread_blocked, id=29020, stack(0x000000bb1d100000,0x000000bb1d200000) (1024K)]
  0x000002843500b920 JavaThread "Monitor Deflation Thread"   daemon [_thread_blocked, id=3700, stack(0x000000bb1d200000,0x000000bb1d300000) (1024K)]
=>0x000002843500ec90 JavaThread "C2 CompilerThread0"         daemon [_thread_in_native, id=19612, stack(0x000000bb1d300000,0x000000bb1d400000) (1024K)]
  0x000002843500f380 JavaThread "C1 CompilerThread0"         daemon [_thread_blocked, id=33732, stack(0x000000bb1d400000,0x000000bb1d500000) (1024K)]
  0x0000028435012330 JavaThread "C1 CompilerThread1"         daemon [_thread_blocked, id=10452, stack(0x000000bb1d500000,0x000000bb1d600000) (1024K)]
  0x000002843500a570 JavaThread "Common-Cleaner"             daemon [_thread_blocked, id=28676, stack(0x000000bb1d700000,0x000000bb1d800000) (1024K)]
  0x000002843500b290 JavaThread "Notification Thread"        daemon [_thread_blocked, id=25264, stack(0x000000bb1d600000,0x000000bb1d700000) (1024K)]
  0x000002843500fa50 JavaThread "C2 CompilerThread1"         daemon [_thread_blocked, id=29280, stack(0x000000bb1d800000,0x000000bb1d900000) (1024K)]
  0x0000028435011590 JavaThread "C2 CompilerThread2"         daemon [_thread_blocked, id=34704, stack(0x000000bb1d900000,0x000000bb1da00000) (1024K)]
  0x0000028435012a00 JavaThread "C2 CompilerThread3"         daemon [_thread_in_native, id=27132, stack(0x000000bb1da00000,0x000000bb1db00000) (1024K)]
  0x0000028435010120 JavaThread "C1 CompilerThread2"         daemon [_thread_blocked, id=29352, stack(0x000000bb1e100000,0x000000bb1e200000) (1024K)]
  0x0000028435010ec0 JavaThread "C1 CompilerThread3"         daemon [_thread_blocked, id=36224, stack(0x000000bb1e200000,0x000000bb1e300000) (1024K)]
  0x000002843500bfb0 JavaThread "Daemon health stats"               [_thread_blocked, id=29336, stack(0x000000bb1e600000,0x000000bb1e700000) (1024K)]
  0x0000028435009ee0 JavaThread "Incoming local TCP Connector on port 65214"        [_thread_in_native, id=22908, stack(0x000000bb1e700000,0x000000bb1e800000) (1024K)]
  0x0000028435008b30 JavaThread "Daemon periodic checks"            [_thread_blocked, id=25512, stack(0x000000bb1e800000,0x000000bb1e900000) (1024K)]
  0x0000028435009850 JavaThread "Daemon"                            [_thread_blocked, id=33396, stack(0x000000bb1e900000,0x000000bb1ea00000) (1024K)]
  0x00000284370125a0 JavaThread "Handler for socket connection from /127.0.0.1:65214 to /127.0.0.1:65215"        [_thread_in_native, id=29608, stack(0x000000bb1ea00000,0x000000bb1eb00000) (1024K)]
  0x000002843700dd70 JavaThread "Cancel handler"                    [_thread_blocked, id=19276, stack(0x000000bb1eb00000,0x000000bb1ec00000) (1024K)]
  0x000002843700d6e0 JavaThread "Daemon worker"                     [_thread_in_vm, id=26684, stack(0x000000bb1ec00000,0x000000bb1ed00000) (1024K)]
  0x000002843700e400 JavaThread "Asynchronous log dispatcher for DefaultDaemonConnection: socket connection from /127.0.0.1:65214 to /127.0.0.1:65215"        [_thread_blocked, id=10012, stack(0x000000bb1ed00000,0x000000bb1ee00000) (1024K)]
  0x000002843700f120 JavaThread "Stdin handler"                     [_thread_blocked, id=3652, stack(0x000000bb1ee00000,0x000000bb1ef00000) (1024K)]
  0x000002843700ea90 JavaThread "Daemon client event forwarder"        [_thread_blocked, id=10312, stack(0x000000bb1ef00000,0x000000bb1f000000) (1024K)]
  0x000002843700f7b0 JavaThread "Cache worker for journal cache (C:\Users\akaza\.gradle\caches\journal-1)"        [_thread_blocked, id=33320, stack(0x000000bb1db00000,0x000000bb1dc00000) (1024K)]
  0x000002843700fe40 JavaThread "File lock request listener"        [_thread_in_native, id=30468, stack(0x000000bb1f000000,0x000000bb1f100000) (1024K)]
  0x00000284370104d0 JavaThread "Cache worker for file hash cache (C:\Users\akaza\.gradle\caches\9.0.0\fileHashes)"        [_thread_blocked, id=4080, stack(0x000000bb1f100000,0x000000bb1f200000) (1024K)]
Total: 30

Other Threads:
  0x000002841bfce3a0 VMThread "VM Thread"                           [id=28356, stack(0x000000bb1cc00000,0x000000bb1cd00000) (1024K)]
  0x000002841bfbaf30 WatcherThread "VM Periodic Task Thread"        [id=32692, stack(0x000000bb1cb00000,0x000000bb1cc00000) (1024K)]
  0x000002847ff60560 WorkerThread "GC Thread#0"                     [id=35932, stack(0x000000bb1c600000,0x000000bb1c700000) (1024K)]
  0x000002843552dba0 WorkerThread "GC Thread#1"                     [id=36756, stack(0x000000bb1dc00000,0x000000bb1dd00000) (1024K)]
  0x000002843552df40 WorkerThread "GC Thread#2"                     [id=14028, stack(0x000000bb1dd00000,0x000000bb1de00000) (1024K)]
  0x00000284353083b0 WorkerThread "GC Thread#3"                     [id=35600, stack(0x000000bb1de00000,0x000000bb1df00000) (1024K)]
  0x0000028435308750 WorkerThread "GC Thread#4"                     [id=34080, stack(0x000000bb1df00000,0x000000bb1e000000) (1024K)]
  0x0000028435308af0 WorkerThread "GC Thread#5"                     [id=2716, stack(0x000000bb1e000000,0x000000bb1e100000) (1024K)]
  0x0000028435e51d70 WorkerThread "GC Thread#6"                     [id=21028, stack(0x000000bb1e300000,0x000000bb1e400000) (1024K)]
  0x0000028435e52bf0 WorkerThread "GC Thread#7"                     [id=23892, stack(0x000000bb1e400000,0x000000bb1e500000) (1024K)]
  0x0000028435e524b0 WorkerThread "GC Thread#8"                     [id=30424, stack(0x000000bb1e500000,0x000000bb1e600000) (1024K)]
  0x000002847ff652f0 ConcurrentGCThread "G1 Main Marker"            [id=21016, stack(0x000000bb1c700000,0x000000bb1c800000) (1024K)]
  0x000002847ff67570 WorkerThread "G1 Conc#0"                       [id=33712, stack(0x000000bb1c800000,0x000000bb1c900000) (1024K)]
  0x000002841be90250 ConcurrentGCThread "G1 Refine#0"               [id=25588, stack(0x000000bb1c900000,0x000000bb1ca00000) (1024K)]
  0x000002841be90a70 ConcurrentGCThread "G1 Service"                [id=10152, stack(0x000000bb1ca00000,0x000000bb1cb00000) (1024K)]
Total: 15

Threads with active compile tasks:
C2 CompilerThread0  1801 2827   !   4       java.lang.ClassLoader::loadClass (121 bytes)
C2 CompilerThread3  1801 2889       4       java.lang.invoke.MethodType::makeImpl (109 bytes)
Total: 2

VM state: not at safepoint (normal execution)

VM Mutex/Monitor currently owned by a thread: None

Heap address: 0x00000000e0000000, size: 512 MB, Compressed Oops mode: 32-bit

CDS archive(s) mapped at: [0x000002841c000000-0x000002841cc80000-0x000002841cc80000), size 13107200, SharedBaseAddress: 0x000002841c000000, ArchiveRelocationMode: 1.
Compressed class space mapped at: 0x000002841d000000-0x0000028431000000, reserved size: 335544320
Narrow klass base: 0x000002841c000000, Narrow klass shift: 0, Narrow klass range: 0x100000000

GC Precious Log:
 CardTable entry size: 512
 Card Set container configuration: InlinePtr #cards 5 size 8 Array Of Cards #cards 12 size 40 Howl #buckets 4 coarsen threshold 1843 Howl Bitmap #cards 512 size 80 coarsen threshold 460 Card regions per heap region 1 cards per card region 2048
 CPUs: 16 total, 16 available
 Memory: 15775M
 Large Page Support: Disabled
 NUMA Support: Disabled
 Compressed Oops: Enabled (32-bit)
 Heap Region Size: 1M
 Heap Min Capacity: 256M
 Heap Initial Capacity: 256M
 Heap Max Capacity: 512M
 Pre-touch: Disabled
 Parallel Workers: 13
 Concurrent Workers: 3
 Concurrent Refinement Workers: 13
 Periodic GC: Disabled

Heap:
 garbage-first heap   total 262144K, used 66649K [0x00000000e0000000, 0x0000000100000000)
  region size 1024K, 57 young (58368K), 8 survivors (8192K)
 Metaspace       used 16092K, committed 16512K, reserved 393216K
  class space    used 2185K, committed 2368K, reserved 327680K

Heap Regions: E=young(eden), S=young(survivor), O=old, HS=humongous(starts), HC=humongous(continues), CS=collection set, F=free, TAMS=top-at-mark-start, PB=parsable bottom
|   0|0x00000000e0000000, 0x00000000e0100000, 0x00000000e0100000|100%|HS|  |TAMS 0x00000000e0000000| PB 0x00000000e0000000| Complete 
|   1|0x00000000e0100000, 0x00000000e0200000, 0x00000000e0200000|100%|HC|  |TAMS 0x00000000e0100000| PB 0x00000000e0100000| Complete 
|   2|0x00000000e0200000, 0x00000000e0300000, 0x00000000e0300000|100%|HC|  |TAMS 0x00000000e0200000| PB 0x00000000e0200000| Complete 
|   3|0x00000000e0300000, 0x00000000e0400000, 0x00000000e0400000|100%| O|  |TAMS 0x00000000e0300000| PB 0x00000000e0300000| Untracked 
|   4|0x00000000e0400000, 0x00000000e0500000, 0x00000000e0500000|100%| O|  |TAMS 0x00000000e0400000| PB 0x00000000e0400000| Untracked 
|   5|0x00000000e0500000, 0x00000000e0600000, 0x00000000e0600000|100%| O|  |TAMS 0x00000000e0500000| PB 0x00000000e0500000| Untracked 
|   6|0x00000000e0600000, 0x00000000e0700000, 0x00000000e0700000|100%|HS|  |TAMS 0x00000000e0600000| PB 0x00000000e0600000| Complete 
|   7|0x00000000e0700000, 0x00000000e0700000, 0x00000000e0800000|  0%| F|  |TAMS 0x00000000e0700000| PB 0x00000000e0700000| Untracked 
|   8|0x00000000e0800000, 0x00000000e0900000, 0x00000000e0900000|100%| O|  |TAMS 0x00000000e0800000| PB 0x00000000e0800000| Untracked 
|   9|0x00000000e0900000, 0x00000000e0a00000, 0x00000000e0a00000|100%| O|  |TAMS 0x00000000e0900000| PB 0x00000000e0900000| Untracked 
|  10|0x00000000e0a00000, 0x00000000e0a16660, 0x00000000e0b00000|  8%| O|  |TAMS 0x00000000e0a00000| PB 0x00000000e0a00000| Untracked 
|  11|0x00000000e0b00000, 0x00000000e0b00000, 0x00000000e0c00000|  0%| F|  |TAMS 0x00000000e0b00000| PB 0x00000000e0b00000| Untracked 
|  12|0x00000000e0c00000, 0x00000000e0c00000, 0x00000000e0d00000|  0%| F|  |TAMS 0x00000000e0c00000| PB 0x00000000e0c00000| Untracked 
|  13|0x00000000e0d00000, 0x00000000e0d00000, 0x00000000e0e00000|  0%| F|  |TAMS 0x00000000e0d00000| PB 0x00000000e0d00000| Untracked 
|  14|0x00000000e0e00000, 0x00000000e0e00000, 0x00000000e0f00000|  0%| F|  |TAMS 0x00000000e0e00000| PB 0x00000000e0e00000| Untracked 
|  15|0x00000000e0f00000, 0x00000000e0f00000, 0x00000000e1000000|  0%| F|  |TAMS 0x00000000e0f00000| PB 0x00000000e0f00000| Untracked 
|  16|0x00000000e1000000, 0x00000000e1000000, 0x00000000e1100000|  0%| F|  |TAMS 0x00000000e1000000| PB 0x00000000e1000000| Untracked 
|  17|0x00000000e1100000, 0x00000000e1100000, 0x00000000e1200000|  0%| F|  |TAMS 0x00000000e1100000| PB 0x00000000e1100000| Untracked 
|  18|0x00000000e1200000, 0x00000000e1200000, 0x00000000e1300000|  0%| F|  |TAMS 0x00000000e1200000| PB 0x00000000e1200000| Untracked 
|  19|0x00000000e1300000, 0x00000000e1300000, 0x00000000e1400000|  0%| F|  |TAMS 0x00000000e1300000| PB 0x00000000e1300000| Untracked 
|  20|0x00000000e1400000, 0x00000000e1400000, 0x00000000e1500000|  0%| F|  |TAMS 0x00000000e1400000| PB 0x00000000e1400000| Untracked 
|  21|0x00000000e1500000, 0x00000000e1500000, 0x00000000e1600000|  0%| F|  |TAMS 0x00000000e1500000| PB 0x00000000e1500000| Untracked 
|  22|0x00000000e1600000, 0x00000000e1600000, 0x00000000e1700000|  0%| F|  |TAMS 0x00000000e1600000| PB 0x00000000e1600000| Untracked 
|  23|0x00000000e1700000, 0x00000000e1700000, 0x00000000e1800000|  0%| F|  |TAMS 0x00000000e1700000| PB 0x00000000e1700000| Untracked 
|  24|0x00000000e1800000, 0x00000000e1800000, 0x00000000e1900000|  0%| F|  |TAMS 0x00000000e1800000| PB 0x00000000e1800000| Untracked 
|  25|0x00000000e1900000, 0x00000000e1900000, 0x00000000e1a00000|  0%| F|  |TAMS 0x00000000e1900000| PB 0x00000000e1900000| Untracked 
|  26|0x00000000e1a00000, 0x00000000e1a00000, 0x00000000e1b00000|  0%| F|  |TAMS 0x00000000e1a00000| PB 0x00000000e1a00000| Untracked 
|  27|0x00000000e1b00000, 0x00000000e1b00000, 0x00000000e1c00000|  0%| F|  |TAMS 0x00000000e1b00000| PB 0x00000000e1b00000| Untracked 
|  28|0x00000000e1c00000, 0x00000000e1c00000, 0x00000000e1d00000|  0%| F|  |TAMS 0x00000000e1c00000| PB 0x00000000e1c00000| Untracked 
|  29|0x00000000e1d00000, 0x00000000e1d00000, 0x00000000e1e00000|  0%| F|  |TAMS 0x00000000e1d00000| PB 0x00000000e1d00000| Untracked 
|  30|0x00000000e1e00000, 0x00000000e1e00000, 0x00000000e1f00000|  0%| F|  |TAMS 0x00000000e1e00000| PB 0x00000000e1e00000| Untracked 
|  31|0x00000000e1f00000, 0x00000000e1f00000, 0x00000000e2000000|  0%| F|  |TAMS 0x00000000e1f00000| PB 0x00000000e1f00000| Untracked 
|  32|0x00000000e2000000, 0x00000000e2000000, 0x00000000e2100000|  0%| F|  |TAMS 0x00000000e2000000| PB 0x00000000e2000000| Untracked 
|  33|0x00000000e2100000, 0x00000000e2100000, 0x00000000e2200000|  0%| F|  |TAMS 0x00000000e2100000| PB 0x00000000e2100000| Untracked 
|  34|0x00000000e2200000, 0x00000000e2200000, 0x00000000e2300000|  0%| F|  |TAMS 0x00000000e2200000| PB 0x00000000e2200000| Untracked 
|  35|0x00000000e2300000, 0x00000000e2300000, 0x00000000e2400000|  0%| F|  |TAMS 0x00000000e2300000| PB 0x00000000e2300000| Untracked 
|  36|0x00000000e2400000, 0x00000000e2400000, 0x00000000e2500000|  0%| F|  |TAMS 0x00000000e2400000| PB 0x00000000e2400000| Untracked 
|  37|0x00000000e2500000, 0x00000000e2500000, 0x00000000e2600000|  0%| F|  |TAMS 0x00000000e2500000| PB 0x00000000e2500000| Untracked 
|  38|0x00000000e2600000, 0x00000000e2600000, 0x00000000e2700000|  0%| F|  |TAMS 0x00000000e2600000| PB 0x00000000e2600000| Untracked 
|  39|0x00000000e2700000, 0x00000000e2700000, 0x00000000e2800000|  0%| F|  |TAMS 0x00000000e2700000| PB 0x00000000e2700000| Untracked 
|  40|0x00000000e2800000, 0x00000000e2800000, 0x00000000e2900000|  0%| F|  |TAMS 0x00000000e2800000| PB 0x00000000e2800000| Untracked 
|  41|0x00000000e2900000, 0x00000000e2900000, 0x00000000e2a00000|  0%| F|  |TAMS 0x00000000e2900000| PB 0x00000000e2900000| Untracked 
|  42|0x00000000e2a00000, 0x00000000e2a00000, 0x00000000e2b00000|  0%| F|  |TAMS 0x00000000e2a00000| PB 0x00000000e2a00000| Untracked 
|  43|0x00000000e2b00000, 0x00000000e2b00000, 0x00000000e2c00000|  0%| F|  |TAMS 0x00000000e2b00000| PB 0x00000000e2b00000| Untracked 
|  44|0x00000000e2c00000, 0x00000000e2c00000, 0x00000000e2d00000|  0%| F|  |TAMS 0x00000000e2c00000| PB 0x00000000e2c00000| Untracked 
|  45|0x00000000e2d00000, 0x00000000e2d00000, 0x00000000e2e00000|  0%| F|  |TAMS 0x00000000e2d00000| PB 0x00000000e2d00000| Untracked 
|  46|0x00000000e2e00000, 0x00000000e2e00000, 0x00000000e2f00000|  0%| F|  |TAMS 0x00000000e2e00000| PB 0x00000000e2e00000| Untracked 
|  47|0x00000000e2f00000, 0x00000000e2f00000, 0x00000000e3000000|  0%| F|  |TAMS 0x00000000e2f00000| PB 0x00000000e2f00000| Untracked 
|  48|0x00000000e3000000, 0x00000000e3000000, 0x00000000e3100000|  0%| F|  |TAMS 0x00000000e3000000| PB 0x00000000e3000000| Untracked 
|  49|0x00000000e3100000, 0x00000000e3100000, 0x00000000e3200000|  0%| F|  |TAMS 0x00000000e3100000| PB 0x00000000e3100000| Untracked 
|  50|0x00000000e3200000, 0x00000000e3200000, 0x00000000e3300000|  0%| F|  |TAMS 0x00000000e3200000| PB 0x00000000e3200000| Untracked 
|  51|0x00000000e3300000, 0x00000000e3300000, 0x00000000e3400000|  0%| F|  |TAMS 0x00000000e3300000| PB 0x00000000e3300000| Untracked 
|  52|0x00000000e3400000, 0x00000000e3400000, 0x00000000e3500000|  0%| F|  |TAMS 0x00000000e3400000| PB 0x00000000e3400000| Untracked 
|  53|0x00000000e3500000, 0x00000000e3500000, 0x00000000e3600000|  0%| F|  |TAMS 0x00000000e3500000| PB 0x00000000e3500000| Untracked 
|  54|0x00000000e3600000, 0x00000000e3600000, 0x00000000e3700000|  0%| F|  |TAMS 0x00000000e3600000| PB 0x00000000e3600000| Untracked 
|  55|0x00000000e3700000, 0x00000000e3700000, 0x00000000e3800000|  0%| F|  |TAMS 0x00000000e3700000| PB 0x00000000e3700000| Untracked 
|  56|0x00000000e3800000, 0x00000000e3800000, 0x00000000e3900000|  0%| F|  |TAMS 0x00000000e3800000| PB 0x00000000e3800000| Untracked 
|  57|0x00000000e3900000, 0x00000000e3900000, 0x00000000e3a00000|  0%| F|  |TAMS 0x00000000e3900000| PB 0x00000000e3900000| Untracked 
|  58|0x00000000e3a00000, 0x00000000e3a00000, 0x00000000e3b00000|  0%| F|  |TAMS 0x00000000e3a00000| PB 0x00000000e3a00000| Untracked 
|  59|0x00000000e3b00000, 0x00000000e3b00000, 0x00000000e3c00000|  0%| F|  |TAMS 0x00000000e3b00000| PB 0x00000000e3b00000| Untracked 
|  60|0x00000000e3c00000, 0x00000000e3c00000, 0x00000000e3d00000|  0%| F|  |TAMS 0x00000000e3c00000| PB 0x00000000e3c00000| Untracked 
|  61|0x00000000e3d00000, 0x00000000e3d00000, 0x00000000e3e00000|  0%| F|  |TAMS 0x00000000e3d00000| PB 0x00000000e3d00000| Untracked 
|  62|0x00000000e3e00000, 0x00000000e3e00000, 0x00000000e3f00000|  0%| F|  |TAMS 0x00000000e3e00000| PB 0x00000000e3e00000| Untracked 
|  63|0x00000000e3f00000, 0x00000000e3f00000, 0x00000000e4000000|  0%| F|  |TAMS 0x00000000e3f00000| PB 0x00000000e3f00000| Untracked 
|  64|0x00000000e4000000, 0x00000000e4000000, 0x00000000e4100000|  0%| F|  |TAMS 0x00000000e4000000| PB 0x00000000e4000000| Untracked 
|  65|0x00000000e4100000, 0x00000000e4100000, 0x00000000e4200000|  0%| F|  |TAMS 0x00000000e4100000| PB 0x00000000e4100000| Untracked 
|  66|0x00000000e4200000, 0x00000000e4200000, 0x00000000e4300000|  0%| F|  |TAMS 0x00000000e4200000| PB 0x00000000e4200000| Untracked 
|  67|0x00000000e4300000, 0x00000000e4300000, 0x00000000e4400000|  0%| F|  |TAMS 0x00000000e4300000| PB 0x00000000e4300000| Untracked 
|  68|0x00000000e4400000, 0x00000000e4400000, 0x00000000e4500000|  0%| F|  |TAMS 0x00000000e4400000| PB 0x00000000e4400000| Untracked 
|  69|0x00000000e4500000, 0x00000000e4500000, 0x00000000e4600000|  0%| F|  |TAMS 0x00000000e4500000| PB 0x00000000e4500000| Untracked 
|  70|0x00000000e4600000, 0x00000000e4600000, 0x00000000e4700000|  0%| F|  |TAMS 0x00000000e4600000| PB 0x00000000e4600000| Untracked 
|  71|0x00000000e4700000, 0x00000000e4700000, 0x00000000e4800000|  0%| F|  |TAMS 0x00000000e4700000| PB 0x00000000e4700000| Untracked 
|  72|0x00000000e4800000, 0x00000000e4800000, 0x00000000e4900000|  0%| F|  |TAMS 0x00000000e4800000| PB 0x00000000e4800000| Untracked 
|  73|0x00000000e4900000, 0x00000000e4900000, 0x00000000e4a00000|  0%| F|  |TAMS 0x00000000e4900000| PB 0x00000000e4900000| Untracked 
|  74|0x00000000e4a00000, 0x00000000e4a00000, 0x00000000e4b00000|  0%| F|  |TAMS 0x00000000e4a00000| PB 0x00000000e4a00000| Untracked 
|  75|0x00000000e4b00000, 0x00000000e4b00000, 0x00000000e4c00000|  0%| F|  |TAMS 0x00000000e4b00000| PB 0x00000000e4b00000| Untracked 
|  76|0x00000000e4c00000, 0x00000000e4c00000, 0x00000000e4d00000|  0%| F|  |TAMS 0x00000000e4c00000| PB 0x00000000e4c00000| Untracked 
|  77|0x00000000e4d00000, 0x00000000e4d00000, 0x00000000e4e00000|  0%| F|  |TAMS 0x00000000e4d00000| PB 0x00000000e4d00000| Untracked 
|  78|0x00000000e4e00000, 0x00000000e4e00000, 0x00000000e4f00000|  0%| F|  |TAMS 0x00000000e4e00000| PB 0x00000000e4e00000| Untracked 
|  79|0x00000000e4f00000, 0x00000000e4f00000, 0x00000000e5000000|  0%| F|  |TAMS 0x00000000e4f00000| PB 0x00000000e4f00000| Untracked 
|  80|0x00000000e5000000, 0x00000000e5000000, 0x00000000e5100000|  0%| F|  |TAMS 0x00000000e5000000| PB 0x00000000e5000000| Untracked 
|  81|0x00000000e5100000, 0x00000000e5100000, 0x00000000e5200000|  0%| F|  |TAMS 0x00000000e5100000| PB 0x00000000e5100000| Untracked 
|  82|0x00000000e5200000, 0x00000000e5200000, 0x00000000e5300000|  0%| F|  |TAMS 0x00000000e5200000| PB 0x00000000e5200000| Untracked 
|  83|0x00000000e5300000, 0x00000000e5300000, 0x00000000e5400000|  0%| F|  |TAMS 0x00000000e5300000| PB 0x00000000e5300000| Untracked 
|  84|0x00000000e5400000, 0x00000000e5400000, 0x00000000e5500000|  0%| F|  |TAMS 0x00000000e5400000| PB 0x00000000e5400000| Untracked 
|  85|0x00000000e5500000, 0x00000000e5500000, 0x00000000e5600000|  0%| F|  |TAMS 0x00000000e5500000| PB 0x00000000e5500000| Untracked 
|  86|0x00000000e5600000, 0x00000000e5600000, 0x00000000e5700000|  0%| F|  |TAMS 0x00000000e5600000| PB 0x00000000e5600000| Untracked 
|  87|0x00000000e5700000, 0x00000000e5700000, 0x00000000e5800000|  0%| F|  |TAMS 0x00000000e5700000| PB 0x00000000e5700000| Untracked 
|  88|0x00000000e5800000, 0x00000000e5800000, 0x00000000e5900000|  0%| F|  |TAMS 0x00000000e5800000| PB 0x00000000e5800000| Untracked 
|  89|0x00000000e5900000, 0x00000000e5900000, 0x00000000e5a00000|  0%| F|  |TAMS 0x00000000e5900000| PB 0x00000000e5900000| Untracked 
|  90|0x00000000e5a00000, 0x00000000e5a00000, 0x00000000e5b00000|  0%| F|  |TAMS 0x00000000e5a00000| PB 0x00000000e5a00000| Untracked 
|  91|0x00000000e5b00000, 0x00000000e5b00000, 0x00000000e5c00000|  0%| F|  |TAMS 0x00000000e5b00000| PB 0x00000000e5b00000| Untracked 
|  92|0x00000000e5c00000, 0x00000000e5c00000, 0x00000000e5d00000|  0%| F|  |TAMS 0x00000000e5c00000| PB 0x00000000e5c00000| Untracked 
|  93|0x00000000e5d00000, 0x00000000e5d00000, 0x00000000e5e00000|  0%| F|  |TAMS 0x00000000e5d00000| PB 0x00000000e5d00000| Untracked 
|  94|0x00000000e5e00000, 0x00000000e5e00000, 0x00000000e5f00000|  0%| F|  |TAMS 0x00000000e5e00000| PB 0x00000000e5e00000| Untracked 
|  95|0x00000000e5f00000, 0x00000000e5f00000, 0x00000000e6000000|  0%| F|  |TAMS 0x00000000e5f00000| PB 0x00000000e5f00000| Untracked 
|  96|0x00000000e6000000, 0x00000000e6000000, 0x00000000e6100000|  0%| F|  |TAMS 0x00000000e6000000| PB 0x00000000e6000000| Untracked 
|  97|0x00000000e6100000, 0x00000000e6100000, 0x00000000e6200000|  0%| F|  |TAMS 0x00000000e6100000| PB 0x00000000e6100000| Untracked 
|  98|0x00000000e6200000, 0x00000000e6200000, 0x00000000e6300000|  0%| F|  |TAMS 0x00000000e6200000| PB 0x00000000e6200000| Untracked 
|  99|0x00000000e6300000, 0x00000000e6300000, 0x00000000e6400000|  0%| F|  |TAMS 0x00000000e6300000| PB 0x00000000e6300000| Untracked 
| 100|0x00000000e6400000, 0x00000000e6400000, 0x00000000e6500000|  0%| F|  |TAMS 0x00000000e6400000| PB 0x00000000e6400000| Untracked 
| 101|0x00000000e6500000, 0x00000000e6500000, 0x00000000e6600000|  0%| F|  |TAMS 0x00000000e6500000| PB 0x00000000e6500000| Untracked 
| 102|0x00000000e6600000, 0x00000000e6600000, 0x00000000e6700000|  0%| F|  |TAMS 0x00000000e6600000| PB 0x00000000e6600000| Untracked 
| 103|0x00000000e6700000, 0x00000000e6700000, 0x00000000e6800000|  0%| F|  |TAMS 0x00000000e6700000| PB 0x00000000e6700000| Untracked 
| 104|0x00000000e6800000, 0x00000000e6800000, 0x00000000e6900000|  0%| F|  |TAMS 0x00000000e6800000| PB 0x00000000e6800000| Untracked 
| 105|0x00000000e6900000, 0x00000000e6900000, 0x00000000e6a00000|  0%| F|  |TAMS 0x00000000e6900000| PB 0x00000000e6900000| Untracked 
| 106|0x00000000e6a00000, 0x00000000e6a00000, 0x00000000e6b00000|  0%| F|  |TAMS 0x00000000e6a00000| PB 0x00000000e6a00000| Untracked 
| 107|0x00000000e6b00000, 0x00000000e6b00000, 0x00000000e6c00000|  0%| F|  |TAMS 0x00000000e6b00000| PB 0x00000000e6b00000| Untracked 
| 108|0x00000000e6c00000, 0x00000000e6c00000, 0x00000000e6d00000|  0%| F|  |TAMS 0x00000000e6c00000| PB 0x00000000e6c00000| Untracked 
| 109|0x00000000e6d00000, 0x00000000e6d00000, 0x00000000e6e00000|  0%| F|  |TAMS 0x00000000e6d00000| PB 0x00000000e6d00000| Untracked 
| 110|0x00000000e6e00000, 0x00000000e6e00000, 0x00000000e6f00000|  0%| F|  |TAMS 0x00000000e6e00000| PB 0x00000000e6e00000| Untracked 
| 111|0x00000000e6f00000, 0x00000000e6f00000, 0x00000000e7000000|  0%| F|  |TAMS 0x00000000e6f00000| PB 0x00000000e6f00000| Untracked 
| 112|0x00000000e7000000, 0x00000000e7000000, 0x00000000e7100000|  0%| F|  |TAMS 0x00000000e7000000| PB 0x00000000e7000000| Untracked 
| 113|0x00000000e7100000, 0x00000000e7100000, 0x00000000e7200000|  0%| F|  |TAMS 0x00000000e7100000| PB 0x00000000e7100000| Untracked 
| 114|0x00000000e7200000, 0x00000000e7200000, 0x00000000e7300000|  0%| F|  |TAMS 0x00000000e7200000| PB 0x00000000e7200000| Untracked 
| 115|0x00000000e7300000, 0x00000000e7300000, 0x00000000e7400000|  0%| F|  |TAMS 0x00000000e7300000| PB 0x00000000e7300000| Untracked 
| 116|0x00000000e7400000, 0x00000000e7400000, 0x00000000e7500000|  0%| F|  |TAMS 0x00000000e7400000| PB 0x00000000e7400000| Untracked 
| 117|0x00000000e7500000, 0x00000000e7500000, 0x00000000e7600000|  0%| F|  |TAMS 0x00000000e7500000| PB 0x00000000e7500000| Untracked 
| 118|0x00000000e7600000, 0x00000000e7600000, 0x00000000e7700000|  0%| F|  |TAMS 0x00000000e7600000| PB 0x00000000e7600000| Untracked 
| 119|0x00000000e7700000, 0x00000000e7700000, 0x00000000e7800000|  0%| F|  |TAMS 0x00000000e7700000| PB 0x00000000e7700000| Untracked 
| 120|0x00000000e7800000, 0x00000000e7800000, 0x00000000e7900000|  0%| F|  |TAMS 0x00000000e7800000| PB 0x00000000e7800000| Untracked 
| 121|0x00000000e7900000, 0x00000000e7900000, 0x00000000e7a00000|  0%| F|  |TAMS 0x00000000e7900000| PB 0x00000000e7900000| Untracked 
| 122|0x00000000e7a00000, 0x00000000e7a00000, 0x00000000e7b00000|  0%| F|  |TAMS 0x00000000e7a00000| PB 0x00000000e7a00000| Untracked 
| 123|0x00000000e7b00000, 0x00000000e7b00000, 0x00000000e7c00000|  0%| F|  |TAMS 0x00000000e7b00000| PB 0x00000000e7b00000| Untracked 
| 124|0x00000000e7c00000, 0x00000000e7c00000, 0x00000000e7d00000|  0%| F|  |TAMS 0x00000000e7c00000| PB 0x00000000e7c00000| Untracked 
| 125|0x00000000e7d00000, 0x00000000e7d00000, 0x00000000e7e00000|  0%| F|  |TAMS 0x00000000e7d00000| PB 0x00000000e7d00000| Untracked 
| 126|0x00000000e7e00000, 0x00000000e7e00000, 0x00000000e7f00000|  0%| F|  |TAMS 0x00000000e7e00000| PB 0x00000000e7e00000| Untracked 
| 127|0x00000000e7f00000, 0x00000000e7f00000, 0x00000000e8000000|  0%| F|  |TAMS 0x00000000e7f00000| PB 0x00000000e7f00000| Untracked 
| 128|0x00000000e8000000, 0x00000000e8000000, 0x00000000e8100000|  0%| F|  |TAMS 0x00000000e8000000| PB 0x00000000e8000000| Untracked 
| 129|0x00000000e8100000, 0x00000000e8100000, 0x00000000e8200000|  0%| F|  |TAMS 0x00000000e8100000| PB 0x00000000e8100000| Untracked 
| 130|0x00000000e8200000, 0x00000000e8200000, 0x00000000e8300000|  0%| F|  |TAMS 0x00000000e8200000| PB 0x00000000e8200000| Untracked 
| 131|0x00000000e8300000, 0x00000000e8300000, 0x00000000e8400000|  0%| F|  |TAMS 0x00000000e8300000| PB 0x00000000e8300000| Untracked 
| 132|0x00000000e8400000, 0x00000000e8400000, 0x00000000e8500000|  0%| F|  |TAMS 0x00000000e8400000| PB 0x00000000e8400000| Untracked 
| 133|0x00000000e8500000, 0x00000000e8500000, 0x00000000e8600000|  0%| F|  |TAMS 0x00000000e8500000| PB 0x00000000e8500000| Untracked 
| 134|0x00000000e8600000, 0x00000000e8600000, 0x00000000e8700000|  0%| F|  |TAMS 0x00000000e8600000| PB 0x00000000e8600000| Untracked 
| 135|0x00000000e8700000, 0x00000000e8700000, 0x00000000e8800000|  0%| F|  |TAMS 0x00000000e8700000| PB 0x00000000e8700000| Untracked 
| 136|0x00000000e8800000, 0x00000000e8800000, 0x00000000e8900000|  0%| F|  |TAMS 0x00000000e8800000| PB 0x00000000e8800000| Untracked 
| 137|0x00000000e8900000, 0x00000000e8900000, 0x00000000e8a00000|  0%| F|  |TAMS 0x00000000e8900000| PB 0x00000000e8900000| Untracked 
| 138|0x00000000e8a00000, 0x00000000e8a00000, 0x00000000e8b00000|  0%| F|  |TAMS 0x00000000e8a00000| PB 0x00000000e8a00000| Untracked 
| 139|0x00000000e8b00000, 0x00000000e8b00000, 0x00000000e8c00000|  0%| F|  |TAMS 0x00000000e8b00000| PB 0x00000000e8b00000| Untracked 
| 140|0x00000000e8c00000, 0x00000000e8c00000, 0x00000000e8d00000|  0%| F|  |TAMS 0x00000000e8c00000| PB 0x00000000e8c00000| Untracked 
| 141|0x00000000e8d00000, 0x00000000e8d00000, 0x00000000e8e00000|  0%| F|  |TAMS 0x00000000e8d00000| PB 0x00000000e8d00000| Untracked 
| 142|0x00000000e8e00000, 0x00000000e8e00000, 0x00000000e8f00000|  0%| F|  |TAMS 0x00000000e8e00000| PB 0x00000000e8e00000| Untracked 
| 143|0x00000000e8f00000, 0x00000000e8f00000, 0x00000000e9000000|  0%| F|  |TAMS 0x00000000e8f00000| PB 0x00000000e8f00000| Untracked 
| 144|0x00000000e9000000, 0x00000000e9000000, 0x00000000e9100000|  0%| F|  |TAMS 0x00000000e9000000| PB 0x00000000e9000000| Untracked 
| 145|0x00000000e9100000, 0x00000000e9100000, 0x00000000e9200000|  0%| F|  |TAMS 0x00000000e9100000| PB 0x00000000e9100000| Untracked 
| 146|0x00000000e9200000, 0x00000000e9200000, 0x00000000e9300000|  0%| F|  |TAMS 0x00000000e9200000| PB 0x00000000e9200000| Untracked 
| 147|0x00000000e9300000, 0x00000000e9300000, 0x00000000e9400000|  0%| F|  |TAMS 0x00000000e9300000| PB 0x00000000e9300000| Untracked 
| 148|0x00000000e9400000, 0x00000000e9400000, 0x00000000e9500000|  0%| F|  |TAMS 0x00000000e9400000| PB 0x00000000e9400000| Untracked 
| 149|0x00000000e9500000, 0x00000000e9500000, 0x00000000e9600000|  0%| F|  |TAMS 0x00000000e9500000| PB 0x00000000e9500000| Untracked 
| 150|0x00000000e9600000, 0x00000000e9600000, 0x00000000e9700000|  0%| F|  |TAMS 0x00000000e9600000| PB 0x00000000e9600000| Untracked 
| 151|0x00000000e9700000, 0x00000000e9700000, 0x00000000e9800000|  0%| F|  |TAMS 0x00000000e9700000| PB 0x00000000e9700000| Untracked 
| 152|0x00000000e9800000, 0x00000000e9800000, 0x00000000e9900000|  0%| F|  |TAMS 0x00000000e9800000| PB 0x00000000e9800000| Untracked 
| 153|0x00000000e9900000, 0x00000000e9900000, 0x00000000e9a00000|  0%| F|  |TAMS 0x00000000e9900000| PB 0x00000000e9900000| Untracked 
| 154|0x00000000e9a00000, 0x00000000e9a00000, 0x00000000e9b00000|  0%| F|  |TAMS 0x00000000e9a00000| PB 0x00000000e9a00000| Untracked 
| 155|0x00000000e9b00000, 0x00000000e9b00000, 0x00000000e9c00000|  0%| F|  |TAMS 0x00000000e9b00000| PB 0x00000000e9b00000| Untracked 
| 156|0x00000000e9c00000, 0x00000000e9c00000, 0x00000000e9d00000|  0%| F|  |TAMS 0x00000000e9c00000| PB 0x00000000e9c00000| Untracked 
| 157|0x00000000e9d00000, 0x00000000e9d00000, 0x00000000e9e00000|  0%| F|  |TAMS 0x00000000e9d00000| PB 0x00000000e9d00000| Untracked 
| 158|0x00000000e9e00000, 0x00000000e9e00000, 0x00000000e9f00000|  0%| F|  |TAMS 0x00000000e9e00000| PB 0x00000000e9e00000| Untracked 
| 159|0x00000000e9f00000, 0x00000000e9f00000, 0x00000000ea000000|  0%| F|  |TAMS 0x00000000e9f00000| PB 0x00000000e9f00000| Untracked 
| 160|0x00000000ea000000, 0x00000000ea000000, 0x00000000ea100000|  0%| F|  |TAMS 0x00000000ea000000| PB 0x00000000ea000000| Untracked 
| 161|0x00000000ea100000, 0x00000000ea100000, 0x00000000ea200000|  0%| F|  |TAMS 0x00000000ea100000| PB 0x00000000ea100000| Untracked 
| 162|0x00000000ea200000, 0x00000000ea200000, 0x00000000ea300000|  0%| F|  |TAMS 0x00000000ea200000| PB 0x00000000ea200000| Untracked 
| 163|0x00000000ea300000, 0x00000000ea300000, 0x00000000ea400000|  0%| F|  |TAMS 0x00000000ea300000| PB 0x00000000ea300000| Untracked 
| 164|0x00000000ea400000, 0x00000000ea400000, 0x00000000ea500000|  0%| F|  |TAMS 0x00000000ea400000| PB 0x00000000ea400000| Untracked 
| 165|0x00000000ea500000, 0x00000000ea500000, 0x00000000ea600000|  0%| F|  |TAMS 0x00000000ea500000| PB 0x00000000ea500000| Untracked 
| 166|0x00000000ea600000, 0x00000000ea600000, 0x00000000ea700000|  0%| F|  |TAMS 0x00000000ea600000| PB 0x00000000ea600000| Untracked 
| 167|0x00000000ea700000, 0x00000000ea700000, 0x00000000ea800000|  0%| F|  |TAMS 0x00000000ea700000| PB 0x00000000ea700000| Untracked 
| 168|0x00000000ea800000, 0x00000000ea800000, 0x00000000ea900000|  0%| F|  |TAMS 0x00000000ea800000| PB 0x00000000ea800000| Untracked 
| 169|0x00000000ea900000, 0x00000000ea900000, 0x00000000eaa00000|  0%| F|  |TAMS 0x00000000ea900000| PB 0x00000000ea900000| Untracked 
| 170|0x00000000eaa00000, 0x00000000eaa00000, 0x00000000eab00000|  0%| F|  |TAMS 0x00000000eaa00000| PB 0x00000000eaa00000| Untracked 
| 171|0x00000000eab00000, 0x00000000eab00000, 0x00000000eac00000|  0%| F|  |TAMS 0x00000000eab00000| PB 0x00000000eab00000| Untracked 
| 172|0x00000000eac00000, 0x00000000eac00000, 0x00000000ead00000|  0%| F|  |TAMS 0x00000000eac00000| PB 0x00000000eac00000| Untracked 
| 173|0x00000000ead00000, 0x00000000ead00000, 0x00000000eae00000|  0%| F|  |TAMS 0x00000000ead00000| PB 0x00000000ead00000| Untracked 
| 174|0x00000000eae00000, 0x00000000eae00000, 0x00000000eaf00000|  0%| F|  |TAMS 0x00000000eae00000| PB 0x00000000eae00000| Untracked 
| 175|0x00000000eaf00000, 0x00000000eaf00000, 0x00000000eb000000|  0%| F|  |TAMS 0x00000000eaf00000| PB 0x00000000eaf00000| Untracked 
| 176|0x00000000eb000000, 0x00000000eb000000, 0x00000000eb100000|  0%| F|  |TAMS 0x00000000eb000000| PB 0x00000000eb000000| Untracked 
| 177|0x00000000eb100000, 0x00000000eb100000, 0x00000000eb200000|  0%| F|  |TAMS 0x00000000eb100000| PB 0x00000000eb100000| Untracked 
| 178|0x00000000eb200000, 0x00000000eb200000, 0x00000000eb300000|  0%| F|  |TAMS 0x00000000eb200000| PB 0x00000000eb200000| Untracked 
| 179|0x00000000eb300000, 0x00000000eb300000, 0x00000000eb400000|  0%| F|  |TAMS 0x00000000eb300000| PB 0x00000000eb300000| Untracked 
| 180|0x00000000eb400000, 0x00000000eb400000, 0x00000000eb500000|  0%| F|  |TAMS 0x00000000eb400000| PB 0x00000000eb400000| Untracked 
| 181|0x00000000eb500000, 0x00000000eb500000, 0x00000000eb600000|  0%| F|  |TAMS 0x00000000eb500000| PB 0x00000000eb500000| Untracked 
| 182|0x00000000eb600000, 0x00000000eb600000, 0x00000000eb700000|  0%| F|  |TAMS 0x00000000eb600000| PB 0x00000000eb600000| Untracked 
| 183|0x00000000eb700000, 0x00000000eb700000, 0x00000000eb800000|  0%| F|  |TAMS 0x00000000eb700000| PB 0x00000000eb700000| Untracked 
| 184|0x00000000eb800000, 0x00000000eb800000, 0x00000000eb900000|  0%| F|  |TAMS 0x00000000eb800000| PB 0x00000000eb800000| Untracked 
| 185|0x00000000eb900000, 0x00000000eb900000, 0x00000000eba00000|  0%| F|  |TAMS 0x00000000eb900000| PB 0x00000000eb900000| Untracked 
| 186|0x00000000eba00000, 0x00000000eba00000, 0x00000000ebb00000|  0%| F|  |TAMS 0x00000000eba00000| PB 0x00000000eba00000| Untracked 
| 187|0x00000000ebb00000, 0x00000000ebb00000, 0x00000000ebc00000|  0%| F|  |TAMS 0x00000000ebb00000| PB 0x00000000ebb00000| Untracked 
| 188|0x00000000ebc00000, 0x00000000ebc00000, 0x00000000ebd00000|  0%| F|  |TAMS 0x00000000ebc00000| PB 0x00000000ebc00000| Untracked 
| 189|0x00000000ebd00000, 0x00000000ebd00000, 0x00000000ebe00000|  0%| F|  |TAMS 0x00000000ebd00000| PB 0x00000000ebd00000| Untracked 
| 190|0x00000000ebe00000, 0x00000000ebe00000, 0x00000000ebf00000|  0%| F|  |TAMS 0x00000000ebe00000| PB 0x00000000ebe00000| Untracked 
| 191|0x00000000ebf00000, 0x00000000ec000000, 0x00000000ec000000|100%| S|CS|TAMS 0x00000000ebf00000| PB 0x00000000ebf00000| Complete 
| 192|0x00000000ec000000, 0x00000000ec100000, 0x00000000ec100000|100%| S|CS|TAMS 0x00000000ec000000| PB 0x00000000ec000000| Complete 
| 193|0x00000000ec100000, 0x00000000ec200000, 0x00000000ec200000|100%| S|CS|TAMS 0x00000000ec100000| PB 0x00000000ec100000| Complete 
| 194|0x00000000ec200000, 0x00000000ec300000, 0x00000000ec300000|100%| S|CS|TAMS 0x00000000ec200000| PB 0x00000000ec200000| Complete 
| 195|0x00000000ec300000, 0x00000000ec400000, 0x00000000ec400000|100%| S|CS|TAMS 0x00000000ec300000| PB 0x00000000ec300000| Complete 
| 196|0x00000000ec400000, 0x00000000ec500000, 0x00000000ec500000|100%| S|CS|TAMS 0x00000000ec400000| PB 0x00000000ec400000| Complete 
| 197|0x00000000ec500000, 0x00000000ec600000, 0x00000000ec600000|100%| S|CS|TAMS 0x00000000ec500000| PB 0x00000000ec500000| Complete 
| 198|0x00000000ec600000, 0x00000000ec700000, 0x00000000ec700000|100%| S|CS|TAMS 0x00000000ec600000| PB 0x00000000ec600000| Complete 
| 199|0x00000000ec700000, 0x00000000ec700000, 0x00000000ec800000|  0%| F|  |TAMS 0x00000000ec700000| PB 0x00000000ec700000| Untracked 
| 200|0x00000000ec800000, 0x00000000ec800000, 0x00000000ec900000|  0%| F|  |TAMS 0x00000000ec800000| PB 0x00000000ec800000| Untracked 
| 201|0x00000000ec900000, 0x00000000ec900000, 0x00000000eca00000|  0%| F|  |TAMS 0x00000000ec900000| PB 0x00000000ec900000| Untracked 
| 202|0x00000000eca00000, 0x00000000eca00000, 0x00000000ecb00000|  0%| F|  |TAMS 0x00000000eca00000| PB 0x00000000eca00000| Untracked 
| 203|0x00000000ecb00000, 0x00000000ecb00000, 0x00000000ecc00000|  0%| F|  |TAMS 0x00000000ecb00000| PB 0x00000000ecb00000| Untracked 
| 204|0x00000000ecc00000, 0x00000000ecc00000, 0x00000000ecd00000|  0%| F|  |TAMS 0x00000000ecc00000| PB 0x00000000ecc00000| Untracked 
| 205|0x00000000ecd00000, 0x00000000ecd00000, 0x00000000ece00000|  0%| F|  |TAMS 0x00000000ecd00000| PB 0x00000000ecd00000| Untracked 
| 206|0x00000000ece00000, 0x00000000ece00000, 0x00000000ecf00000|  0%| F|  |TAMS 0x00000000ece00000| PB 0x00000000ece00000| Untracked 
| 207|0x00000000ecf00000, 0x00000000ed000000, 0x00000000ed000000|100%| E|  |TAMS 0x00000000ecf00000| PB 0x00000000ecf00000| Complete 
| 208|0x00000000ed000000, 0x00000000ed100000, 0x00000000ed100000|100%| E|CS|TAMS 0x00000000ed000000| PB 0x00000000ed000000| Complete 
| 209|0x00000000ed100000, 0x00000000ed200000, 0x00000000ed200000|100%| E|CS|TAMS 0x00000000ed100000| PB 0x00000000ed100000| Complete 
| 210|0x00000000ed200000, 0x00000000ed300000, 0x00000000ed300000|100%| E|CS|TAMS 0x00000000ed200000| PB 0x00000000ed200000| Complete 
| 211|0x00000000ed300000, 0x00000000ed400000, 0x00000000ed400000|100%| E|CS|TAMS 0x00000000ed300000| PB 0x00000000ed300000| Complete 
| 212|0x00000000ed400000, 0x00000000ed500000, 0x00000000ed500000|100%| E|CS|TAMS 0x00000000ed400000| PB 0x00000000ed400000| Complete 
| 213|0x00000000ed500000, 0x00000000ed600000, 0x00000000ed600000|100%| E|CS|TAMS 0x00000000ed500000| PB 0x00000000ed500000| Complete 
| 214|0x00000000ed600000, 0x00000000ed700000, 0x00000000ed700000|100%| E|CS|TAMS 0x00000000ed600000| PB 0x00000000ed600000| Complete 
| 215|0x00000000ed700000, 0x00000000ed800000, 0x00000000ed800000|100%| E|CS|TAMS 0x00000000ed700000| PB 0x00000000ed700000| Complete 
| 216|0x00000000ed800000, 0x00000000ed900000, 0x00000000ed900000|100%| E|CS|TAMS 0x00000000ed800000| PB 0x00000000ed800000| Complete 
| 217|0x00000000ed900000, 0x00000000eda00000, 0x00000000eda00000|100%| E|CS|TAMS 0x00000000ed900000| PB 0x00000000ed900000| Complete 
| 218|0x00000000eda00000, 0x00000000edb00000, 0x00000000edb00000|100%| E|CS|TAMS 0x00000000eda00000| PB 0x00000000eda00000| Complete 
| 219|0x00000000edb00000, 0x00000000edc00000, 0x00000000edc00000|100%| E|CS|TAMS 0x00000000edb00000| PB 0x00000000edb00000| Complete 
| 220|0x00000000edc00000, 0x00000000edd00000, 0x00000000edd00000|100%| E|CS|TAMS 0x00000000edc00000| PB 0x00000000edc00000| Complete 
| 221|0x00000000edd00000, 0x00000000ede00000, 0x00000000ede00000|100%| E|CS|TAMS 0x00000000edd00000| PB 0x00000000edd00000| Complete 
| 222|0x00000000ede00000, 0x00000000edf00000, 0x00000000edf00000|100%| E|CS|TAMS 0x00000000ede00000| PB 0x00000000ede00000| Complete 
| 223|0x00000000edf00000, 0x00000000ee000000, 0x00000000ee000000|100%| E|CS|TAMS 0x00000000edf00000| PB 0x00000000edf00000| Complete 
| 224|0x00000000ee000000, 0x00000000ee100000, 0x00000000ee100000|100%| E|CS|TAMS 0x00000000ee000000| PB 0x00000000ee000000| Complete 
| 225|0x00000000ee100000, 0x00000000ee200000, 0x00000000ee200000|100%| E|CS|TAMS 0x00000000ee100000| PB 0x00000000ee100000| Complete 
| 226|0x00000000ee200000, 0x00000000ee300000, 0x00000000ee300000|100%| E|CS|TAMS 0x00000000ee200000| PB 0x00000000ee200000| Complete 
| 227|0x00000000ee300000, 0x00000000ee400000, 0x00000000ee400000|100%| E|CS|TAMS 0x00000000ee300000| PB 0x00000000ee300000| Complete 
| 228|0x00000000ee400000, 0x00000000ee500000, 0x00000000ee500000|100%| E|CS|TAMS 0x00000000ee400000| PB 0x00000000ee400000| Complete 
| 229|0x00000000ee500000, 0x00000000ee600000, 0x00000000ee600000|100%| E|CS|TAMS 0x00000000ee500000| PB 0x00000000ee500000| Complete 
| 230|0x00000000ee600000, 0x00000000ee700000, 0x00000000ee700000|100%| E|CS|TAMS 0x00000000ee600000| PB 0x00000000ee600000| Complete 
| 231|0x00000000ee700000, 0x00000000ee800000, 0x00000000ee800000|100%| E|CS|TAMS 0x00000000ee700000| PB 0x00000000ee700000| Complete 
| 232|0x00000000ee800000, 0x00000000ee900000, 0x00000000ee900000|100%| E|CS|TAMS 0x00000000ee800000| PB 0x00000000ee800000| Complete 
| 233|0x00000000ee900000, 0x00000000eea00000, 0x00000000eea00000|100%| E|CS|TAMS 0x00000000ee900000| PB 0x00000000ee900000| Complete 
| 234|0x00000000eea00000, 0x00000000eeb00000, 0x00000000eeb00000|100%| E|CS|TAMS 0x00000000eea00000| PB 0x00000000eea00000| Complete 
| 235|0x00000000eeb00000, 0x00000000eec00000, 0x00000000eec00000|100%| E|CS|TAMS 0x00000000eeb00000| PB 0x00000000eeb00000| Complete 
| 236|0x00000000eec00000, 0x00000000eed00000, 0x00000000eed00000|100%| E|CS|TAMS 0x00000000eec00000| PB 0x00000000eec00000| Complete 
| 237|0x00000000eed00000, 0x00000000eee00000, 0x00000000eee00000|100%| E|CS|TAMS 0x00000000eed00000| PB 0x00000000eed00000| Complete 
| 238|0x00000000eee00000, 0x00000000eef00000, 0x00000000eef00000|100%| E|CS|TAMS 0x00000000eee00000| PB 0x00000000eee00000| Complete 
| 239|0x00000000eef00000, 0x00000000ef000000, 0x00000000ef000000|100%| E|CS|TAMS 0x00000000eef00000| PB 0x00000000eef00000| Complete 
| 240|0x00000000ef000000, 0x00000000ef100000, 0x00000000ef100000|100%| E|CS|TAMS 0x00000000ef000000| PB 0x00000000ef000000| Complete 
| 241|0x00000000ef100000, 0x00000000ef200000, 0x00000000ef200000|100%| E|CS|TAMS 0x00000000ef100000| PB 0x00000000ef100000| Complete 
| 242|0x00000000ef200000, 0x00000000ef300000, 0x00000000ef300000|100%| E|CS|TAMS 0x00000000ef200000| PB 0x00000000ef200000| Complete 
| 243|0x00000000ef300000, 0x00000000ef400000, 0x00000000ef400000|100%| E|CS|TAMS 0x00000000ef300000| PB 0x00000000ef300000| Complete 
| 244|0x00000000ef400000, 0x00000000ef500000, 0x00000000ef500000|100%| E|CS|TAMS 0x00000000ef400000| PB 0x00000000ef400000| Complete 
| 245|0x00000000ef500000, 0x00000000ef600000, 0x00000000ef600000|100%| E|CS|TAMS 0x00000000ef500000| PB 0x00000000ef500000| Complete 
| 246|0x00000000ef600000, 0x00000000ef700000, 0x00000000ef700000|100%| E|CS|TAMS 0x00000000ef600000| PB 0x00000000ef600000| Complete 
| 247|0x00000000ef700000, 0x00000000ef800000, 0x00000000ef800000|100%| E|CS|TAMS 0x00000000ef700000| PB 0x00000000ef700000| Complete 
| 248|0x00000000ef800000, 0x00000000ef900000, 0x00000000ef900000|100%| E|CS|TAMS 0x00000000ef800000| PB 0x00000000ef800000| Complete 
| 249|0x00000000ef900000, 0x00000000efa00000, 0x00000000efa00000|100%| E|CS|TAMS 0x00000000ef900000| PB 0x00000000ef900000| Complete 
| 250|0x00000000efa00000, 0x00000000efb00000, 0x00000000efb00000|100%| E|CS|TAMS 0x00000000efa00000| PB 0x00000000efa00000| Complete 
| 251|0x00000000efb00000, 0x00000000efc00000, 0x00000000efc00000|100%| E|CS|TAMS 0x00000000efb00000| PB 0x00000000efb00000| Complete 
| 252|0x00000000efc00000, 0x00000000efd00000, 0x00000000efd00000|100%| E|CS|TAMS 0x00000000efc00000| PB 0x00000000efc00000| Complete 
| 253|0x00000000efd00000, 0x00000000efe00000, 0x00000000efe00000|100%| E|CS|TAMS 0x00000000efd00000| PB 0x00000000efd00000| Complete 
| 254|0x00000000efe00000, 0x00000000eff00000, 0x00000000eff00000|100%| E|CS|TAMS 0x00000000efe00000| PB 0x00000000efe00000| Complete 
| 255|0x00000000eff00000, 0x00000000f0000000, 0x00000000f0000000|100%| E|CS|TAMS 0x00000000eff00000| PB 0x00000000eff00000| Complete 

Card table byte_map: [0x0000028418700000,0x0000028418800000] _byte_map_base: 0x0000028418000000

Marking Bits: (CMBitMap*) 0x000002847ff60a10
 Bits: [0x0000028418800000, 0x0000028419000000)

Polling page: 0x000002847e2f0000

Metaspace:

Usage:
  Non-class:     13.62 MB used.
      Class:      2.15 MB used.
       Both:     15.77 MB used.

Virtual space:
  Non-class space:       64.00 MB reserved,      13.88 MB ( 22%) committed,  1 nodes.
      Class space:      320.00 MB reserved,       2.38 MB ( <1%) committed,  1 nodes.
             Both:      384.00 MB reserved,      16.25 MB (  4%) committed. 

Chunk freelists:
   Non-Class:  1.97 MB
       Class:  13.67 MB
        Both:  15.65 MB

MaxMetaspaceSize: 384.00 MB
CompressedClassSpaceSize: 320.00 MB
Initial GC threshold: 21.00 MB
Current GC threshold: 21.00 MB
CDS: on
 - commit_granule_bytes: 65536.
 - commit_granule_words: 8192.
 - virtual_space_node_default_size: 8388608.
 - enlarge_chunks_in_place: 1.
 - use_allocation_guard: 0.


Internal statistics:

num_allocs_failed_limit: 0.
num_arena_births: 552.
num_arena_deaths: 0.
num_vsnodes_births: 2.
num_vsnodes_deaths: 0.
num_space_committed: 260.
num_space_uncommitted: 0.
num_chunks_returned_to_freelist: 0.
num_chunks_taken_from_freelist: 1112.
num_chunk_merges: 0.
num_chunk_splits: 720.
num_chunks_enlarged: 491.
num_inconsistent_stats: 0.

CodeHeap 'non-profiled nmethods': size=119168Kb used=1349Kb max_used=1349Kb free=117818Kb
 bounds [0x00000284101f0000, 0x0000028410460000, 0x0000028417650000]
CodeHeap 'profiled nmethods': size=119104Kb used=5844Kb max_used=5844Kb free=113259Kb
 bounds [0x0000028408650000, 0x0000028408c10000, 0x000002840faa0000]
CodeHeap 'non-nmethods': size=7488Kb used=3090Kb max_used=3111Kb free=4397Kb
 bounds [0x000002840faa0000, 0x000002840fdb0000, 0x00000284101f0000]
CodeCache: size=245760Kb, used=10283Kb, max_used=10304Kb, free=235474Kb
 total_blobs=3464, nmethods=2905, adapters=460, full_count=0
Compilation: enabled, stopped_count=0, restarted_count=0

Compilation events (20 events):
Event: 1.777 Thread 0x0000028435010ec0 2895       3       java.lang.invoke.InvokerBytecodeGenerator::methodPrologue (29 bytes)
Event: 1.777 Thread 0x0000028435010120 nmethod 2892 0x0000028408bf0a90 code [0x0000028408bf0c20, 0x0000028408bf0d48]
Event: 1.777 Thread 0x0000028435010120 2898       3       java.lang.invoke.InvokerBytecodeGenerator::clinit (351 bytes)
Event: 1.777 Thread 0x0000028435010ec0 nmethod 2895 0x0000028408bf0e10 code [0x0000028408bf0fe0, 0x0000028408bf1308]
Event: 1.777 Thread 0x0000028435010ec0 2896       3       java.lang.invoke.InvokerBytecodeGenerator::emitReturn (107 bytes)
Event: 1.777 Thread 0x0000028435012330 nmethod 2893 0x0000028408bf1490 code [0x0000028408bf16e0, 0x0000028408bf1e50]
Event: 1.777 Thread 0x0000028435012330 2897       3       java.lang.invoke.InvokerBytecodeGenerator::methodEpilogue (17 bytes)
Event: 1.777 Thread 0x0000028435010ec0 nmethod 2896 0x0000028408bf2110 code [0x0000028408bf2320, 0x0000028408bf27e8]
Event: 1.777 Thread 0x0000028435010ec0 2899       3       java.lang.invoke.InvokerBytecodeGenerator::bogusMethod (77 bytes)
Event: 1.777 Thread 0x0000028435012330 nmethod 2897 0x0000028408bf2a10 code [0x0000028408bf2be0, 0x0000028408bf2e98]
Event: 1.778 Thread 0x0000028435012330 2900   !   3       java.lang.invoke.InvokerBytecodeGenerator::toByteArray (18 bytes)
Event: 1.778 Thread 0x0000028435012330 nmethod 2900 0x0000028408bf2f90 code [0x0000028408bf3160, 0x0000028408bf33c8]
Event: 1.778 Thread 0x0000028435010ec0 nmethod 2899 0x0000028408bf3510 code [0x0000028408bf3760, 0x0000028408bf3ef8]
Event: 1.778 Thread 0x0000028435012330 2901       3       java.lang.invoke.InvokerBytecodeGenerator::classDataValues (260 bytes)
Event: 1.778 Thread 0x0000028435010120 nmethod 2898 0x0000028408bf4190 code [0x0000028408bf4680, 0x0000028408bf6a00]
Event: 1.778 Thread 0x000002843500f380 nmethod 2894 0x0000028408bf7410 code [0x0000028408bf7980, 0x0000028408bf9d98]
Event: 1.779 Thread 0x0000028435012330 nmethod 2901 0x0000028408bfa990 code [0x0000028408bfae40, 0x0000028408bfddf8]
Event: 1.780 Thread 0x0000028435011590 nmethod 2890 0x000002841033e690 code [0x000002841033e840, 0x000002841033eb00]
Event: 1.785 Thread 0x0000028435012330 2902       3       java.lang.invoke.TypeConvertingMethodAdapter::convertType (299 bytes)
Event: 1.787 Thread 0x0000028435012330 nmethod 2902 0x0000028408bfe810 code [0x0000028408bfeec0, 0x0000028408c02878]

GC Heap History (6 events):
Event: 0.351 GC heap before
{Heap before GC invocations=0 (full 0):
 garbage-first heap   total 262144K, used 22528K [0x00000000e0000000, 0x0000000100000000)
  region size 1024K, 23 young (23552K), 0 survivors (0K)
 Metaspace       used 1059K, committed 1152K, reserved 393216K
  class space    used 81K, committed 128K, reserved 327680K
}
Event: 0.353 GC heap after
{Heap after GC invocations=1 (full 0):
 garbage-first heap   total 262144K, used 1883K [0x00000000e0000000, 0x0000000100000000)
  region size 1024K, 2 young (2048K), 2 survivors (2048K)
 Metaspace       used 1059K, committed 1152K, reserved 393216K
  class space    used 81K, committed 128K, reserved 327680K
}
Event: 0.719 GC heap before
{Heap before GC invocations=1 (full 0):
 garbage-first heap   total 262144K, used 40795K [0x00000000e0000000, 0x0000000100000000)
  region size 1024K, 38 young (38912K), 2 survivors (2048K)
 Metaspace       used 4659K, committed 4864K, reserved 393216K
  class space    used 583K, committed 704K, reserved 327680K
}
Event: 0.722 GC heap after
{Heap after GC invocations=2 (full 0):
 garbage-first heap   total 262144K, used 10750K [0x00000000e0000000, 0x0000000100000000)
  region size 1024K, 5 young (5120K), 5 survivors (5120K)
 Metaspace       used 4659K, committed 4864K, reserved 393216K
  class space    used 583K, committed 704K, reserved 327680K
}
Event: 1.134 GC heap before
{Heap before GC invocations=2 (full 0):
 garbage-first heap   total 262144K, used 65022K [0x00000000e0000000, 0x0000000100000000)
  region size 1024K, 57 young (58368K), 5 survivors (5120K)
 Metaspace       used 6535K, committed 6784K, reserved 393216K
  class space    used 862K, committed 960K, reserved 327680K
}
Event: 1.138 GC heap after
{Heap after GC invocations=3 (full 0):
 garbage-first heap   total 262144K, used 17497K [0x00000000e0000000, 0x0000000100000000)
  region size 1024K, 8 young (8192K), 8 survivors (8192K)
 Metaspace       used 6535K, committed 6784K, reserved 393216K
  class space    used 862K, committed 960K, reserved 327680K
}

Dll operation events (15 events):
Event: 0.032 Loaded shared library C:\Users\akaza\.jdks\ms-21.0.9\bin\java.dll
Event: 0.054 Loaded shared library C:\Users\akaza\.jdks\ms-21.0.9\bin\jsvml.dll
Event: 0.107 Loaded shared library C:\Users\akaza\.jdks\ms-21.0.9\bin\zip.dll
Event: 0.110 Loaded shared library C:\Users\akaza\.jdks\ms-21.0.9\bin\instrument.dll
Event: 0.141 Loaded shared library C:\Users\akaza\.jdks\ms-21.0.9\bin\net.dll
Event: 0.174 Loaded shared library C:\Users\akaza\.jdks\ms-21.0.9\bin\nio.dll
Event: 0.176 Loaded shared library C:\Users\akaza\.jdks\ms-21.0.9\bin\zip.dll
Event: 0.328 Loaded shared library C:\Users\akaza\.jdks\ms-21.0.9\bin\jimage.dll
Event: 0.449 Loaded shared library C:\Users\akaza\.jdks\ms-21.0.9\bin\verify.dll
Event: 0.471 Loaded shared library C:\Users\akaza\.gradle\native\1def1411415f61bf3af743bc5b6707747c0891f09f0c88961ee8f79bc544acac\windows-amd64\native-platform.dll
Event: 0.495 Loaded shared library C:\Users\akaza\.gradle\native\0.2.8\x86_64-windows-gnu\gradle-fileevents.dll
Event: 1.099 Loaded shared library C:\Users\akaza\.jdks\ms-21.0.9\bin\management.dll
Event: 1.127 Loaded shared library C:\Users\akaza\.jdks\ms-21.0.9\bin\management_ext.dll
Event: 1.249 Loaded shared library C:\Users\akaza\.jdks\ms-21.0.9\bin\extnet.dll
Event: 1.438 Loaded shared library C:\Users\akaza\.jdks\ms-21.0.9\bin\sunmscapi.dll

Deoptimization events (20 events):
Event: 1.727 Thread 0x000002843700fe40 Uncommon trap: trap_request=0xffffff45 fr.pc=0x00000284102e7f1c relative=0x000000000000017c
Event: 1.727 Thread 0x000002843700fe40 Uncommon trap: reason=unstable_if action=reinterpret pc=0x00000284102e7f1c method=java.util.concurrent.locks.ReentrantLock$NonfairSync.initialTryLock()Z @ 25 c2
Event: 1.727 Thread 0x000002843700fe40 DEOPT PACKING pc=0x00000284102e7f1c sp=0x000000bb1f0ff3d0
Event: 1.727 Thread 0x000002843700fe40 DEOPT UNPACKING pc=0x000002840faf4422 sp=0x000000bb1f0ff370 mode 2
Event: 1.735 Thread 0x000002843700d6e0 Uncommon trap: trap_request=0xffffff45 fr.pc=0x0000028410216904 relative=0x00000000000001c4
Event: 1.735 Thread 0x000002843700d6e0 Uncommon trap: reason=unstable_if action=reinterpret pc=0x0000028410216904 method=java.util.regex.Matcher.reset()Ljava/util/regex/Matcher; @ 47 c2
Event: 1.735 Thread 0x000002843700d6e0 DEOPT PACKING pc=0x0000028410216904 sp=0x000000bb1ecfb0d0
Event: 1.735 Thread 0x000002843700d6e0 DEOPT UNPACKING pc=0x000002840faf4422 sp=0x000000bb1ecfb058 mode 2
Event: 1.735 Thread 0x000002843700d6e0 Uncommon trap: trap_request=0xffffff45 fr.pc=0x0000028410217da4 relative=0x0000000000000484
Event: 1.735 Thread 0x000002843700d6e0 Uncommon trap: reason=unstable_if action=reinterpret pc=0x0000028410217da4 method=java.util.regex.Matcher.match(II)Z @ 76 c2
Event: 1.735 Thread 0x000002843700d6e0 DEOPT PACKING pc=0x0000028410217da4 sp=0x000000bb1ecfb120
Event: 1.735 Thread 0x000002843700d6e0 DEOPT UNPACKING pc=0x000002840faf4422 sp=0x000000bb1ecfb0d8 mode 2
Event: 1.778 Thread 0x000002843700d6e0 Uncommon trap: trap_request=0xffffff45 fr.pc=0x000002841021569c relative=0x0000000000000d1c
Event: 1.778 Thread 0x000002843700d6e0 Uncommon trap: reason=unstable_if action=reinterpret pc=0x000002841021569c method=java.io.WinNTFileSystem.resolve(Ljava/lang/String;Ljava/lang/String;)Ljava/lang/String; @ 19 c2
Event: 1.778 Thread 0x000002843700d6e0 DEOPT PACKING pc=0x000002841021569c sp=0x000000bb1ecfb8a0
Event: 1.778 Thread 0x000002843700d6e0 DEOPT UNPACKING pc=0x000002840faf4422 sp=0x000000bb1ecfb838 mode 2
Event: 1.779 Thread 0x000002843700d6e0 Uncommon trap: trap_request=0xffffff45 fr.pc=0x0000028410222600 relative=0x0000000000000620
Event: 1.779 Thread 0x000002843700d6e0 Uncommon trap: reason=unstable_if action=reinterpret pc=0x0000028410222600 method=java.io.File.getName()Ljava/lang/String; @ 16 c2
Event: 1.779 Thread 0x000002843700d6e0 DEOPT PACKING pc=0x0000028410222600 sp=0x000000bb1ecfb860
Event: 1.779 Thread 0x000002843700d6e0 DEOPT UNPACKING pc=0x000002840faf4422 sp=0x000000bb1ecfb830 mode 2

Classes loaded (20 events):
Event: 1.720 Loading class java/util/concurrent/locks/ReentrantLock$FairSync
Event: 1.720 Loading class java/util/concurrent/locks/ReentrantLock$FairSync done
Event: 1.728 Loading class java/net/DatagramPacket
Event: 1.728 Loading class java/net/DatagramPacket done
Event: 1.728 Loading class sun/nio/ch/DatagramChannelImpl$DatagramPackets
Event: 1.728 Loading class sun/nio/ch/DatagramChannelImpl$DatagramPackets done
Event: 1.744 Loading class java/lang/Character$UnicodeBlock
Event: 1.745 Loading class java/lang/Character$Subset
Event: 1.745 Loading class java/lang/Character$Subset done
Event: 1.746 Loading class java/lang/Character$UnicodeBlock done
Event: 1.756 Loading class sun/security/provider/MD5
Event: 1.756 Loading class sun/security/provider/MD5 done
Event: 1.756 Loading class sun/security/provider/SHA5$SHA512
Event: 1.756 Loading class sun/security/provider/SHA5
Event: 1.757 Loading class sun/security/provider/SHA5 done
Event: 1.757 Loading class sun/security/provider/SHA5$SHA512 done
Event: 1.757 Loading class sun/security/provider/ByteArrayAccess$LE
Event: 1.757 Loading class sun/security/provider/ByteArrayAccess$LE done
Event: 1.779 Loading class java/io/File$TempDirectory
Event: 1.779 Loading class java/io/File$TempDirectory done

Classes unloaded (0 events):
No events

Classes redefined (0 events):
No events

Internal exceptions (20 events):
Event: 1.315 Thread 0x000002847ff32480 Exception <a 'java/lang/NoSuchMethodError'{0x00000000ef7789c0}: 'java.lang.Object java.lang.invoke.DirectMethodHandle$Holder.invokeStaticInit(java.lang.Object, java.lang.Object, int, int, int, int)'> (0x00000000ef7789c0) 
thrown [s\src\hotspot\share\interpreter\linkResolver.cpp, line 773]
Event: 1.368 Thread 0x000002847ff32480 Exception <a 'java/io/IOException'{0x00000000ef490cc8}> (0x00000000ef490cc8) 
thrown [s\src\hotspot\share\prims\jni.cpp, line 520]
Event: 1.372 Thread 0x000002847ff32480 Implicit null exception at 0x0000028410240e24 to 0x0000028410241474
Event: 1.375 Thread 0x000002847ff32480 Exception <a 'java/lang/NoSuchMethodError'{0x00000000ef3071e8}: 'java.lang.Object java.lang.invoke.DirectMethodHandle$Holder.newInvokeSpecial(java.lang.Object, java.lang.Object, java.lang.Object, java.lang.Object, java.lang.Object)'> (0x00000000ef3071e8) 
thrown [s\src\hotspot\share\interpreter\linkResolver.cpp, line 773]
Event: 1.476 Thread 0x0000028435009850 Exception <a 'java/lang/NoSuchMethodError'{0x00000000ef1e8ec0}: 'void java.lang.invoke.DirectMethodHandle$Holder.invokeSpecial(java.lang.Object, java.lang.Object, java.lang.Object)'> (0x00000000ef1e8ec0) 
thrown [s\src\hotspot\share\interpreter\linkResolver.cpp, line 773]
Event: 1.518 Thread 0x000002843700d6e0 Exception <a 'java/lang/NoSuchMethodError'{0x00000000eeafa1a0}: 'long java.lang.invoke.DirectMethodHandle$Holder.invokeInterface(java.lang.Object, java.lang.Object)'> (0x00000000eeafa1a0) 
thrown [s\src\hotspot\share\interpreter\linkResolver.cpp, line 773]
Event: 1.552 Thread 0x000002843700d6e0 Exception <a 'java/lang/NoSuchMethodError'{0x00000000ee6f1fb0}: 'void java.lang.invoke.DirectMethodHandle$Holder.invokeStatic(java.lang.Object, java.lang.Object)'> (0x00000000ee6f1fb0) 
thrown [s\src\hotspot\share\interpreter\linkResolver.cpp, line 773]
Event: 1.556 Thread 0x000002843700d6e0 Exception <a 'java/lang/NoSuchMethodError'{0x00000000ee542258}: 'java.lang.Object java.lang.invoke.DirectMethodHandle$Holder.invokeVirtual(java.lang.Object, java.lang.Object, java.lang.Object, java.lang.Object, java.lang.Object, java.lang.Object, java.lang.Object, java.lang.Object, java.lang.Object, java.lang.Object, java.lang.Object, java.lang.Object)'> (0x00000000ee542258) 
thrown [s\src\hotspot\share\interpreter\linkResolver.cpp, line 773]
Event: 1.556 Thread 0x000002843700d6e0 Exception <a 'java/lang/NoSuchMethodError'{0x00000000ee547280}: 'java.lang.Object java.lang.invoke.DirectMethodHandle$Holder.invokeSpecial(java.lang.Object, java.lang.Object, java.lang.Object, java.lang.Object, java.lang.Object, java.lang.Object, java.lang.Object, java.lang.Object, java.lang.Object, java.lang.Object, java.lang.Object, java.lang.Object, java.lang.Object)'> (0x00000000ee547280) 
thrown [s\src\hotspot\share\interpreter\linkResolver.cpp, line 773]
Event: 1.581 Thread 0x000002843700d6e0 Exception <a 'java/lang/NoSuchMethodError'{0x00000000ee354eb8}: 'int java.lang.invoke.DirectMethodHandle$Holder.invokeVirtual(java.lang.Object, java.lang.Object, java.lang.Object)'> (0x00000000ee354eb8) 
thrown [s\src\hotspot\share\interpreter\linkResolver.cpp, line 773]
Event: 1.607 Thread 0x000002843700d6e0 Exception <a 'java/lang/NoSuchMethodError'{0x00000000ee1ec230}: 'java.lang.Object java.lang.invoke.DirectMethodHandle$Holder.newInvokeSpecial(java.lang.Object, java.lang.Object, java.lang.Object, java.lang.Object, java.lang.Object, java.lang.Object)'> (0x00000000ee1ec230) 
thrown [s\src\hotspot\share\interpreter\linkResolver.cpp, line 773]
Event: 1.639 Thread 0x000002843700d6e0 Exception <a 'java/lang/NoSuchMethodError'{0x00000000ede98bb8}: 'void java.lang.invoke.DelegatingMethodHandle$Holder.reinvoke_L(java.lang.Object, java.lang.Object, java.lang.Object, java.lang.Object, java.lang.Object, java.lang.Object, java.lang.Object, java.lang.Object, java.lang.Object, java.lang.Object)'> (0x00000000ede98bb8) 
thrown [s\src\hotspot\share\interpreter\linkResolver.cpp, line 773]
Event: 1.639 Thread 0x000002843700d6e0 Exception <a 'java/lang/NoSuchMethodError'{0x00000000edea0698}: 'java.lang.Object java.lang.invoke.Invokers$Holder.invoker(java.lang.Object, java.lang.Object, java.lang.Object, java.lang.Object, java.lang.Object, java.lang.Object, java.lang.Object, java.lang.Object, java.lang.Object, java.lang.Object)'> (0x00000000edea0698) 
thrown [s\src\hotspot\share\interpreter\linkResolver.cpp, line 773]
Event: 1.708 Thread 0x000002843700d6e0 Exception <a 'java/lang/NoSuchMethodError'{0x00000000ed733638}: 'void java.lang.invoke.DirectMethodHandle$Holder.invokeInterface(java.lang.Object, java.lang.Object)'> (0x00000000ed733638) 
thrown [s\src\hotspot\share\interpreter\linkResolver.cpp, line 773]
Event: 1.708 Thread 0x000002843700d6e0 Exception <a 'java/lang/IncompatibleClassChangeError'{0x00000000ed736bb8}: Found class java.lang.Object, but interface was expected> (0x00000000ed736bb8) 
thrown [s\src\hotspot\share\interpreter\linkResolver.cpp, line 840]
Event: 1.722 Thread 0x000002843700d6e0 Exception <a 'java/lang/NoSuchMethodError'{0x00000000ed65ff88}: 'java.lang.Object java.lang.invoke.DirectMethodHandle$Holder.newInvokeSpecial(java.lang.Object, java.lang.Object, int)'> (0x00000000ed65ff88) 
thrown [s\src\hotspot\share\interpreter\linkResolver.cpp, line 773]
Event: 1.763 Thread 0x000002843700d6e0 Exception <a 'java/lang/NoSuchMethodError'{0x00000000ed268748}: 'java.lang.Object java.lang.invoke.DirectMethodHandle$Holder.invokeVirtual(java.lang.Object, java.lang.Object, java.lang.Object, java.lang.Object, java.lang.Object, java.lang.Object, java.lang.Object, java.lang.Object)'> (0x00000000ed268748) 
thrown [s\src\hotspot\share\interpreter\linkResolver.cpp, line 773]
Event: 1.775 Thread 0x000002843700d6e0 Exception <a 'java/lang/NoSuchMethodError'{0x00000000ed1959e8}: 'java.lang.Object java.lang.invoke.DirectMethodHandle$Holder.invokeVirtual(java.lang.Object, java.lang.Object, java.lang.Object, java.lang.Object, java.lang.Object, java.lang.Object, java.lang.Object, java.lang.Object, java.lang.Object, java.lang.Object)'> (0x00000000ed1959e8) 
thrown [s\src\hotspot\share\interpreter\linkResolver.cpp, line 773]
Event: 1.784 Thread 0x000002843700d6e0 Exception <a 'java/lang/NoSuchMethodError'{0x00000000ed028d80}: 'void java.lang.invoke.DirectMethodHandle$Holder.invokeStatic(java.lang.Object, java.lang.Object, java.lang.Object, java.lang.Object)'> (0x00000000ed028d80) 
thrown [s\src\hotspot\share\interpreter\linkResolver.cpp, line 773]
Event: 1.785 Thread 0x000002843700d6e0 Exception <a 'java/lang/NoSuchMethodError'{0x00000000ed02cb38}: 'void java.lang.invoke.DirectMethodHandle$Holder.invokeStaticInit(java.lang.Object, java.lang.Object, java.lang.Object, java.lang.Object)'> (0x00000000ed02cb38) 
thrown [s\src\hotspot\share\interpreter\linkResolver.cpp, line 773]

ZGC Phase Switch (0 events):
No events

VM Operations (20 events):
Event: 1.161 Executing VM operation: HandshakeAllThreads (Deoptimize)
Event: 1.161 Executing VM operation: HandshakeAllThreads (Deoptimize) done
Event: 1.161 Executing VM operation: HandshakeAllThreads (Deoptimize)
Event: 1.161 Executing VM operation: HandshakeAllThreads (Deoptimize) done
Event: 1.183 Executing VM operation: HandshakeAllThreads (Deoptimize)
Event: 1.184 Executing VM operation: HandshakeAllThreads (Deoptimize) done
Event: 1.221 Executing VM operation: HandshakeAllThreads (Deoptimize)
Event: 1.221 Executing VM operation: HandshakeAllThreads (Deoptimize) done
Event: 1.260 Executing VM operation: HandshakeAllThreads (Deoptimize)
Event: 1.260 Executing VM operation: HandshakeAllThreads (Deoptimize) done
Event: 1.282 Executing VM operation: HandshakeAllThreads (Deoptimize)
Event: 1.282 Executing VM operation: HandshakeAllThreads (Deoptimize) done
Event: 1.314 Executing VM operation: HandshakeAllThreads (Deoptimize)
Event: 1.314 Executing VM operation: HandshakeAllThreads (Deoptimize) done
Event: 1.400 Executing VM operation: HandshakeAllThreads (Deoptimize)
Event: 1.400 Executing VM operation: HandshakeAllThreads (Deoptimize) done
Event: 1.491 Executing VM operation: ICBufferFull
Event: 1.491 Executing VM operation: ICBufferFull done
Event: 1.721 Executing VM operation: HandshakeAllThreads (Deoptimize)
Event: 1.721 Executing VM operation: HandshakeAllThreads (Deoptimize) done

Memory protections (0 events):
No events

Nmethod flushes (0 events):
No events

Events (20 events):
Event: 0.263 Thread 0x000002843500f380 Thread added: 0x000002843500fa50
Event: 0.326 Thread 0x000002843500f380 Thread added: 0x0000028435011590
Event: 0.328 Thread 0x000002843500fa50 Thread added: 0x0000028435012a00
Event: 0.328 Thread 0x000002843500fa50 Thread added: 0x0000028435011c60
Event: 0.376 Thread 0x0000028435012330 Thread added: 0x0000028435010120
Event: 0.551 Thread 0x0000028435012330 Thread added: 0x0000028435010ec0
Event: 1.161 Thread 0x000002847ff32480 Thread added: 0x000002843500bfb0
Event: 1.326 Thread 0x000002847ff32480 Thread added: 0x0000028435009ee0
Event: 1.379 Thread 0x000002847ff32480 Thread added: 0x0000028435008b30
Event: 1.454 Thread 0x0000028435009ee0 Thread added: 0x0000028435009850
Event: 1.456 Thread 0x0000028435009850 Thread added: 0x00000284370125a0
Event: 1.472 Thread 0x0000028435009850 Thread added: 0x000002843700dd70
Event: 1.476 Thread 0x0000028435009850 Thread added: 0x000002843700d6e0
Event: 1.483 Thread 0x000002843700d6e0 Thread added: 0x000002843700e400
Event: 1.485 Thread 0x000002843700d6e0 Thread added: 0x000002843700f120
Event: 1.489 Thread 0x000002843700d6e0 Thread added: 0x000002843700ea90
Event: 1.510 Thread 0x0000028435011c60 Thread exited: 0x0000028435011c60
Event: 1.721 Thread 0x000002843700d6e0 Thread added: 0x000002843700f7b0
Event: 1.727 Thread 0x000002843700d6e0 Thread added: 0x000002843700fe40
Event: 1.765 Thread 0x000002843700d6e0 Thread added: 0x00000284370104d0


Dynamic libraries:
0x00007ff7f3940000 - 0x00007ff7f394e000 	C:\Users\akaza\.jdks\ms-21.0.9\bin\java.exe
0x00007ff949870000 - 0x00007ff949a68000 	C:\WINDOWS\SYSTEM32\ntdll.dll
0x00007ff947b60000 - 0x00007ff947c22000 	C:\WINDOWS\System32\KERNEL32.DLL
0x00007ff947200000 - 0x00007ff9474f6000 	C:\WINDOWS\System32\KERNELBASE.dll
0x00007ff946fb0000 - 0x00007ff9470b0000 	C:\WINDOWS\System32\ucrtbase.dll
0x00007ff934f50000 - 0x00007ff934f68000 	C:\Users\akaza\.jdks\ms-21.0.9\bin\jli.dll
0x00007ff92d010000 - 0x00007ff92d02e000 	C:\Users\akaza\.jdks\ms-21.0.9\bin\VCRUNTIME140.dll
0x00007ff947980000 - 0x00007ff947b21000 	C:\WINDOWS\System32\USER32.dll
0x00007ff946380000 - 0x00007ff94661b000 	C:\WINDOWS\WinSxS\amd64_microsoft.windows.common-controls_6595b64144ccf1df_6.0.19041.6456_none_60b8a6cb71f64256\COMCTL32.dll
0x00007ff9470b0000 - 0x00007ff9470d2000 	C:\WINDOWS\System32\win32u.dll
0x00007ff9488d0000 - 0x00007ff94896e000 	C:\WINDOWS\System32\msvcrt.dll
0x00007ff947b30000 - 0x00007ff947b5b000 	C:\WINDOWS\System32\GDI32.dll
0x00007ff9470e0000 - 0x00007ff9471f9000 	C:\WINDOWS\System32\gdi32full.dll
0x00007ff947660000 - 0x00007ff9476fd000 	C:\WINDOWS\System32\msvcp_win.dll
0x00007ff9497d0000 - 0x00007ff9497ff000 	C:\WINDOWS\System32\IMM32.DLL
0x00007ff944f70000 - 0x00007ff944f7c000 	C:\Users\akaza\.jdks\ms-21.0.9\bin\vcruntime140_1.dll
0x00007ff906670000 - 0x00007ff9066f9000 	C:\Users\akaza\.jdks\ms-21.0.9\bin\msvcp140.dll
0x00007ff8ca880000 - 0x00007ff8cb62d000 	C:\Users\akaza\.jdks\ms-21.0.9\bin\server\jvm.dll
0x00007ff948990000 - 0x00007ff948a41000 	C:\WINDOWS\System32\ADVAPI32.dll
0x00007ff948cc0000 - 0x00007ff948d5f000 	C:\WINDOWS\System32\sechost.dll
0x00007ff949480000 - 0x00007ff9495a0000 	C:\WINDOWS\System32\RPCRT4.dll
0x00007ff946ed0000 - 0x00007ff946ef7000 	C:\WINDOWS\System32\bcrypt.dll
0x00007ff948c50000 - 0x00007ff948cbb000 	C:\WINDOWS\System32\WS2_32.dll
0x00007ff946ac0000 - 0x00007ff946b0b000 	C:\WINDOWS\SYSTEM32\POWRPROF.dll
0x00007ff938bc0000 - 0x00007ff938be7000 	C:\WINDOWS\SYSTEM32\WINMM.dll
0x00007ff944b70000 - 0x00007ff944b7a000 	C:\WINDOWS\SYSTEM32\VERSION.dll
0x00007ff9467d0000 - 0x00007ff9467e2000 	C:\WINDOWS\SYSTEM32\UMPDC.dll
0x00007ff943e90000 - 0x00007ff943ea2000 	C:\WINDOWS\SYSTEM32\kernel.appcore.dll
0x00007ff942c40000 - 0x00007ff942c4a000 	C:\Users\akaza\.jdks\ms-21.0.9\bin\jimage.dll
0x00007ff9468b0000 - 0x00007ff946ab1000 	C:\WINDOWS\SYSTEM32\DBGHELP.DLL
0x00007ff9467f0000 - 0x00007ff946824000 	C:\WINDOWS\SYSTEM32\dbgcore.DLL
0x00007ff9477d0000 - 0x00007ff947852000 	C:\WINDOWS\System32\bcryptPrimitives.dll
0x00007ff941db0000 - 0x00007ff941dc0000 	C:\Users\akaza\.jdks\ms-21.0.9\bin\instrument.dll
0x00007ff92b5b0000 - 0x00007ff92b5d1000 	C:\Users\akaza\.jdks\ms-21.0.9\bin\java.dll
0x00007ff947c30000 - 0x00007ff9483a0000 	C:\WINDOWS\System32\SHELL32.dll
0x00007ff9440b0000 - 0x00007ff944855000 	C:\WINDOWS\SYSTEM32\windows.storage.dll
0x00007ff949120000 - 0x00007ff949474000 	C:\WINDOWS\System32\combase.dll
0x00007ff946120000 - 0x00007ff94614b000 	C:\WINDOWS\SYSTEM32\Wldp.dll
0x00007ff948e30000 - 0x00007ff948efd000 	C:\WINDOWS\System32\OLEAUT32.dll
0x00007ff948f90000 - 0x00007ff94903d000 	C:\WINDOWS\System32\SHCORE.dll
0x00007ff948870000 - 0x00007ff9488cb000 	C:\WINDOWS\System32\shlwapi.dll
0x00007ff946e00000 - 0x00007ff946e24000 	C:\WINDOWS\SYSTEM32\profapi.dll
0x00007ff8f5960000 - 0x00007ff8f5a36000 	C:\Users\akaza\.jdks\ms-21.0.9\bin\jsvml.dll
0x00007ff925b00000 - 0x00007ff925b18000 	C:\Users\akaza\.jdks\ms-21.0.9\bin\zip.dll
0x00007ff920350000 - 0x00007ff920361000 	C:\Users\akaza\.jdks\ms-21.0.9\bin\net.dll
0x00007ff942900000 - 0x00007ff942a0a000 	C:\WINDOWS\SYSTEM32\WINHTTP.dll
0x00007ff946070000 - 0x00007ff9460da000 	C:\WINDOWS\system32\mswsock.dll
0x00007ff91f730000 - 0x00007ff91f746000 	C:\Users\akaza\.jdks\ms-21.0.9\bin\nio.dll
0x00007ff93fcb0000 - 0x00007ff93fcc0000 	C:\Users\akaza\.jdks\ms-21.0.9\bin\verify.dll
0x00007ff93fc40000 - 0x00007ff93fc67000 	C:\Users\akaza\.gradle\native\1def1411415f61bf3af743bc5b6707747c0891f09f0c88961ee8f79bc544acac\windows-amd64\native-platform.dll
0x00007ff8f5ea0000 - 0x00007ff8f5f17000 	C:\Users\akaza\.gradle\native\0.2.8\x86_64-windows-gnu\gradle-fileevents.dll
0x00007ff93efd0000 - 0x00007ff93efda000 	C:\Users\akaza\.jdks\ms-21.0.9\bin\management.dll
0x00007ff93b020000 - 0x00007ff93b02c000 	C:\Users\akaza\.jdks\ms-21.0.9\bin\management_ext.dll
0x00007ff948c30000 - 0x00007ff948c38000 	C:\WINDOWS\System32\PSAPI.DLL
0x00007ff945c10000 - 0x00007ff945c4b000 	C:\WINDOWS\SYSTEM32\IPHLPAPI.DLL
0x00007ff948dc0000 - 0x00007ff948dc8000 	C:\WINDOWS\System32\NSI.dll
0x00007ff93a4f0000 - 0x00007ff93a4f9000 	C:\Users\akaza\.jdks\ms-21.0.9\bin\extnet.dll
0x00007ff946c40000 - 0x00007ff946c58000 	C:\WINDOWS\SYSTEM32\CRYPTSP.dll
0x00007ff945880000 - 0x00007ff9458b8000 	C:\WINDOWS\system32\rsaenh.dll
0x00007ff946d80000 - 0x00007ff946dae000 	C:\WINDOWS\SYSTEM32\USERENV.dll
0x00007ff9461a0000 - 0x00007ff9461ac000 	C:\WINDOWS\SYSTEM32\CRYPTBASE.dll
0x00007ff938420000 - 0x00007ff93842e000 	C:\Users\akaza\.jdks\ms-21.0.9\bin\sunmscapi.dll
0x00007ff947500000 - 0x00007ff94765d000 	C:\WINDOWS\System32\CRYPT32.dll
0x00007ff946240000 - 0x00007ff946267000 	C:\WINDOWS\SYSTEM32\ncrypt.dll
0x00007ff946200000 - 0x00007ff94623b000 	C:\WINDOWS\SYSTEM32\NTASN1.dll
0x00007ff927440000 - 0x00007ff927447000 	C:\WINDOWS\system32\wshunix.dll

JVMTI agents:
C:\Users\akaza\.gradle\wrapper\dists\gradle-9.0.0-all\bslsdt4hlv6gkyka2jcuzrejl\gradle-9.0.0\lib\agents\gradle-instrumentation-agent-9.0.0.jar path:C:\Users\akaza\.jdks\ms-21.0.9\bin\instrument.dll, loaded, initialized, instrumentlib options:none

dbghelp: loaded successfully - version: 4.0.5 - missing functions: none
symbol engine: initialized successfully - sym options: 0x614 - pdb path: .;C:\Users\akaza\.jdks\ms-21.0.9\bin;C:\WINDOWS\SYSTEM32;C:\WINDOWS\WinSxS\amd64_microsoft.windows.common-controls_6595b64144ccf1df_6.0.19041.6456_none_60b8a6cb71f64256;C:\Users\akaza\.jdks\ms-21.0.9\bin\server;C:\Users\akaza\.gradle\native\1def1411415f61bf3af743bc5b6707747c0891f09f0c88961ee8f79bc544acac\windows-amd64;C:\Users\akaza\.gradle\native\0.2.8\x86_64-windows-gnu

VM Arguments:
jvm_args: --add-opens=java.base/java.lang=ALL-UNNAMED --add-opens=java.base/java.lang.invoke=ALL-UNNAMED --add-opens=java.base/java.util=ALL-UNNAMED --add-opens=java.prefs/java.util.prefs=ALL-UNNAMED --add-exports=jdk.compiler/com.sun.tools.javac.api=ALL-UNNAMED --add-exports=jdk.compiler/com.sun.tools.javac.util=ALL-UNNAMED --add-opens=java.base/java.util=ALL-UNNAMED --add-opens=java.prefs/java.util.prefs=ALL-UNNAMED --add-opens=java.base/java.nio.charset=ALL-UNNAMED --add-opens=java.base/java.net=ALL-UNNAMED --add-opens=java.base/java.util.concurrent=ALL-UNNAMED --add-opens=java.base/java.util.concurrent.atomic=ALL-UNNAMED --add-opens=java.xml/javax.xml.namespace=ALL-UNNAMED -XX:MaxMetaspaceSize=384m -XX:+HeapDumpOnOutOfMemoryError -Xms256m -Xmx512m -Dfile.encoding=UTF-8 -Duser.country=RU -Duser.language=ru -Duser.variant -javaagent:C:\Users\akaza\.gradle\wrapper\dists\gradle-9.0.0-all\bslsdt4hlv6gkyka2jcuzrejl\gradle-9.0.0\lib\agents\gradle-instrumentation-agent-9.0.0.jar 
java_command: org.gradle.launcher.daemon.bootstrap.GradleDaemon 9.0.0
java_class_path (initial): C:\Users\akaza\.gradle\wrapper\dists\gradle-9.0.0-all\bslsdt4hlv6gkyka2jcuzrejl\gradle-9.0.0\lib\gradle-daemon-main-9.0.0.jar
Launcher Type: SUN_STANDARD

[Global flags]
     intx CICompilerCount                          = 12                                        {product} {ergonomic}
   size_t CompressedClassSpaceSize                 = 335544320                                 {product} {ergonomic}
     uint ConcGCThreads                            = 3                                         {product} {ergonomic}
     uint G1ConcRefinementThreads                  = 13                                        {product} {ergonomic}
   size_t G1HeapRegionSize                         = 1048576                                   {product} {ergonomic}
    uintx GCDrainStackTargetSize                   = 64                                        {product} {ergonomic}
     bool HeapDumpOnOutOfMemoryError               = true                                   {manageable} {command line}
   size_t InitialHeapSize                          = 268435456                                 {product} {command line}
   size_t MarkStackSize                            = 4194304                                   {product} {ergonomic}
   size_t MaxHeapSize                              = 536870912                                 {product} {command line}
   size_t MaxMetaspaceSize                         = 402653184                                 {product} {command line}
   size_t MaxNewSize                               = 321912832                                 {product} {ergonomic}
   size_t MinHeapDeltaBytes                        = 1048576                                   {product} {ergonomic}
   size_t MinHeapSize                              = 268435456                                 {product} {command line}
    uintx NonNMethodCodeHeapSize                   = 7602480                                {pd product} {ergonomic}
    uintx NonProfiledCodeHeapSize                  = 122027880                              {pd product} {ergonomic}
    uintx ProfiledCodeHeapSize                     = 122027880                              {pd product} {ergonomic}
    uintx ReservedCodeCacheSize                    = 251658240                              {pd product} {ergonomic}
     bool SegmentedCodeCache                       = true                                      {product} {ergonomic}
   size_t SoftMaxHeapSize                          = 536870912                              {manageable} {ergonomic}
     bool UseCompressedOops                        = true                           {product lp64_product} {ergonomic}
     bool UseG1GC                                  = true                                      {product} {ergonomic}
     bool UseLargePagesIndividualAllocation        = false                                  {pd product} {ergonomic}

Logging:
Log output configuration:
 #0: stdout all=warning uptime,level,tags foldmultilines=false
 #1: stderr all=off uptime,level,tags foldmultilines=false

Release file:
IMPLEMENTOR="Microsoft" 
IMPLEMENTOR_VERSION="Microsoft-12574459" 
JAVA_RUNTIME_VERSION="21.0.9+10-LTS" 
JAVA_VERSION="21.0.9" 
JAVA_VERSION_DATE="2025-10-21" 
LIBC="default" 
MODULES="java.base java.compiler java.datatransfer java.xml java.prefs java.desktop java.instrument java.logging java.management java.security.sasl java.naming java.rmi java.management.rmi java.net.http java.scripting java.security.jgss java.transaction.xa java.sql java.sql.rowset java.xml.crypto java.se java.smartcardio jdk.accessibility jdk.internal.jvmstat jdk.attach jdk.charsets jdk.internal.opt jdk.zipfs jdk.compiler jdk.crypto.ec jdk.crypto.cryptoki jdk.crypto.mscapi jdk.dynalink jdk.internal.ed jdk.editpad jdk.hotspot.agent jdk.httpserver jdk.incubator.vector jdk.internal.le jdk.internal.vm.ci jdk.internal.vm.compiler jdk.internal.vm.compiler.management jdk.jartool jdk.javadoc jdk.jcmd jdk.management jdk.management.agent jdk.jconsole jdk.jdeps jdk.jdwp.agent jdk.jdi jdk.jfr jdk.jlink jdk.jpackage jdk.jshell jdk.jsobject jdk.jstatd jdk.localedata jdk.management.jfr jdk.naming.dns jdk.naming.rmi jdk.net jdk.nio.mapmode jdk.random jdk.sctp jdk.security.auth jdk.security.jgss jdk.unsupported jdk.unsupported.desktop jdk.xml.dom" 
OS_ARCH="x86_64" 
OS_NAME="Windows" 
SOURCE=".:git:e0bc49609000" 

Environment Variables:
JAVA_HOME=C:\Program Files\Java\jdk-21
PATH=C:\Program Files\Common Files\Oracle\Java\javapath;C:\WINDOWS\system32;C:\WINDOWS;C:\WINDOWS\System32\Wbem;C:\WINDOWS\System32\WindowsPowerShell\v1.0\;C:\WINDOWS\System32\OpenSSH\;C:\Program Files (x86)\dotnet\;C:\Program Files (x86)\NVIDIA Corporation\PhysX\Common;C:\Program Files\Git\cmd;C:\Program Files (x86)\Common Files\Acronis\SnapAPI\;C:\Program Files\NVIDIA Corporation\NVIDIA App\NvDLISR;C:\Program Files\Cloudflare\Cloudflare WARP\;C:\Program Files\Docker\Docker\resources\bin;D:\Programs\Minikube;C:\Users\akaza\AppData\Local\Microsoft\WindowsApps;C:\Program Files\JetBrains\IntelliJ IDEA Community Edition 2022.3.1\bin;;C:\Program Files\Java\jdk-21\bin;C:\Program Files\Microsoft VS Code\bin;C:\Program Files\JetBrains\PyCharm Community Edition 2022.3.2\bin;;C:\Program Files\JetBrains\IntelliJ IDEA 2022.2\bin;;C:\Program Files\Gradle\gradle-9.2.1\bin;D:\Programs\apache-maven-3.9.14\bin;
USERNAME=akaza
OS=Windows_NT
PROCESSOR_IDENTIFIER=AMD64 Family 25 Model 80 Stepping 0, AuthenticAMD
TMP=C:\Users\akaza\AppData\Local\Temp
TEMP=C:\Users\akaza\AppData\Local\Temp




Periodic native trim disabled

---------------  S Y S T E M  ---------------

OS:
 Windows 10 , 64 bit Build 19041 (10.0.19041.5915)
OS uptime: 17 days 3:27 hours
Hyper-V role detected

CPU: total 16 (initial active 16) (16 cores per cpu, 2 threads per core) family 25 model 80 stepping 0 microcode 0x0, cx8, cmov, fxsr, ht, mmx, 3dnowpref, sse, sse2, sse3, ssse3, sse4a, sse4.1, sse4.2, popcnt, lzcnt, tsc, tscinvbit, avx, avx2, aes, erms, clmul, bmi1, bmi2, adx, sha, fma, vzeroupper, clflush, clflushopt, hv, rdtscp, rdpid, fsrm, f16c, cet_ss
Processor Information for the first 16 processors :
  Max Mhz: 3201, Current Mhz: 3201, Mhz Limit: 3201

Memory: 4k page, system-wide physical 15775M (3324M free)
TotalPageFile size 41382M (AvailPageFile size 4M)
current process WorkingSet (physical memory assigned to process): 177M, peak: 177M
current process commit charge ("private bytes"): 416M, peak: 417M

vm_info: OpenJDK 64-Bit Server VM (21.0.9+10-LTS) for windows-amd64 JRE (21.0.9+10-LTS), built on 2025-10-13T22:04:36Z by "MicrosoftCorporation" with unknown MS VC++:1944

END.
